{
'kotlin-project:sources/kotlin/corda/samples/simm-valuation-demo/src/main/kotlin/net/corda/vega/api/PortfolioApiUtils.kt':[
128,
],
'kotlin-project:sources/kotlin/intellij-rust/src/main/kotlin/org/rust/lang/core/types/infer/TypeInference.kt':[
1400,
],
'kotlin-project:sources/kotlin/kotlin/core/reflection.jvm/src/kotlin/reflect/full/KClassifiers.kt':[
56,
],
}
