{
'kotlin-project:sources/kotlin/corda/core/src/main/kotlin/net/corda/core/contracts/ContractsDSL.kt':[
42,
43,
56,
57,
],
'kotlin-project:sources/kotlin/corda/core/src/main/kotlin/net/corda/core/contracts/UniqueIdentifier.kt':[
35,
],
'kotlin-project:sources/kotlin/corda/node/src/main/kotlin/net/corda/node/services/vault/HibernateQueryCriteriaParser.kt':[
304,
],
'kotlin-project:sources/kotlin/intellij-rust/src/main/kotlin/org/rust/ide/typing/RsQuoteHandler.kt':[
45,
],
'kotlin-project:sources/kotlin/intellij-rust/src/main/kotlin/org/rust/lang/core/completion/RsMacroDefinitionCompletionProvider.kt':[
38,
],
'kotlin-project:sources/kotlin/intellij-rust/src/main/kotlin/org/rust/lang/core/lexer/RustEscapesLexer.kt':[
119,
],
'kotlin-project:sources/kotlin/intellij-rust/src/main/kotlin/org/rust/lang/core/types/infer/Fold.kt':[
99,
],
'kotlin-project:sources/kotlin/kotlin/buildSrc/src/main/kotlin/CommonUtil.kt':[
64,
],
'kotlin-project:sources/kotlin/kotlin/compiler/backend/src/org/jetbrains/kotlin/codegen/inline/MethodInliner.kt':[
254,
],
'kotlin-project:sources/kotlin/kotlin/compiler/frontend/src/org/jetbrains/kotlin/resolve/calls/smartcasts/DataFlowValueKindUtils.kt':[
142,
],
'kotlin-project:sources/kotlin/kotlin/compiler/frontend/src/org/jetbrains/kotlin/util/PerformanceCounter.kt':[
200,
],
'kotlin-project:sources/kotlin/kotlin/compiler/light-classes/src/org/jetbrains/kotlin/asJava/elements/KtLightMemberImpl.kt':[
108,
],
'kotlin-project:sources/kotlin/kotlin/compiler/resolution/src/org/jetbrains/kotlin/contracts/model/visitors/Reducer.kt':[
55,
],
'kotlin-project:sources/kotlin/kotlin/compiler/resolution/src/org/jetbrains/kotlin/resolve/multiplatform/ExpectedActualResolver.kt':[
297,
],
'kotlin-project:sources/kotlin/kotlin/core/descriptors/src/org/jetbrains/kotlin/descriptors/annotations/Annotations.kt':[
84,
],
'kotlin-project:sources/kotlin/kotlin/idea/formatter/src/org/jetbrains/kotlin/idea/formatter/KotlinCommonBlock.kt':[
436,
],
'kotlin-project:sources/kotlin/kotlin/idea/ide-common/src/org/jetbrains/kotlin/idea/codeInsight/ReferenceVariantsHelper.kt':[
268,
],
'kotlin-project:sources/kotlin/kotlin/idea/ide-common/src/org/jetbrains/kotlin/resolve/lazy/PartialBodyResolveFilter.kt':[
551,
],
'kotlin-project:sources/kotlin/kotlin/idea/idea-analysis/src/org/jetbrains/kotlin/idea/search/usagesSearch/utils.kt':[
177,
],
'kotlin-project:sources/kotlin/kotlin/idea/idea-android/tests/org/jetbrains/kotlin/android/intention/AbstractAndroidResourceIntentionTest.kt':[
49,
],
'kotlin-project:sources/kotlin/kotlin/idea/idea-completion/tests/org/jetbrains/kotlin/idea/completion/test/handlers/CompletionHandlerTestBase.kt':[
67,
],
'kotlin-project:sources/kotlin/kotlin/idea/idea-core/src/org/jetbrains/kotlin/idea/core/psiModificationUtils.kt':[
121,
],
'kotlin-project:sources/kotlin/kotlin/idea/idea-gradle/src/org/jetbrains/kotlin/idea/configuration/GroovyBuildScriptManipulator.kt':[
290,
],
'kotlin-project:sources/kotlin/kotlin/idea/idea-jvm/src/org/jetbrains/kotlin/idea/debugger/filter/KotlinSyntheticTypeComponentProvider.kt':[
70,
],
'kotlin-project:sources/kotlin/kotlin/idea/src/org/jetbrains/kotlin/idea/actions/internal/SearchNotPropertyCandidatesAction.kt':[
112,
],
'kotlin-project:sources/kotlin/kotlin/idea/src/org/jetbrains/kotlin/idea/codeInliner/CodeInliner.kt':[
330,
331,
334,
],
'kotlin-project:sources/kotlin/kotlin/idea/src/org/jetbrains/kotlin/idea/findUsages/handlers/KotlinFindUsagesHandler.kt':[
136,
],
'kotlin-project:sources/kotlin/kotlin/idea/src/org/jetbrains/kotlin/idea/intentions/branchedTransformations/BranchedFoldingUtils.kt':[
103,
],
'kotlin-project:sources/kotlin/kotlin/idea/src/org/jetbrains/kotlin/idea/search/ideaExtensions/KotlinClassesWithAnnotatedMembersSearcher.kt':[
43,
],
'kotlin-project:sources/kotlin/kotlin/idea/src/org/jetbrains/kotlin/idea/search/ideaExtensions/KotlinDefinitionsSearcher.kt':[
62,
144,
],
'kotlin-project:sources/kotlin/kotlin/j2k/src/org/jetbrains/kotlin/j2k/AnnotationConverter.kt':[
57,
],
'kotlin-project:sources/kotlin/kotlin/j2k/src/org/jetbrains/kotlin/j2k/Converter.kt':[
220,
],
'kotlin-project:sources/kotlin/kotlin/j2k/src/org/jetbrains/kotlin/j2k/ExpressionConverter.kt':[
357,
],
'kotlin-project:sources/kotlin/kotlin/j2k/src/org/jetbrains/kotlin/j2k/ForConverter.kt':[
173,
174,
175,
176,
],
'kotlin-project:sources/kotlin/kotlin/j2k/src/org/jetbrains/kotlin/j2k/ReferenceSearcher.kt':[
69,
75,
],
'kotlin-project:sources/kotlin/kotlin/j2k/src/org/jetbrains/kotlin/j2k/TypeConverter.kt':[
118,
],
'kotlin-project:sources/kotlin/kotlin/j2k/src/org/jetbrains/kotlin/j2k/propertyDetection.kt':[
120,
],
'kotlin-project:sources/kotlin/kotlin/libraries/stdlib/common/src/generated/_Ranges.kt':[
65,
73,
81,
89,
105,
113,
121,
129,
153,
161,
185,
193,
201,
241,
],
'kotlin-project:sources/kotlin/kotlin/libraries/stdlib/jvm/src/kotlin/io/files/Utils.kt':[
190,
333,
361,
],
'kotlin-project:sources/kotlin/kotlin/libraries/stdlib/samples/test/samples/properties/delegates.kt':[
42,
],
}
