{
'kotlin-project:sources/kotlin/corda/client/rpc/src/integration-test/kotlin/net/corda/client/rpc/RPCStabilityTests.kt':[
217,
],
'kotlin-project:sources/kotlin/corda/core/src/test/kotlin/net/corda/core/flows/AttachmentTests.kt':[
45,
],
'kotlin-project:sources/kotlin/corda/samples/network-visualiser/src/main/kotlin/net/corda/netmap/VisualiserView.kt':[
227,
],
'kotlin-project:sources/kotlin/corda/samples/network-visualiser/src/main/kotlin/net/corda/netmap/VisualiserViewModel.kt':[
217,
],
'kotlin-project:sources/kotlin/corda/serialization/src/main/kotlin/net/corda/serialization/internal/carpenter/AMQPSchemaExtensions.kt':[
145,
],
'kotlin-project:sources/kotlin/corda/serialization/src/test/kotlin/net/corda/serialization/internal/AttachmentsClassLoaderTests.kt':[
99,
],
'kotlin-project:sources/kotlin/corda/serialization/src/test/kotlin/net/corda/serialization/internal/amqp/DeserializeSimpleTypesTests.kt':[
115,
153,
168,
203,
241,
286,
323,
360,
397,
436,
437,
510,
513,
],
'kotlin-project:sources/kotlin/corda/serialization/src/test/kotlin/net/corda/serialization/internal/amqp/GenericsTests.kt':[
154,
161,
168,
],
'kotlin-project:sources/kotlin/corda/tools/demobench/src/main/kotlin/net/corda/demobench/views/NodeTabView.kt':[
283,
],
'kotlin-project:sources/kotlin/intellij-rust/src/main/kotlin/org/rust/ide/folding/RsFoldingBuilder.kt':[
61,
],
'kotlin-project:sources/kotlin/intellij-rust/src/main/kotlin/org/rust/lang/utils/RsDiagnostic.kt':[
197,
],
'kotlin-project:sources/kotlin/kotlin/compiler/android-tests/tests/org/jetbrains/kotlin/android/tests/CodegenTestsOnAndroidGenerator.kt':[
172,
],
'kotlin-project:sources/kotlin/kotlin/compiler/ir/backend.jvm/src/org/jetbrains/kotlin/backend/jvm/codegen/IrSourceCompilerForInline.kt':[
84,
],
'kotlin-project:sources/kotlin/kotlin/compiler/resolution/src/org/jetbrains/kotlin/resolve/calls/NewCommonSuperTypeCalculator.kt':[
124,
],
'kotlin-project:sources/kotlin/kotlin/compiler/resolution/src/org/jetbrains/kotlin/resolve/calls/components/CallableReferenceResolver.kt':[
74,
],
'kotlin-project:sources/kotlin/kotlin/compiler/tests-common/tests/org/jetbrains/kotlin/daemon/LogCheckUtil.kt':[
35,
36,
],
'kotlin-project:sources/kotlin/kotlin/compiler/tests/org/jetbrains/kotlin/daemon/CompilerDaemonTest.kt':[
125,
127,
],
'kotlin-project:sources/kotlin/kotlin/idea/idea-completion/src/org/jetbrains/kotlin/idea/completion/KeywordCompletion.kt':[
219,
],
'kotlin-project:sources/kotlin/kotlin/idea/idea-completion/src/org/jetbrains/kotlin/idea/completion/handlers/handlerUtils.kt':[
94,
97,
],
'kotlin-project:sources/kotlin/kotlin/idea/idea-core/src/org/jetbrains/kotlin/idea/core/KotlinIndicesHelper.kt':[
337,
436,
460,
],
'kotlin-project:sources/kotlin/kotlin/idea/idea-core/src/org/jetbrains/kotlin/idea/j2k/IdeaDocCommentConverter.kt':[
256,
260,
],
'kotlin-project:sources/kotlin/kotlin/idea/idea-repl/src/org/jetbrains/kotlin/console/ReplColors.kt':[
34,
44,
],
'kotlin-project:sources/kotlin/kotlin/idea/src/org/jetbrains/kotlin/idea/actions/internal/benchmark/AbstractCompletionBenchmarkAction.kt':[
105,
110,
],
'kotlin-project:sources/kotlin/kotlin/idea/src/org/jetbrains/kotlin/idea/codeInsight/KotlinBreadcrumbsInfoProvider.kt':[
201,
],
'kotlin-project:sources/kotlin/kotlin/idea/src/org/jetbrains/kotlin/idea/formatter/ImportSettingsPanel.kt':[
186,
],
'kotlin-project:sources/kotlin/kotlin/idea/src/org/jetbrains/kotlin/idea/inspections/UnusedSymbolInspection.kt':[
184,
],
'kotlin-project:sources/kotlin/kotlin/idea/tests/org/jetbrains/kotlin/idea/decompiler/stubBuilder/AbstractClsStubBuilderTest.kt':[
111,
],
'kotlin-project:sources/kotlin/kotlin/idea/tests/org/jetbrains/kotlin/idea/scratch/AbstractScratchRunActionTest.kt':[
135,
],
'kotlin-project:sources/kotlin/kotlin/js/js.inliner/src/org/jetbrains/kotlin/js/inline/clean/TemporaryAssignmentElimination.kt':[
118,
],
'kotlin-project:sources/kotlin/kotlin/js/js.inliner/src/org/jetbrains/kotlin/js/inline/clean/TemporaryVariableElimination.kt':[
283,
299,
],
'kotlin-project:sources/kotlin/kotlin/js/js.parser/src/org/jetbrains/kotlin/js/parser/sourcemaps/JSON.kt':[
168,
169,
170,
172,
232,
],
'kotlin-project:sources/kotlin/kotlin/libraries/kotlin.test/js/it/src/test/kotlin/MainTest.kt':[
54,
],
'kotlin-project:sources/kotlin/kotlin/libraries/kotlin.test/jvm/src/test/kotlin/TestJVMTest.kt':[
33,
40,
50,
56,
],
'kotlin-project:sources/kotlin/kotlin/libraries/stdlib/common/src/generated/_Collections.kt':[
1852,
],
'kotlin-project:sources/kotlin/kotlin/libraries/stdlib/common/src/generated/_Sequences.kt':[
1382,
],
'kotlin-project:sources/kotlin/kotlin/libraries/stdlib/common/src/generated/_Sets.kt':[
28,
],
'kotlin-project:sources/kotlin/kotlin/libraries/stdlib/jvm/runtime/kotlin/jvm/internal/ArrayIterator.kt':[
11,
],
'kotlin-project:sources/kotlin/kotlin/libraries/stdlib/jvm/runtime/kotlin/jvm/internal/ArrayIterators.kt':[
13,
19,
25,
31,
37,
43,
49,
55,
],
'kotlin-project:sources/kotlin/kotlin/libraries/stdlib/jvm/test/io/FileTreeWalks.kt':[
157,
180,
],
'kotlin-project:sources/kotlin/kotlin/libraries/stdlib/jvm/test/utils/AssertionsJVMTest.kt':[
15,
],
'kotlin-project:sources/kotlin/kotlin/libraries/stdlib/jvm/test/utils/LazyJVMTest.kt':[
32,
114,
115,
],
'kotlin-project:sources/kotlin/kotlin/libraries/stdlib/src/kotlin/collections/SlidingWindow.kt':[
33,
],
'kotlin-project:sources/kotlin/kotlin/libraries/stdlib/test/collections/ArraysTest.kt':[
389,
395,
],
'kotlin-project:sources/kotlin/kotlin/libraries/stdlib/test/collections/CollectionTest.kt':[
708,
711,
717,
720,
],
'kotlin-project:sources/kotlin/kotlin/libraries/stdlib/test/properties/delegation/lazy/LazyValuesTest.kt':[
38,
61,
],
'kotlin-project:sources/kotlin/kotlin/libraries/stdlib/test/text/RegexTest.kt':[
36,
],
'kotlin-project:sources/kotlin/kotlin/libraries/stdlib/test/utils/PreconditionsTest.kt':[
16,
38,
],
'kotlin-project:sources/kotlin/kotlin/libraries/tools/idl2k/src/main/kotlin/typeMappings.kt':[
49,
],
'kotlin-project:sources/kotlin/kotlin/libraries/tools/kotlin-gradle-plugin-integration-tests/src/test/kotlin/org/jetbrains/kotlin/gradle/UpToDatenessIT.kt':[
150,
],
'kotlin-project:sources/kotlin/ktor/ktor-client/ktor-client-apache/src/io/ktor/client/engine/apache/ApacheEngineConfig.kt':[
52,
60,
],
'kotlin-project:sources/kotlin/ktor/ktor-client/ktor-client-core/src/io/ktor/client/request/HttpRequest.kt':[
92,
],
'kotlin-project:sources/kotlin/ktor/ktor-features/ktor-auth/src/io/ktor/auth/AuthenticationContext.kt':[
17,
],
'kotlin-project:sources/kotlin/ktor/ktor-features/ktor-server-sessions/src/io/ktor/sessions/Cache.kt':[
39,
40,
114,
],
'kotlin-project:sources/kotlin/ktor/ktor-features/ktor-server-sessions/test/io/ktor/tests/sessions/CacheTest.kt':[
15,
32,
56,
78,
92,
],
'kotlin-project:sources/kotlin/ktor/ktor-http-cio/src/io/ktor/http/cio/CIOMultipartData.kt':[
107,
],
'kotlin-project:sources/kotlin/ktor/ktor-http-cio/src/io/ktor/http/cio/websocket/Frame.kt':[
62,
],
'kotlin-project:sources/kotlin/ktor/ktor-http/src/io/ktor/http/Parameters.kt':[
58,
],
'kotlin-project:sources/kotlin/ktor/ktor-server/ktor-server-benchmarks/src-jmh/io/ktor/server/benchmarks/ChannelBenchmarks.kt':[
54,
],
'kotlin-project:sources/kotlin/ktor/ktor-server/ktor-server-core/src/io/ktor/content/StaticContentResolution.kt':[
68,
],
'kotlin-project:sources/kotlin/ktor/ktor-server/ktor-server-core/src/io/ktor/features/HttpsRedirect.kt':[
23,
],
'kotlin-project:sources/kotlin/ktor/ktor-server/ktor-server-core/src/io/ktor/sessions/SessionSerializerReflection.kt':[
121,
137,
152,
],
'kotlin-project:sources/kotlin/ktor/ktor-server/ktor-server-netty/src/io/ktor/server/netty/cio/RequestBodyHandler.kt':[
22,
],
'kotlin-project:sources/kotlin/ktor/ktor-server/ktor-server-tests/test/io/ktor/tests/server/http/URLBuilderTest.kt':[
63,
68,
69,
76,
],
}
