{
'kotlin-project:sources/kotlin/corda/core/src/main/kotlin/net/corda/core/CordaException.kt':[
53,
99,
],
'kotlin-project:sources/kotlin/corda/core/src/main/kotlin/net/corda/core/serialization/internal/SerializationEnvironment.kt':[
48,
],
'kotlin-project:sources/kotlin/corda/experimental/avalanche/src/main/kotlin/net/corda/avalanche/Main.kt':[
176,
],
'kotlin-project:sources/kotlin/corda/node-api/src/main/kotlin/net/corda/nodeapi/internal/config/ConfigUtilities.kt':[
213,
],
'kotlin-project:sources/kotlin/corda/node/src/main/kotlin/net/corda/node/internal/cordapp/CordappLoader.kt':[
253,
],
'kotlin-project:sources/kotlin/corda/node/src/main/kotlin/net/corda/node/serialization/kryo/CordaClassResolver.kt':[
66,
],
'kotlin-project:sources/kotlin/corda/node/src/main/kotlin/net/corda/node/services/transactions/BFTSMaRtConfig.kt':[
95,
],
'kotlin-project:sources/kotlin/corda/node/src/main/kotlin/net/corda/node/utilities/AddressUtils.kt':[
24,
],
'kotlin-project:sources/kotlin/corda/testing/test-utils/src/main/kotlin/net/corda/testing/internal/FlowStackSnapshot.kt':[
112,
],
'kotlin-project:sources/kotlin/intellij-rust/debugger/src/main/kotlin/org/rust/debugger/runconfig/RsDebugRunner.kt':[
184,
],
'kotlin-project:sources/kotlin/intellij-rust/src/main/kotlin/org/rust/cargo/project/configurable/RustProjectConfigurable.kt':[
120,
],
'kotlin-project:sources/kotlin/intellij-rust/src/main/kotlin/org/rust/ide/annotator/RsErrorAnnotator.kt':[
166,
],
'kotlin-project:sources/kotlin/intellij-rust/src/main/kotlin/org/rust/ide/formatter/impl/spacing.kt':[
172,
],
'kotlin-project:sources/kotlin/intellij-rust/src/main/kotlin/org/rust/ide/inspections/RsSuspiciousAssignmentInspection.kt':[
36,
],
'kotlin-project:sources/kotlin/intellij-rust/src/main/kotlin/org/rust/ide/inspections/import/AutoImportFix.kt':[
270,
],
'kotlin-project:sources/kotlin/intellij-rust/src/main/kotlin/org/rust/lang/core/completion/RsMacroDefinitionCompletionProvider.kt':[
50,
],
'kotlin-project:sources/kotlin/intellij-rust/src/main/kotlin/org/rust/lang/core/types/infer/TypeInference.kt':[
315,
],
'kotlin-project:sources/kotlin/intellij-rust/src/main/kotlin/org/rust/lang/refactoring/extractFunction/RsExtractFunctionConfig.kt':[
173,
],
'kotlin-project:sources/kotlin/kotlin/compiler/backend-common/src/org/jetbrains/kotlin/backend/common/CodegenUtil.kt':[
144,
],
'kotlin-project:sources/kotlin/kotlin/compiler/backend/src/org/jetbrains/kotlin/codegen/MultifileClassPartCodegen.kt':[
192,
],
'kotlin-project:sources/kotlin/kotlin/compiler/backend/src/org/jetbrains/kotlin/codegen/RangeCodegenUtil.kt':[
205,
],
'kotlin-project:sources/kotlin/kotlin/compiler/backend/src/org/jetbrains/kotlin/codegen/coroutines/CoroutineTransformerMethodVisitor.kt':[
394,
],
'kotlin-project:sources/kotlin/kotlin/compiler/backend/src/org/jetbrains/kotlin/codegen/inline/AnonymousObjectTransformer.kt':[
155,
],
'kotlin-project:sources/kotlin/kotlin/compiler/backend/src/org/jetbrains/kotlin/codegen/inline/MethodInlinerUtil.kt':[
123,
],
'kotlin-project:sources/kotlin/kotlin/compiler/backend/src/org/jetbrains/kotlin/codegen/inline/TransformationInfo.kt':[
97,
98,
],
'kotlin-project:sources/kotlin/kotlin/compiler/backend/src/org/jetbrains/kotlin/codegen/inline/inlineCodegenUtils.kt':[
547,
],
'kotlin-project:sources/kotlin/kotlin/compiler/backend/src/org/jetbrains/kotlin/codegen/optimization/boxing/RedundantBoxingMethodTransformer.kt':[
434,
],
'kotlin-project:sources/kotlin/kotlin/compiler/backend/src/org/jetbrains/kotlin/codegen/optimization/boxing/StackPeepholeOptimizationsTransformer.kt':[
118,
129,
],
'kotlin-project:sources/kotlin/kotlin/compiler/backend/src/org/jetbrains/kotlin/codegen/optimization/fixStack/FixStackContext.kt':[
94,
],
'kotlin-project:sources/kotlin/kotlin/compiler/backend/src/org/jetbrains/kotlin/codegen/range/forLoop/AbstractForInProgressionOrRangeLoopGenerator.kt':[
33,
],
'kotlin-project:sources/kotlin/kotlin/compiler/daemon/daemon-common/src/org/jetbrains/kotlin/daemon/common/DaemonParams.kt':[
293,
],
'kotlin-project:sources/kotlin/kotlin/compiler/frontend.java/src/org/jetbrains/kotlin/load/java/structure/impl/classFiles/ClassifierResolutionContext.kt':[
97,
],
'kotlin-project:sources/kotlin/kotlin/compiler/frontend/src/org/jetbrains/kotlin/cfg/ControlFlowInformationProvider.kt':[
236,
437,
517,
674,
],
'kotlin-project:sources/kotlin/kotlin/compiler/frontend/src/org/jetbrains/kotlin/resolve/DeclarationsChecker.kt':[
701,
771,
776,
],
'kotlin-project:sources/kotlin/kotlin/compiler/frontend/src/org/jetbrains/kotlin/resolve/calls/GenericCandidateResolver.kt':[
406,
],
'kotlin-project:sources/kotlin/kotlin/compiler/frontend/src/org/jetbrains/kotlin/resolve/calls/checkers/AbstractReflectionApiCallChecker.kt':[
68,
],
'kotlin-project:sources/kotlin/kotlin/compiler/frontend/src/org/jetbrains/kotlin/resolve/calls/checkers/LambdaWithSuspendModifierCallChecker.kt':[
47,
],
'kotlin-project:sources/kotlin/kotlin/compiler/frontend/src/org/jetbrains/kotlin/resolve/checkers/InlineClassDeclarationChecker.kt':[
78,
],
'kotlin-project:sources/kotlin/kotlin/compiler/light-classes/src/org/jetbrains/kotlin/asJava/duplicateJvmSignatureUtil.kt':[
124,
],
'kotlin-project:sources/kotlin/kotlin/compiler/light-classes/src/org/jetbrains/kotlin/asJava/elements/KtLightMethodImpl.kt':[
150,
151,
],
'kotlin-project:sources/kotlin/kotlin/compiler/light-classes/src/org/jetbrains/kotlin/asJava/lightClassUtils.kt':[
155,
],
'kotlin-project:sources/kotlin/kotlin/compiler/psi/src/org/jetbrains/kotlin/psi/KtFile.kt':[
195,
],
'kotlin-project:sources/kotlin/kotlin/compiler/resolution/src/org/jetbrains/kotlin/resolve/calls/components/ResolutionParts.kt':[
229,
],
'kotlin-project:sources/kotlin/kotlin/compiler/resolution/src/org/jetbrains/kotlin/resolve/calls/util/isFromStdlibJre7Or8.kt':[
49,
],
'kotlin-project:sources/kotlin/kotlin/compiler/resolution/src/org/jetbrains/kotlin/resolve/multiplatform/ExpectedActualResolver.kt':[
370,
],
'kotlin-project:sources/kotlin/kotlin/compiler/tests-common/tests/org/jetbrains/kotlin/checkers/CompilerTestLanguageVersionSettings.kt':[
58,
],
'kotlin-project:sources/kotlin/kotlin/compiler/tests-common/tests/org/jetbrains/kotlin/checkers/LazyOperationsLog.kt':[
128,
],
'kotlin-project:sources/kotlin/kotlin/compiler/tests/org/jetbrains/kotlin/jvm/compiler/CompileKotlinAgainstCustomBinariesTest.kt':[
460,
],
'kotlin-project:sources/kotlin/kotlin/compiler/tests/org/jetbrains/kotlin/util/KotlinVersionsTest.kt':[
39,
],
'kotlin-project:sources/kotlin/kotlin/core/builtins/src/kotlin/Progressions.kt':[
47,
47,
101,
101,
155,
155,
],
'kotlin-project:sources/kotlin/kotlin/core/builtins/src/kotlin/Ranges.kt':[
22,
48,
74,
],
'kotlin-project:sources/kotlin/kotlin/core/descriptors.jvm/src/org/jetbrains/kotlin/load/kotlin/JvmBuiltInsSettings.kt':[
294,
],
'kotlin-project:sources/kotlin/kotlin/core/descriptors/src/org/jetbrains/kotlin/builtins/ReflectionTypes.kt':[
164,
],
'kotlin-project:sources/kotlin/kotlin/core/descriptors/src/org/jetbrains/kotlin/resolve/constants/constantValues.kt':[
93,
],
'kotlin-project:sources/kotlin/kotlin/core/descriptors/src/org/jetbrains/kotlin/types/checker/NewKotlinTypeChecker.kt':[
482,
],
'kotlin-project:sources/kotlin/kotlin/core/metadata/src/org/jetbrains/kotlin/metadata/deserialization/BinaryVersion.kt':[
54,
],
'kotlin-project:sources/kotlin/kotlin/eval4j/src/org/jetbrains/eval4j/members.kt':[
32,
],
'kotlin-project:sources/kotlin/kotlin/idea/formatter/src/org/jetbrains/kotlin/idea/formatter/KotlinCommonBlock.kt':[
185,
],
'kotlin-project:sources/kotlin/kotlin/idea/formatter/src/org/jetbrains/kotlin/idea/formatter/KotlinSpacingBuilder.kt':[
60,
],
'kotlin-project:sources/kotlin/kotlin/idea/ide-common/src/org/jetbrains/kotlin/idea/util/psi/patternMatching/KotlinPsiUnifier.kt':[
528,
529,
],
'kotlin-project:sources/kotlin/kotlin/idea/idea-analysis/src/org/jetbrains/kotlin/idea/caches/lightClasses/IDELightClassContexts.kt':[
206,
],
'kotlin-project:sources/kotlin/kotlin/idea/idea-analysis/src/org/jetbrains/kotlin/idea/caches/project/IdeaModuleInfos.kt':[
97,
],
'kotlin-project:sources/kotlin/kotlin/idea/idea-analysis/src/org/jetbrains/kotlin/idea/references/referenceUtil.kt':[
185,
],
'kotlin-project:sources/kotlin/kotlin/idea/idea-android/idea-android-output-parser/src/org/jetbrains/kotlin/android/KotlinOutputParserHelper.kt':[
109,
],
'kotlin-project:sources/kotlin/kotlin/idea/idea-android/src/org/jetbrains/kotlin/android/ParcelableUtil.kt':[
69,
232,
],
'kotlin-project:sources/kotlin/kotlin/idea/idea-android/src/org/jetbrains/kotlin/android/folding/ResourceFoldingBuilder.kt':[
74,
117,
],
'kotlin-project:sources/kotlin/kotlin/idea/idea-android/src/org/jetbrains/kotlin/android/intention/AbstractRegisterComponentAction.kt':[
39,
],
'kotlin-project:sources/kotlin/kotlin/idea/idea-android/src/org/jetbrains/kotlin/android/quickfix/AddTargetApiQuickFix.kt':[
84,
],
'kotlin-project:sources/kotlin/kotlin/idea/idea-android/src/org/jetbrains/kotlin/android/quickfix/AddTargetVersionCheckQuickFix.kt':[
68,
],
'kotlin-project:sources/kotlin/kotlin/idea/idea-completion/src/org/jetbrains/kotlin/idea/completion/BasicCompletionSession.kt':[
408,
],
'kotlin-project:sources/kotlin/kotlin/idea/idea-core/src/org/jetbrains/kotlin/idea/core/KotlinIndicesHelper.kt':[
285,
],
'kotlin-project:sources/kotlin/kotlin/idea/idea-live-templates/src/org/jetbrains/kotlin/idea/liveTemplates/macro/AnonymousSuperMacro.kt':[
77,
],
'kotlin-project:sources/kotlin/kotlin/idea/idea-maven/src/org/jetbrains/kotlin/idea/maven/PomFile.kt':[
659,
],
'kotlin-project:sources/kotlin/kotlin/idea/idea-maven/src/org/jetbrains/kotlin/idea/maven/inspections/KotlinMavenPluginPhaseInspection.kt':[
109,
],
'kotlin-project:sources/kotlin/kotlin/idea/src/org/jetbrains/kotlin/idea/KotlinFoldingBuilder.kt':[
107,
],
'kotlin-project:sources/kotlin/kotlin/idea/src/org/jetbrains/kotlin/idea/KotlinPairMatcher.kt':[
31,
],
'kotlin-project:sources/kotlin/kotlin/idea/src/org/jetbrains/kotlin/idea/actions/generate/KotlinGenerateEqualsAndHashcodeAction.kt':[
80,
],
'kotlin-project:sources/kotlin/kotlin/idea/src/org/jetbrains/kotlin/idea/actions/generate/KotlinGenerateSecondaryConstructorAction.kt':[
62,
],
'kotlin-project:sources/kotlin/kotlin/idea/src/org/jetbrains/kotlin/idea/actions/internal/SearchNotPropertyCandidatesAction.kt':[
86,
87,
],
'kotlin-project:sources/kotlin/kotlin/idea/src/org/jetbrains/kotlin/idea/codeInliner/CodeInliner.kt':[
78,
],
'kotlin-project:sources/kotlin/kotlin/idea/src/org/jetbrains/kotlin/idea/editor/KotlinQuoteHandler.kt':[
55,
],
'kotlin-project:sources/kotlin/kotlin/idea/src/org/jetbrains/kotlin/idea/findUsages/KotlinFindUsagesHandlerFactory.kt':[
50,
],
'kotlin-project:sources/kotlin/kotlin/idea/src/org/jetbrains/kotlin/idea/findUsages/handlers/KotlinFindClassUsagesHandler.kt':[
174,
],
'kotlin-project:sources/kotlin/kotlin/idea/src/org/jetbrains/kotlin/idea/hierarchy/calls/callHierarchyUtils.kt':[
31,
],
'kotlin-project:sources/kotlin/kotlin/idea/src/org/jetbrains/kotlin/idea/highlighter/KotlinRainbowVisitor.kt':[
105,
],
'kotlin-project:sources/kotlin/kotlin/idea/src/org/jetbrains/kotlin/idea/highlighter/markers/OverridenPropertyMarker.kt':[
129,
],
'kotlin-project:sources/kotlin/kotlin/idea/src/org/jetbrains/kotlin/idea/inspections/MayBeConstantInspection.kt':[
61,
],
'kotlin-project:sources/kotlin/kotlin/idea/src/org/jetbrains/kotlin/idea/inspections/PublicApiImplicitTypeInspection.kt':[
34,
],
'kotlin-project:sources/kotlin/kotlin/idea/src/org/jetbrains/kotlin/idea/inspections/ReplaceWithOperatorAssignmentInspection.kt':[
96,
],
'kotlin-project:sources/kotlin/kotlin/idea/src/org/jetbrains/kotlin/idea/inspections/UnusedSymbolInspection.kt':[
219,
355,
],
'kotlin-project:sources/kotlin/kotlin/idea/src/org/jetbrains/kotlin/idea/intentions/AddAccessorIntentions.kt':[
35,
],
'kotlin-project:sources/kotlin/kotlin/idea/src/org/jetbrains/kotlin/idea/intentions/ConvertFunctionTypeParameterToReceiverIntention.kt':[
241,
],
'kotlin-project:sources/kotlin/kotlin/idea/src/org/jetbrains/kotlin/idea/intentions/ConvertLambdaToReferenceIntention.kt':[
117,
],
'kotlin-project:sources/kotlin/kotlin/idea/src/org/jetbrains/kotlin/idea/intentions/ConvertPropertyToFunctionIntention.kt':[
195,
],
'kotlin-project:sources/kotlin/kotlin/idea/src/org/jetbrains/kotlin/idea/intentions/JoinDeclarationAndAssignmentIntention.kt':[
56,
],
'kotlin-project:sources/kotlin/kotlin/idea/src/org/jetbrains/kotlin/idea/intentions/MovePropertyToClassBodyIntention.kt':[
76,
],
'kotlin-project:sources/kotlin/kotlin/idea/src/org/jetbrains/kotlin/idea/intentions/MovePropertyToConstructorIntention.kt':[
62,
],
'kotlin-project:sources/kotlin/kotlin/idea/src/org/jetbrains/kotlin/idea/intentions/SimplifyBooleanWithConstantsIntention.kt':[
110,
],
'kotlin-project:sources/kotlin/kotlin/idea/src/org/jetbrains/kotlin/idea/parameterInfo/KotlinInlayParameterHintsProvider.kt':[
43,
],
'kotlin-project:sources/kotlin/kotlin/idea/src/org/jetbrains/kotlin/idea/quickfix/AddConstModifierFix.kt':[
72,
],
'kotlin-project:sources/kotlin/kotlin/idea/src/org/jetbrains/kotlin/idea/quickfix/AddModifierFix.kt':[
122,
],
'kotlin-project:sources/kotlin/kotlin/idea/src/org/jetbrains/kotlin/idea/quickfix/QuickFixActionBase.kt':[
46,
],
'kotlin-project:sources/kotlin/kotlin/idea/src/org/jetbrains/kotlin/idea/quickfix/QuickFixFactoryForTypeMismatchError.kt':[
248,
],
'kotlin-project:sources/kotlin/kotlin/idea/src/org/jetbrains/kotlin/idea/quickfix/ReplaceObsoleteLabelSyntaxFix.kt':[
45,
],
'kotlin-project:sources/kotlin/kotlin/idea/src/org/jetbrains/kotlin/idea/quickfix/TypeOfAnnotationMemberFix.kt':[
76,
],
'kotlin-project:sources/kotlin/kotlin/idea/src/org/jetbrains/kotlin/idea/quickfix/createFromUsage/callableBuilder/CallableBuilder.kt':[
478,
981,
],
'kotlin-project:sources/kotlin/kotlin/idea/src/org/jetbrains/kotlin/idea/quickfix/createFromUsage/createCallable/CreateCallableFromUsageFix.kt':[
167,
],
'kotlin-project:sources/kotlin/kotlin/idea/src/org/jetbrains/kotlin/idea/quickfix/createFromUsage/createTypeParameter/CreateTypeParameterByUnresolvedRefActionFactory.kt':[
108,
108,
],
'kotlin-project:sources/kotlin/kotlin/idea/src/org/jetbrains/kotlin/idea/quickfix/createFromUsage/createVariable/CreateParameterByRefActionFactory.kt':[
82,
],
'kotlin-project:sources/kotlin/kotlin/idea/src/org/jetbrains/kotlin/idea/quickfix/migration/MigrateExternalExtensionFix.kt':[
212,
],
'kotlin-project:sources/kotlin/kotlin/idea/src/org/jetbrains/kotlin/idea/refactoring/AbstractPullPushMembersHandler.kt':[
66,
],
'kotlin-project:sources/kotlin/kotlin/idea/src/org/jetbrains/kotlin/idea/refactoring/changeSignature/KotlinChangeSignatureHandler.kt':[
87,
],
'kotlin-project:sources/kotlin/kotlin/idea/src/org/jetbrains/kotlin/idea/refactoring/changeSignature/KotlinChangeSignatureUsageProcessor.kt':[
282,
288,
],
'kotlin-project:sources/kotlin/kotlin/idea/src/org/jetbrains/kotlin/idea/refactoring/changeSignature/changeSignatureUtils.kt':[
64,
],
'kotlin-project:sources/kotlin/kotlin/idea/src/org/jetbrains/kotlin/idea/refactoring/changeSignature/usages/KotlinFunctionCallUsage.kt':[
353,
417,
],
'kotlin-project:sources/kotlin/kotlin/idea/src/org/jetbrains/kotlin/idea/refactoring/elementSelectionUtils.kt':[
99,
],
'kotlin-project:sources/kotlin/kotlin/idea/src/org/jetbrains/kotlin/idea/refactoring/introduce/extractClass/ui/KotlinExtractInterfaceDialog.kt':[
67,
],
'kotlin-project:sources/kotlin/kotlin/idea/src/org/jetbrains/kotlin/idea/refactoring/introduce/extractionEngine/ExtractableCodeDescriptor.kt':[
412,
],
'kotlin-project:sources/kotlin/kotlin/idea/src/org/jetbrains/kotlin/idea/refactoring/introduce/extractionEngine/inferParameterInfo.kt':[
211,
],
'kotlin-project:sources/kotlin/kotlin/idea/src/org/jetbrains/kotlin/idea/refactoring/introduce/introduceParameter/KotlinIntroduceParameterHandler.kt':[
198,
198,
300,
],
'kotlin-project:sources/kotlin/kotlin/idea/src/org/jetbrains/kotlin/idea/refactoring/kotlinRefactoringUtil.kt':[
188,
],
'kotlin-project:sources/kotlin/kotlin/idea/src/org/jetbrains/kotlin/idea/refactoring/memberInfo/KotlinClassMembersRefactoringSupport.kt':[
35,
],
'kotlin-project:sources/kotlin/kotlin/idea/src/org/jetbrains/kotlin/idea/refactoring/memberInfo/KotlinMemberInfoStorage.kt':[
95,
],
'kotlin-project:sources/kotlin/kotlin/idea/src/org/jetbrains/kotlin/idea/refactoring/move/moveDeclarations/MoveKotlinDeclarationsHandler.kt':[
177,
192,
],
'kotlin-project:sources/kotlin/kotlin/idea/src/org/jetbrains/kotlin/idea/refactoring/move/moveUtils.kt':[
161,
],
'kotlin-project:sources/kotlin/kotlin/idea/src/org/jetbrains/kotlin/idea/refactoring/pullUp/KotlinPullUpDialog.kt':[
100,
],
'kotlin-project:sources/kotlin/kotlin/idea/src/org/jetbrains/kotlin/idea/refactoring/pullUp/pullUpUtils.kt':[
43,
],
'kotlin-project:sources/kotlin/kotlin/idea/src/org/jetbrains/kotlin/idea/refactoring/rename/KotlinMemberInplaceRenameHandler.kt':[
72,
],
'kotlin-project:sources/kotlin/kotlin/idea/src/org/jetbrains/kotlin/idea/refactoring/rename/RenameKotlinPropertyProcessor.kt':[
102,
311,
],
'kotlin-project:sources/kotlin/kotlin/idea/src/org/jetbrains/kotlin/idea/refactoring/rename/RenameKotlinPsiProcessor.kt':[
54,
],
'kotlin-project:sources/kotlin/kotlin/idea/src/org/jetbrains/kotlin/idea/refactoring/safeDelete/utils.kt':[
45,
],
'kotlin-project:sources/kotlin/kotlin/idea/src/org/jetbrains/kotlin/idea/slicer/KotlinSliceProvider.kt':[
82,
],
'kotlin-project:sources/kotlin/kotlin/idea/src/org/jetbrains/kotlin/idea/slicer/KotlinSliceUsageCellRenderer.kt':[
59,
],
'kotlin-project:sources/kotlin/kotlin/idea/tests/org/jetbrains/kotlin/idea/actions/AbstractNavigationTest.kt':[
54,
],
'kotlin-project:sources/kotlin/kotlin/idea/tests/org/jetbrains/kotlin/idea/caches/resolve/IdeaModuleInfoTest.kt':[
409,
],
'kotlin-project:sources/kotlin/kotlin/j2k/src/org/jetbrains/kotlin/j2k/ClassBodyConverter.kt':[
136,
],
'kotlin-project:sources/kotlin/kotlin/j2k/src/org/jetbrains/kotlin/j2k/Converter.kt':[
452,
],
'kotlin-project:sources/kotlin/kotlin/j2k/src/org/jetbrains/kotlin/j2k/ExpressionConverter.kt':[
602,
],
'kotlin-project:sources/kotlin/kotlin/jps-plugin/src/org/jetbrains/kotlin/jps/build/KotlinBuilder.kt':[
88,
],
'kotlin-project:sources/kotlin/kotlin/js/js.dce/src/org/jetbrains/kotlin/js/dce/Context.kt':[
113,
],
'kotlin-project:sources/kotlin/kotlin/js/js.frontend/src/org/jetbrains/kotlin/js/resolve/diagnostics/JsNameClashChecker.kt':[
65,
],
'kotlin-project:sources/kotlin/kotlin/js/js.frontend/src/org/jetbrains/kotlin/js/resolve/nativeAnnotationCheckers.kt':[
50,
],
'kotlin-project:sources/kotlin/kotlin/js/js.translator/src/org/jetbrains/kotlin/js/translate/context/UsageTracker.kt':[
72,
],
'kotlin-project:sources/kotlin/kotlin/libraries/stdlib/jvm/src/kotlin/ranges/RangesJVM.kt':[
33,
],
'kotlin-project:sources/kotlin/kotlin/libraries/stdlib/src/kotlin/ranges/Ranges.kt':[
40,
71,
],
'kotlin-project:sources/kotlin/kotlin/libraries/stdlib/src/kotlin/util/KotlinVersion.kt':[
60,
],
'kotlin-project:sources/kotlin/kotlin/libraries/stdlib/unsigned/src/kotlin/UIntRange.kt':[
26,
74,
74,
],
'kotlin-project:sources/kotlin/kotlin/libraries/stdlib/unsigned/src/kotlin/ULongRange.kt':[
26,
74,
74,
],
'kotlin-project:sources/kotlin/kotlin/libraries/tools/binary-compatibility-validator/src/main/kotlin/org.jetbrains.kotlin.tools/kotlinVisibilities.kt':[
32,
],
'kotlin-project:sources/kotlin/kotlin/plugins/android-extensions/android-extensions-compiler/src/org/jetbrains/kotlin/android/parcel/ParcelableCodegenExtension.kt':[
352,
],
'kotlin-project:sources/kotlin/kotlin/plugins/android-extensions/android-extensions-compiler/src/org/jetbrains/kotlin/android/parcel/ParcelableResolveExtension.kt':[
95,
],
'kotlin-project:sources/kotlin/kotlin/plugins/android-extensions/android-extensions-compiler/src/org/jetbrains/kotlin/android/parcel/serializers/ParcelSerializer.kt':[
100,
132,
160,
],
'kotlin-project:sources/kotlin/kotlin/plugins/android-extensions/android-extensions-compiler/src/org/jetbrains/kotlin/android/synthetic/codegen/AbstractAndroidExtensionsExpressionCodegenExtension.kt':[
167,
],
'kotlin-project:sources/kotlin/kotlin/plugins/android-extensions/android-extensions-idea/src/org/jetbrains/kotlin/android/parcel/quickfixes/ParcelMigrateToParcelizeQuickFix.kt':[
70,
80,
89,
132,
145,
155,
],
'kotlin-project:sources/kotlin/kotlin/plugins/kapt3/kapt3-compiler/src/org/jetbrains/kotlin/kapt3/stubs/ClassFileToSourceStubConverter.kt':[
288,
],
'kotlin-project:sources/kotlin/kotlin/plugins/uast-kotlin/src/org/jetbrains/uast/kotlin/KotlinAbstractUElement.kt':[
182,
],
'kotlin-project:sources/kotlin/kotlin/plugins/uast-kotlin/src/org/jetbrains/uast/kotlin/declarations/KotlinUAnnotation.kt':[
78,
],
'kotlin-project:sources/kotlin/kotlin/plugins/uast-kotlin/src/org/jetbrains/uast/kotlin/declarations/KotlinUVariable.kt':[
298,
],
'kotlin-project:sources/kotlin/kotlin/plugins/uast-kotlin/src/org/jetbrains/uast/kotlin/expressions/KotlinUFunctionCallExpression.kt':[
44,
],
'kotlin-project:sources/kotlin/ktor/ktor-server/ktor-server-core/src/io/ktor/features/Compression.kt':[
75,
],
'kotlin-project:sources/kotlin/ktor/ktor-server/ktor-server-test-host/src/io/ktor/server/testing/EngineTestSuite.kt':[
771,
],
'kotlin-project:sources/kotlin/okio/okio/jvm/src/main/java/okio/Buffer.kt':[
1517,
],
'kotlin-project:sources/kotlin/okio/okio/jvm/src/main/java/okio/RealBufferedSource.kt':[
220,
300,
],
'kotlin-project:sources/kotlin/okio/okio/src/main/kotlin/okio/Base64.kt':[
33,
],
'kotlin-project:sources/kotlin/okio/okio/src/main/kotlin/okio/common/ByteString.kt':[
150,
],
}
