{
'kotlin-project:sources/kotlin/android-architecture-components/GithubBrowserSample/app/src/main/java/com/android/example/github/repository/FetchNextSearchPageTask.kt':[
57,
],
'kotlin-project:sources/kotlin/corda/client/jfx/src/main/kotlin/net/corda/client/jfx/utils/AssociatedList.kt':[
33,
],
'kotlin-project:sources/kotlin/corda/client/rpc/src/main/kotlin/net/corda/client/rpc/internal/RPCClientProxyHandler.kt':[
299,
315,
],
'kotlin-project:sources/kotlin/corda/docs/source/example-code/src/main/kotlin/net/corda/docs/ClientRpcTutorial.kt':[
82,
],
'kotlin-project:sources/kotlin/corda/experimental/src/main/kotlin/net/corda/finance/contracts/universal/PrettyPrint.kt':[
99,
],
'kotlin-project:sources/kotlin/corda/experimental/src/main/kotlin/net/corda/finance/contracts/universal/UniversalContract.kt':[
191,
256,
],
'kotlin-project:sources/kotlin/corda/node/src/main/kotlin/net/corda/node/services/messaging/RPCServer.kt':[
300,
],
'kotlin-project:sources/kotlin/corda/node/src/main/kotlin/net/corda/node/services/statemachine/SingleThreadedStateMachineManager.kt':[
605,
624,
],
'kotlin-project:sources/kotlin/corda/node/src/main/kotlin/net/corda/node/services/statemachine/transitions/DeliverSessionMessageTransition.kt':[
58,
],
'kotlin-project:sources/kotlin/corda/node/src/main/kotlin/net/corda/node/services/statemachine/transitions/TopLevelTransition.kt':[
155,
],
'kotlin-project:sources/kotlin/corda/node/src/main/kotlin/net/corda/node/services/vault/HibernateQueryCriteriaParser.kt':[
279,
],
'kotlin-project:sources/kotlin/corda/node/src/test/kotlin/net/corda/node/services/statemachine/FlowFrameworkTests.kt':[
790,
],
'kotlin-project:sources/kotlin/corda/samples/irs-demo/cordapp/src/test/kotlin/net/corda/irs/contract/IRSTests.kt':[
58,
144,
],
'kotlin-project:sources/kotlin/corda/serialization/src/main/kotlin/net/corda/serialization/internal/amqp/FingerPrinter.kt':[
140,
],
'kotlin-project:sources/kotlin/corda/tools/explorer/src/main/kotlin/net/corda/explorer/views/LoginView.kt':[
39,
],
'kotlin-project:sources/kotlin/corda/tools/explorer/src/main/kotlin/net/corda/explorer/views/TransactionViewer.kt':[
292,
],
'kotlin-project:sources/kotlin/corda/tools/loadtest/src/main/kotlin/net/corda/loadtest/tests/CrossCashTest.kt':[
162,
189,
],
'kotlin-project:sources/kotlin/intellij-rust/src/main/kotlin/org/rust/cargo/project/toolwindow/CargoProjectStructureTree.kt':[
45,
],
'kotlin-project:sources/kotlin/intellij-rust/src/main/kotlin/org/rust/ide/annotator/RsSyntaxErrorsAnnotator.kt':[
158,
],
'kotlin-project:sources/kotlin/intellij-rust/src/main/kotlin/org/rust/ide/annotator/fixes/AddMutableFix.kt':[
44,
],
'kotlin-project:sources/kotlin/intellij-rust/src/main/kotlin/org/rust/ide/annotator/fixes/AddStructFieldsFix.kt':[
147,
152,
],
'kotlin-project:sources/kotlin/intellij-rust/src/main/kotlin/org/rust/ide/formatter/settings/RsLanguageCodeStyleSettingsProvider.kt':[
44,
],
'kotlin-project:sources/kotlin/intellij-rust/src/main/kotlin/org/rust/ide/utils/ExprUtils.kt':[
103,
165,
],
'kotlin-project:sources/kotlin/intellij-rust/src/main/kotlin/org/rust/lang/core/psi/ext/RsArrayType.kt':[
38,
],
'kotlin-project:sources/kotlin/intellij-rust/src/main/kotlin/org/rust/lang/core/resolve/ImplLookup.kt':[
340,
],
'kotlin-project:sources/kotlin/intellij-rust/src/main/kotlin/org/rust/lang/core/resolve/NameResolution.kt':[
616,
],
'kotlin-project:sources/kotlin/intellij-rust/src/main/kotlin/org/rust/lang/core/types/infer/Declarations.kt':[
21,
],
'kotlin-project:sources/kotlin/intellij-rust/src/main/kotlin/org/rust/lang/core/types/infer/Fulfillment.kt':[
186,
],
'kotlin-project:sources/kotlin/intellij-rust/src/main/kotlin/org/rust/lang/core/types/infer/TypeInference.kt':[
267,
458,
809,
1511,
],
'kotlin-project:sources/kotlin/kotlin/buildSrc/src/main/kotlin/pill/kotlinPluginArtifact.kt':[
142,
],
'kotlin-project:sources/kotlin/kotlin/compiler/backend/src/org/jetbrains/kotlin/codegen/inline/MethodInliner.kt':[
480,
533,
558,
],
'kotlin-project:sources/kotlin/kotlin/compiler/backend/src/org/jetbrains/kotlin/codegen/inline/defaultMethodUtil.kt':[
153,
],
'kotlin-project:sources/kotlin/kotlin/compiler/backend/src/org/jetbrains/kotlin/codegen/inline/inlineCodegenUtils.kt':[
167,
],
'kotlin-project:sources/kotlin/kotlin/compiler/backend/src/org/jetbrains/kotlin/codegen/optimization/boxing/StackPeepholeOptimizationsTransformer.kt':[
81,
],
'kotlin-project:sources/kotlin/kotlin/compiler/backend/src/org/jetbrains/kotlin/codegen/optimization/nullCheck/RedundantNullCheckMethodTransformer.kt':[
178,
],
'kotlin-project:sources/kotlin/kotlin/compiler/cli/cli-common/src/org/jetbrains/kotlin/cli/common/repl/GenericReplCompilingEvaluator.kt':[
52,
],
'kotlin-project:sources/kotlin/kotlin/compiler/cli/src/org/jetbrains/kotlin/cli/js/dce/K2JSDce.kt':[
165,
],
'kotlin-project:sources/kotlin/kotlin/compiler/daemon/daemon-client/src/org/jetbrains/kotlin/daemon/client/KotlinCompilerClient.kt':[
272,
],
'kotlin-project:sources/kotlin/kotlin/compiler/daemon/daemon-common/src/org/jetbrains/kotlin/daemon/common/DaemonParams.kt':[
143,
],
'kotlin-project:sources/kotlin/kotlin/compiler/daemon/src/org/jetbrains/kotlin/daemon/CompileServiceImpl.kt':[
407,
],
'kotlin-project:sources/kotlin/kotlin/compiler/frontend.java/src/org/jetbrains/kotlin/resolve/jvm/checkers/JavaNullabilityChecker.kt':[
53,
85,
],
'kotlin-project:sources/kotlin/kotlin/compiler/frontend.script/src/org/jetbrains/kotlin/script/reflectionUtil.kt':[
85,
],
'kotlin-project:sources/kotlin/kotlin/compiler/frontend/src/org/jetbrains/kotlin/cfg/ControlFlowInformationProvider.kt':[
666,
],
'kotlin-project:sources/kotlin/kotlin/compiler/frontend/src/org/jetbrains/kotlin/cfg/pseudocode/pseudocodeUtils.kt':[
163,
181,
198,
],
'kotlin-project:sources/kotlin/kotlin/compiler/frontend/src/org/jetbrains/kotlin/resolve/TypeAliasExpander.kt':[
195,
],
'kotlin-project:sources/kotlin/kotlin/compiler/frontend/src/org/jetbrains/kotlin/resolve/calls/DiagnosticReporterByTrackingStrategy.kt':[
201,
],
'kotlin-project:sources/kotlin/kotlin/compiler/frontend/src/org/jetbrains/kotlin/resolve/calls/checkers/coroutineCallChecker.kt':[
84,
],
'kotlin-project:sources/kotlin/kotlin/compiler/frontend/src/org/jetbrains/kotlin/resolve/calls/smartcasts/IdentifierInfo.kt':[
190,
],
'kotlin-project:sources/kotlin/kotlin/compiler/frontend/src/org/jetbrains/kotlin/resolve/calls/tower/KotlinToResolvedCallTransformer.kt':[
99,
],
'kotlin-project:sources/kotlin/kotlin/compiler/frontend/src/org/jetbrains/kotlin/resolve/calls/tower/PSICallResolver.kt':[
552,
],
'kotlin-project:sources/kotlin/kotlin/compiler/frontend/src/org/jetbrains/kotlin/resolve/lazy/LazyDeclarationResolver.kt':[
132,
],
'kotlin-project:sources/kotlin/kotlin/compiler/frontend/src/org/jetbrains/kotlin/types/expressions/DoubleColonExpressionResolver.kt':[
709,
731,
],
'kotlin-project:sources/kotlin/kotlin/compiler/frontend/src/org/jetbrains/kotlin/types/expressions/LabelResolver.kt':[
141,
],
'kotlin-project:sources/kotlin/kotlin/compiler/ir/ir.psi2ir/src/org/jetbrains/kotlin/psi2ir/generators/ArgumentsGenerationUtils.kt':[
388,
416,
],
'kotlin-project:sources/kotlin/kotlin/compiler/ir/ir.psi2ir/src/org/jetbrains/kotlin/psi2ir/generators/AssignmentGenerator.kt':[
115,
],
'kotlin-project:sources/kotlin/kotlin/compiler/ir/ir.psi2ir/src/org/jetbrains/kotlin/psi2ir/generators/BodyGenerator.kt':[
219,
],
'kotlin-project:sources/kotlin/kotlin/compiler/javac-wrapper/src/org/jetbrains/kotlin/javac/resolve/ConstantEvaluator.kt':[
94,
112,
130,
148,
166,
],
'kotlin-project:sources/kotlin/kotlin/compiler/light-classes/src/org/jetbrains/kotlin/asJava/elements/lightAnnotations.kt':[
336,
],
'kotlin-project:sources/kotlin/kotlin/compiler/resolution/src/org/jetbrains/kotlin/resolve/calls/components/CallableReferenceResolution.kt':[
308,
],
'kotlin-project:sources/kotlin/kotlin/compiler/resolution/src/org/jetbrains/kotlin/resolve/multiplatform/ExpectedActualResolver.kt':[
70,
],
'kotlin-project:sources/kotlin/kotlin/compiler/resolution/src/org/jetbrains/kotlin/types/TypeApproximator.kt':[
131,
374,
396,
],
'kotlin-project:sources/kotlin/kotlin/core/descriptors.jvm/src/org/jetbrains/kotlin/load/java/lazy/descriptors/LazyJavaPackageScope.kt':[
70,
],
'kotlin-project:sources/kotlin/kotlin/core/descriptors.jvm/src/org/jetbrains/kotlin/load/java/typeEnhancement/typeEnhancement.kt':[
64,
],
'kotlin-project:sources/kotlin/kotlin/core/descriptors.jvm/src/org/jetbrains/kotlin/load/kotlin/typeSignatureMapping.kt':[
97,
128,
],
'kotlin-project:sources/kotlin/kotlin/core/descriptors.runtime/src/kotlin/reflect/jvm/internal/components/ReflectKotlinClass.kt':[
202,
],
'kotlin-project:sources/kotlin/kotlin/core/descriptors/src/org/jetbrains/kotlin/types/checker/NewKotlinTypeChecker.kt':[
237,
],
'kotlin-project:sources/kotlin/kotlin/core/deserialization/src/org/jetbrains/kotlin/serialization/deserialization/AnnotationDeserializer.kt':[
91,
],
'kotlin-project:sources/kotlin/kotlin/core/reflection.jvm/src/kotlin/reflect/jvm/internal/KPropertyImpl.kt':[
59,
228,
],
'kotlin-project:sources/kotlin/kotlin/core/reflection.jvm/src/kotlin/reflect/jvm/internal/RuntimeTypeMapper.kt':[
172,
],
'kotlin-project:sources/kotlin/kotlin/eval4j/src/org/jetbrains/eval4j/interpreter.kt':[
84,
],
'kotlin-project:sources/kotlin/kotlin/eval4j/src/org/jetbrains/eval4j/interpreterLoop.kt':[
150,
168,
],
'kotlin-project:sources/kotlin/kotlin/idea/formatter/src/org/jetbrains/kotlin/idea/formatter/KotlinCommonBlock.kt':[
284,
354,
505,
567,
],
'kotlin-project:sources/kotlin/kotlin/idea/ide-common/src/org/jetbrains/kotlin/idea/util/CallType.kt':[
182,
240,
],
'kotlin-project:sources/kotlin/kotlin/idea/ide-common/src/org/jetbrains/kotlin/resolve/lazy/PartialBodyResolveFilter.kt':[
270,
],
'kotlin-project:sources/kotlin/kotlin/idea/idea-analysis/src/org/jetbrains/kotlin/idea/decompiler/common/KotlinMetadataStubBuilder.kt':[
49,
],
'kotlin-project:sources/kotlin/kotlin/idea/idea-analysis/src/org/jetbrains/kotlin/idea/highlighter/KotlinPsiChecker.kt':[
216,
246,
],
'kotlin-project:sources/kotlin/kotlin/idea/idea-analysis/src/org/jetbrains/kotlin/idea/project/ResolveElementCache.kt':[
161,
],
'kotlin-project:sources/kotlin/kotlin/idea/idea-analysis/src/org/jetbrains/kotlin/idea/search/usagesSearch/ExpressionsOfTypeProcessor.kt':[
483,
551,
],
'kotlin-project:sources/kotlin/kotlin/idea/idea-analysis/src/org/jetbrains/kotlin/idea/search/usagesSearch/operators/OperatorReferenceSearcher.kt':[
336,
],
'kotlin-project:sources/kotlin/kotlin/idea/idea-analysis/src/org/jetbrains/kotlin/idea/stubindex/IndexUtils.kt':[
53,
],
'kotlin-project:sources/kotlin/kotlin/idea/idea-completion/src/org/jetbrains/kotlin/idea/completion/BasicLookupElementFactory.kt':[
197,
],
'kotlin-project:sources/kotlin/kotlin/idea/idea-completion/src/org/jetbrains/kotlin/idea/completion/InsertHandlerProvider.kt':[
42,
44,
],
'kotlin-project:sources/kotlin/kotlin/idea/idea-completion/src/org/jetbrains/kotlin/idea/completion/KeywordCompletion.kt':[
205,
346,
],
'kotlin-project:sources/kotlin/kotlin/idea/idea-completion/src/org/jetbrains/kotlin/idea/completion/smart/SmartCompletion.kt':[
128,
],
'kotlin-project:sources/kotlin/kotlin/idea/idea-core/src/org/jetbrains/kotlin/idea/core/KotlinNameSuggester.kt':[
188,
],
'kotlin-project:sources/kotlin/kotlin/idea/idea-jvm/src/org/jetbrains/kotlin/idea/debugger/DebuggerClassNameProvider.kt':[
126,
151,
191,
],
'kotlin-project:sources/kotlin/kotlin/idea/idea-jvm/src/org/jetbrains/kotlin/idea/debugger/breakpoints/KotlinFieldBreakpoint.kt':[
145,
],
'kotlin-project:sources/kotlin/kotlin/idea/idea-jvm/src/org/jetbrains/kotlin/idea/debugger/evaluate/FrameVisitor.kt':[
59,
],
'kotlin-project:sources/kotlin/kotlin/idea/idea-jvm/src/org/jetbrains/kotlin/idea/debugger/evaluate/extractFunctionForDebuggerUtil.kt':[
286,
],
'kotlin-project:sources/kotlin/kotlin/idea/idea-jvm/src/org/jetbrains/kotlin/idea/internal/KotlinBytecodeToolWindow.kt':[
134,
],
'kotlin-project:sources/kotlin/kotlin/idea/idea-jvm/src/org/jetbrains/kotlin/idea/scratch/compile/KtCompilingExecutor.kt':[
65,
],
'kotlin-project:sources/kotlin/kotlin/idea/idea-repl/src/org/jetbrains/kotlin/console/HistoryKeyListener.kt':[
66,
],
'kotlin-project:sources/kotlin/kotlin/idea/src/org/jetbrains/kotlin/idea/codeInliner/CodeInliner.kt':[
384,
],
'kotlin-project:sources/kotlin/kotlin/idea/src/org/jetbrains/kotlin/idea/codeInliner/UsageReplacementStrategy.kt':[
161,
],
'kotlin-project:sources/kotlin/kotlin/idea/src/org/jetbrains/kotlin/idea/codeInsight/KotlinBreadcrumbsInfoProvider.kt':[
72,
],
'kotlin-project:sources/kotlin/kotlin/idea/src/org/jetbrains/kotlin/idea/editor/KotlinLiteralCopyPasteProcessor.kt':[
202,
],
'kotlin-project:sources/kotlin/kotlin/idea/src/org/jetbrains/kotlin/idea/findUsages/KotlinElementDescriptionProvider.kt':[
152,
],
'kotlin-project:sources/kotlin/kotlin/idea/src/org/jetbrains/kotlin/idea/findUsages/KotlinFindUsagesHandlerFactory.kt':[
62,
],
'kotlin-project:sources/kotlin/kotlin/idea/src/org/jetbrains/kotlin/idea/formatter/KotlinLanguageCodeStyleSettingsProvider.kt':[
22,
74,
128,
178,
255,
],
'kotlin-project:sources/kotlin/kotlin/idea/src/org/jetbrains/kotlin/idea/highlighter/KotlinRainbowVisitor.kt':[
49,
],
'kotlin-project:sources/kotlin/kotlin/idea/src/org/jetbrains/kotlin/idea/highlighter/KotlinRecursiveCallLineMarkerProvider.kt':[
156,
],
'kotlin-project:sources/kotlin/kotlin/idea/src/org/jetbrains/kotlin/idea/inspections/MayBeConstantInspection.kt':[
80,
],
'kotlin-project:sources/kotlin/kotlin/idea/src/org/jetbrains/kotlin/idea/inspections/RedundantExplicitTypeInspection.kt':[
27,
],
'kotlin-project:sources/kotlin/kotlin/idea/src/org/jetbrains/kotlin/idea/inspections/UseExpressionBodyInspection.kt':[
120,
],
'kotlin-project:sources/kotlin/kotlin/idea/src/org/jetbrains/kotlin/idea/inspections/conventionNameCalls/ReplaceCallWithBinaryOperatorInspection.kt':[
131,
],
'kotlin-project:sources/kotlin/kotlin/idea/src/org/jetbrains/kotlin/idea/intentions/AddAnnotationUseSiteTargetIntention.kt':[
95,
],
'kotlin-project:sources/kotlin/kotlin/idea/src/org/jetbrains/kotlin/idea/intentions/ConvertArrayParameterToVarargIntention.kt':[
31,
],
'kotlin-project:sources/kotlin/kotlin/idea/src/org/jetbrains/kotlin/idea/intentions/ConvertLambdaToReferenceIntention.kt':[
233,
243,
],
'kotlin-project:sources/kotlin/kotlin/idea/src/org/jetbrains/kotlin/idea/intentions/ConvertToStringTemplateIntention.kt':[
100,
],
'kotlin-project:sources/kotlin/kotlin/idea/src/org/jetbrains/kotlin/idea/intentions/MoveMemberToCompanionObjectIntention.kt':[
312,
],
'kotlin-project:sources/kotlin/kotlin/idea/src/org/jetbrains/kotlin/idea/intentions/SimplifyBooleanWithConstantsIntention.kt':[
105,
],
'kotlin-project:sources/kotlin/kotlin/idea/src/org/jetbrains/kotlin/idea/intentions/branchedTransformations/branchedTransformationUtils.kt':[
147,
],
'kotlin-project:sources/kotlin/kotlin/idea/src/org/jetbrains/kotlin/idea/intentions/declarations/ConvertMemberToExtensionIntention.kt':[
187,
],
'kotlin-project:sources/kotlin/kotlin/idea/src/org/jetbrains/kotlin/idea/intentions/loopToCallChain/matchAndConvert.kt':[
91,
120,
],
'kotlin-project:sources/kotlin/kotlin/idea/src/org/jetbrains/kotlin/idea/intentions/loopToCallChain/result/AddToCollectionTransformation.kt':[
143,
145,
172,
],
'kotlin-project:sources/kotlin/kotlin/idea/src/org/jetbrains/kotlin/idea/intentions/loopToCallChain/result/FindTransformationMatcher.kt':[
294,
],
'kotlin-project:sources/kotlin/kotlin/idea/src/org/jetbrains/kotlin/idea/quickfix/ExclExclCallFixes.kt':[
129,
],
'kotlin-project:sources/kotlin/kotlin/idea/src/org/jetbrains/kotlin/idea/quickfix/ReplaceInfixOrOperatorCallFix.kt':[
49,
],
'kotlin-project:sources/kotlin/kotlin/idea/src/org/jetbrains/kotlin/idea/quickfix/createFromUsage/callableBuilder/CallableBuilder.kt':[
506,
531,
],
'kotlin-project:sources/kotlin/kotlin/idea/src/org/jetbrains/kotlin/idea/quickfix/createFromUsage/callableBuilder/typeUtils.kt':[
237,
],
'kotlin-project:sources/kotlin/kotlin/idea/src/org/jetbrains/kotlin/idea/quickfix/replaceWith/DeprecatedSymbolUsageFixBase.kt':[
157,
160,
],
'kotlin-project:sources/kotlin/kotlin/idea/src/org/jetbrains/kotlin/idea/quickfix/replaceWith/ReplaceWithAnnotationAnalyzer.kt':[
213,
],
'kotlin-project:sources/kotlin/kotlin/idea/src/org/jetbrains/kotlin/idea/refactoring/changeSignature/KotlinChangeSignature.kt':[
105,
],
'kotlin-project:sources/kotlin/kotlin/idea/src/org/jetbrains/kotlin/idea/refactoring/changeSignature/KotlinChangeSignatureUsageProcessor.kt':[
130,
941,
],
'kotlin-project:sources/kotlin/kotlin/idea/src/org/jetbrains/kotlin/idea/refactoring/introduce/extractionEngine/ExtractionEngine.kt':[
86,
],
'kotlin-project:sources/kotlin/kotlin/idea/src/org/jetbrains/kotlin/idea/refactoring/move/moveDeclarations/MoveKotlinDeclarationsHandler.kt':[
140,
],
'kotlin-project:sources/kotlin/kotlin/idea/src/org/jetbrains/kotlin/idea/refactoring/move/moveUtils.kt':[
558,
],
'kotlin-project:sources/kotlin/kotlin/idea/src/org/jetbrains/kotlin/idea/refactoring/pullUp/KotlinPullUpHelper.kt':[
408,
],
'kotlin-project:sources/kotlin/kotlin/idea/src/org/jetbrains/kotlin/idea/refactoring/pushDown/JavaToKotlinPushDownDelegate.kt':[
76,
],
'kotlin-project:sources/kotlin/kotlin/idea/src/org/jetbrains/kotlin/idea/refactoring/pushDown/pushDownConflictsUtils.kt':[
115,
],
'kotlin-project:sources/kotlin/kotlin/idea/src/org/jetbrains/kotlin/idea/refactoring/safeDelete/KotlinSafeDeleteProcessor.kt':[
174,
],
'kotlin-project:sources/kotlin/kotlin/idea/src/org/jetbrains/kotlin/idea/slicer/Slicer.kt':[
329,
],
'kotlin-project:sources/kotlin/kotlin/idea/tests/org/jetbrains/kotlin/idea/codeInsight/AbstractInspectionTest.kt':[
86,
],
'kotlin-project:sources/kotlin/kotlin/idea/tests/org/jetbrains/kotlin/idea/slicer/AbstractSlicerTest.kt':[
80,
],
'kotlin-project:sources/kotlin/kotlin/j2k/src/org/jetbrains/kotlin/j2k/Converter.kt':[
184,
],
'kotlin-project:sources/kotlin/kotlin/j2k/src/org/jetbrains/kotlin/j2k/ExpressionConverter.kt':[
364,
400,
419,
771,
847,
],
'kotlin-project:sources/kotlin/kotlin/j2k/src/org/jetbrains/kotlin/j2k/importConversion.kt':[
90,
],
'kotlin-project:sources/kotlin/kotlin/js/js.dce/src/org/jetbrains/kotlin/js/dce/Analyzer.kt':[
75,
205,
300,
],
'kotlin-project:sources/kotlin/kotlin/js/js.frontend/src/org/jetbrains/kotlin/js/naming/NameSuggestion.kt':[
112,
],
'kotlin-project:sources/kotlin/kotlin/js/js.inliner/src/org/jetbrains/kotlin/js/inline/clean/RedundantStatementElimination.kt':[
112,
114,
],
'kotlin-project:sources/kotlin/kotlin/js/js.serializer/src/org/jetbrains/kotlin/serialization/js/ast/JsAstDeserializer.kt':[
188,
],
'kotlin-project:sources/kotlin/kotlin/libraries/stdlib/js/src/kotlin/reflect/reflection.kt':[
21,
],
'kotlin-project:sources/kotlin/kotlin/libraries/stdlib/js/src/kotlin/stringsCode.kt':[
96,
],
'kotlin-project:sources/kotlin/kotlin/plugins/android-extensions/android-extensions-compiler/src/org/jetbrains/kotlin/android/parcel/serializers/ParcelSerializer.kt':[
132,
233,
],
'kotlin-project:sources/kotlin/kotlin/plugins/android-extensions/android-extensions-compiler/src/org/jetbrains/kotlin/android/synthetic/codegen/AbstractAndroidExtensionsExpressionCodegenExtension.kt':[
259,
],
'kotlin-project:sources/kotlin/kotlin/plugins/scripting/scripting-cli/src/org/jetbrains/kotlin/scripting/compiler/plugin/ScriptiDefinitionsFromClasspathDiscoverySource.kt':[
61,
89,
],
'kotlin-project:sources/kotlin/kotlin/plugins/scripting/scripting-cli/src/org/jetbrains/kotlin/scripting/compiler/plugin/ScriptingCommandLineProcessor.kt':[
110,
],
'kotlin-project:sources/kotlin/kotlin/plugins/uast-kotlin/src/org/jetbrains/uast/kotlin/KotlinUastLanguagePlugin.kt':[
184,
358,
],
'kotlin-project:sources/kotlin/ktor/ktor-features/ktor-auth/src/io/ktor/auth/OAuth.kt':[
136,
],
'kotlin-project:sources/kotlin/ktor/ktor-http/src/io/ktor/http/Codecs.kt':[
59,
],
'kotlin-project:sources/kotlin/ktor/ktor-network-tls/src/io/ktor/network/tls/TLSClientHandshake.kt':[
220,
222,
],
'kotlin-project:sources/kotlin/ktor/ktor-server/ktor-server-core/src/io/ktor/util/ConversionService.kt':[
15,
],
'kotlin-project:sources/kotlin/ktor/ktor-server/ktor-server-host-common/src/io/ktor/server/engine/DefaultTransform.kt':[
35,
],
'kotlin-project:sources/kotlin/ktor/ktor-server/ktor-server-jetty/src/io/ktor/server/jetty/ServerInitializer.kt':[
40,
],
'kotlin-project:sources/kotlin/ktor/ktor-server/ktor-server-netty/src/io/ktor/server/netty/NettyChannelInitializer.kt':[
88,
],
}
