{
'kotlin-project:sources/kotlin/corda/node/src/main/kotlin/net/corda/node/services/statemachine/transitions/StartedFlowTransition.kt':[
366,
],
'kotlin-project:sources/kotlin/intellij-rust/src/main/kotlin/org/rust/lang/core/psi/ext/RsItemsOwner.kt':[
25,
29,
],
'kotlin-project:sources/kotlin/intellij-rust/src/main/kotlin/org/rust/lang/core/types/infer/TypeInference.kt':[
992,
],
'kotlin-project:sources/kotlin/kotlin/build-common/src/org/jetbrains/kotlin/incremental/protoDifferenceUtils.kt':[
235,
246,
],
'kotlin-project:sources/kotlin/kotlin/compiler/backend/src/org/jetbrains/kotlin/codegen/inline/InlineCodegen.kt':[
202,
],
'kotlin-project:sources/kotlin/kotlin/compiler/backend/src/org/jetbrains/kotlin/codegen/range/PrimitiveNumberRangeIntrinsicRangeValue.kt':[
93,
],
'kotlin-project:sources/kotlin/kotlin/compiler/frontend/src/org/jetbrains/kotlin/resolve/lazy/descriptors/AbstractLazyMemberScope.kt':[
205,
217,
],
'kotlin-project:sources/kotlin/kotlin/core/reflection.jvm/src/kotlin/reflect/jvm/KCallablesJvm.kt':[
52,
76,
],
'kotlin-project:sources/kotlin/kotlin/idea/idea-jvm/src/org/jetbrains/kotlin/idea/debugger/breakpoints/KotlinFieldBreakpoint.kt':[
290,
],
'kotlin-project:sources/kotlin/kotlin/idea/src/org/jetbrains/kotlin/idea/inspections/RedundantNotNullExtensionReceiverOfInlineInspection.kt':[
99,
],
'kotlin-project:sources/kotlin/kotlin/libraries/stdlib/test/ranges/RangeIterationTest.kt':[
29,
34,
],
'kotlin-project:sources/kotlin/kotlin/libraries/tools/kotlin-stdlib-gen/src/templates/Arrays.kt':[
430,
],
}
