{
'kotlin-project:sources/kotlin/corda/node/src/main/kotlin/net/corda/node/internal/security/RPCSecurityManagerImpl.kt':[
0,
],
'kotlin-project:sources/kotlin/corda/serialization/src/test/kotlin/net/corda/serialization/internal/amqp/DeserializeSimpleTypesTests.kt':[
0,
],
'kotlin-project:sources/kotlin/kotlin/idea/tests/org/jetbrains/kotlin/idea/editor/TypedHandlerTest.kt':[
0,
],
'kotlin-project:sources/kotlin/kotlin/libraries/tools/binary-compatibility-validator/src/test/kotlin/cases/default/jvmOverloads.kt':[
0,
],
'kotlin-project:sources/kotlin/kotlin/libraries/tools/kotlin-gradle-plugin-integration-tests/src/test/resources/testProject/kotlin2JsProjectWithTests/src/test/kotlin/MainTest.kt':[
0,
],
}
