{
'kotlin-project:sources/kotlin/corda/core/src/test/kotlin/net/corda/core/identity/PartyAndCertificateTest.kt':[
48,
],
'kotlin-project:sources/kotlin/corda/node/src/integration-test/kotlin/net/corda/node/NodeKeystoreCheckTest.kt':[
32,
],
'kotlin-project:sources/kotlin/corda/node/src/test/kotlin/net/corda/node/services/config/NodeConfigurationImplTest.kt':[
213,
214,
],
'kotlin-project:sources/kotlin/corda/samples/irs-demo/web/src/test/kotlin/net/corda/irs/web/IrsDemoWebApplicationTests.kt':[
11,
],
'kotlin-project:sources/kotlin/corda/testing/node-driver/src/main/kotlin/net/corda/testing/node/internal/DriverDSLImpl.kt':[
259,
],
'kotlin-project:sources/kotlin/intellij-rust/src/test/kotlin/org/rust/cargo/toolchain/CargoTest.kt':[
41,
],
'kotlin-project:sources/kotlin/ktor/ktor-client/ktor-client-cio/test/io/ktor/client/engine/cio/CIOHttpsTest.kt':[
54,
60,
66,
],
'kotlin-project:sources/kotlin/ktor/ktor-client/ktor-client-features/ktor-client-auth-basic/test/io/ktor/client/features/auth/basic/BasicAuthTestWithServer.kt':[
31,
],
'kotlin-project:sources/kotlin/ktor/ktor-features/ktor-auth/test/io/ktor/tests/auth/AuthBuildersTest.kt':[
74,
81,
102,
139,
146,
167,
],
'kotlin-project:sources/kotlin/ktor/ktor-server/ktor-server-host-common/src/io/ktor/server/engine/CommandLine.kt':[
40,
41,
],
'kotlin-project:sources/kotlin/ktor/ktor-server/ktor-server-tests/test/io/ktor/tests/server/http/URLBuilderTest.kt':[
68,
69,
],
}
