{
'kotlin-project:corda/core/src/test/kotlin/net/corda/core/crypto/EdDSATests.kt':[
20,
],
'kotlin-project:corda/docs/source/example-code/src/main/kotlin/net/corda/docs/FlowCookbook.kt':[
89,
],
'kotlin-project:corda/samples/irs-demo/cordapp/src/test/kotlin/net/corda/irs/contract/IRSTests.kt':[
56,
],
'kotlin-project:intellij-rust/src/test/kotlin/org/rust/lang/core/macros/RsErrorChainMacroExpansionTest.kt':[
216,
],
'kotlin-project:kotlin/buildSrc/src/main/kotlin/pill/render.kt':[
46,
],
'kotlin-project:kotlin/buildSrc/src/main/kotlin/plugins/PublishedKotlinModule.kt':[
27,
29,
],
'kotlin-project:kotlin/compiler/backend/src/org/jetbrains/kotlin/codegen/DefaultParameterValueSubstitutor.kt':[
115,
],
'kotlin-project:kotlin/compiler/backend/src/org/jetbrains/kotlin/codegen/inline/AnonymousObjectTransformer.kt':[
49,
],
'kotlin-project:kotlin/compiler/backend/src/org/jetbrains/kotlin/codegen/inline/MethodInliner.kt':[
135,
206,
456,
473,
],
'kotlin-project:kotlin/compiler/cli/src/org/jetbrains/kotlin/cli/jvm/K2JVMCompiler.kt':[
55,
],
'kotlin-project:kotlin/compiler/frontend/src/org/jetbrains/kotlin/cfg/pseudocode/pseudocodeUtils.kt':[
75,
],
'kotlin-project:kotlin/compiler/frontend/src/org/jetbrains/kotlin/resolve/LazyTopDownAnalyzer.kt':[
57,
],
'kotlin-project:kotlin/compiler/frontend/src/org/jetbrains/kotlin/resolve/TypeResolver.kt':[
186,
],
'kotlin-project:kotlin/compiler/frontend/src/org/jetbrains/kotlin/resolve/lazy/LazyDeclarationResolver.kt':[
93,
],
'kotlin-project:kotlin/compiler/ir/backend.common/src/org/jetbrains/kotlin/backend/common/lower/DefaultArgumentStubGenerator.kt':[
226,
],
'kotlin-project:kotlin/compiler/javac-wrapper/src/org/jetbrains/kotlin/javac/resolve/ConstantEvaluator.kt':[
70,
],
'kotlin-project:kotlin/compiler/tests/org/jetbrains/kotlin/generators/tests/GenerateCompilerTests.kt':[
59,
62,
],
'kotlin-project:kotlin/core/descriptors.jvm/src/org/jetbrains/kotlin/load/java/typeEnhancement/predefinedEnhancementInfo.kt':[
40,
51,
],
'kotlin-project:kotlin/eval4j/src/org/jetbrains/eval4j/interpreterLoop.kt':[
74,
],
'kotlin-project:kotlin/eval4j/test/org/jetbrains/eval4j/jdi/test/jdiTest.kt':[
39,
],
'kotlin-project:kotlin/generators/builtins/unsignedTypes.kt':[
313,
],
'kotlin-project:kotlin/generators/tests/org/jetbrains/kotlin/generators/tests/GenerateTests.kt':[
165,
168,
],
'kotlin-project:kotlin/idea/formatter/src/org/jetbrains/kotlin/idea/formatter/KotlinCommonBlock.kt':[
466,
],
'kotlin-project:kotlin/idea/formatter/src/org/jetbrains/kotlin/idea/formatter/kotlinSpacingRules.kt':[
46,
49,
62,
191,
362,
],
'kotlin-project:kotlin/idea/ide-common/src/org/jetbrains/kotlin/resolve/lazy/PartialBodyResolveFilter.kt':[
140,
],
'kotlin-project:kotlin/idea/idea-analysis/src/org/jetbrains/kotlin/idea/decompiler/textBuilder/buildDecompiledText.kt':[
45,
],
'kotlin-project:kotlin/idea/idea-analysis/src/org/jetbrains/kotlin/idea/findUsages/UsageTypeUtils.kt':[
35,
],
'kotlin-project:kotlin/idea/idea-analysis/src/org/jetbrains/kotlin/idea/project/ResolveElementCache.kt':[
286,
],
'kotlin-project:kotlin/idea/idea-completion/src/org/jetbrains/kotlin/idea/completion/BasicCompletionSession.kt':[
197,
348,
524,
],
'kotlin-project:kotlin/idea/idea-completion/src/org/jetbrains/kotlin/idea/completion/BasicLookupElementFactory.kt':[
121,
],
'kotlin-project:kotlin/idea/idea-completion/src/org/jetbrains/kotlin/idea/completion/smart/TypeInstantiationItems.kt':[
142,
],
'kotlin-project:kotlin/idea/idea-gradle/src/org/jetbrains/kotlin/idea/configuration/KotlinGradleProjectResolverExtension.kt':[
76,
],
'kotlin-project:kotlin/idea/idea-gradle/tests/org/jetbrains/kotlin/idea/codeInsight/gradle/GradleFacetImportTest.kt':[
1259,
1671,
1781,
],
'kotlin-project:kotlin/idea/idea-gradle/tests/org/jetbrains/kotlin/idea/codeInsight/gradle/GradleMultiplatformRunTest.kt':[
39,
],
'kotlin-project:kotlin/idea/idea-jvm/src/org/jetbrains/kotlin/idea/debugger/DebuggerClassNameProvider.kt':[
118,
],
'kotlin-project:kotlin/idea/idea-jvm/src/org/jetbrains/kotlin/idea/debugger/stepping/KotlinSmartStepIntoHandler.kt':[
52,
],
'kotlin-project:kotlin/idea/idea-maven/src/org/jetbrains/kotlin/idea/maven/inspections/KotlinMavenPluginPhaseInspection.kt':[
60,
],
'kotlin-project:kotlin/idea/idea-maven/test/org/jetbrains/kotlin/idea/maven/KotlinMavenImporterTest.kt':[
170,
297,
1892,
2141,
2455,
],
'kotlin-project:kotlin/idea/src/org/jetbrains/kotlin/idea/formatter/KotlinLanguageCodeStyleSettingsProvider.kt':[
21,
172,
],
'kotlin-project:kotlin/idea/src/org/jetbrains/kotlin/idea/intentions/declarations/ConvertMemberToExtensionIntention.kt':[
104,
],
'kotlin-project:kotlin/idea/src/org/jetbrains/kotlin/idea/kdoc/KDocRenderer.kt':[
198,
],
'kotlin-project:kotlin/idea/src/org/jetbrains/kotlin/idea/quickfix/QuickFixFactoryForTypeMismatchError.kt':[
58,
],
'kotlin-project:kotlin/idea/src/org/jetbrains/kotlin/idea/quickfix/QuickFixRegistrar.kt':[
55,
],
'kotlin-project:kotlin/idea/src/org/jetbrains/kotlin/idea/quickfix/createFromUsage/callableBuilder/CallableBuilder.kt':[
438,
439,
1032,
],
'kotlin-project:kotlin/idea/src/org/jetbrains/kotlin/idea/refactoring/changeSignature/KotlinChangeInfo.kt':[
349,
],
'kotlin-project:kotlin/idea/src/org/jetbrains/kotlin/idea/refactoring/changeSignature/ui/KotlinChangeSignatureDialog.kt':[
162,
],
'kotlin-project:kotlin/idea/src/org/jetbrains/kotlin/idea/refactoring/changeSignature/usages/KotlinFunctionCallUsage.kt':[
319,
],
'kotlin-project:kotlin/idea/src/org/jetbrains/kotlin/idea/refactoring/copy/CopyKotlinDeclarationsHandler.kt':[
176,
],
'kotlin-project:kotlin/idea/src/org/jetbrains/kotlin/idea/refactoring/inline/KotlinInlineTypeAliasHandler.kt':[
64,
],
'kotlin-project:kotlin/idea/src/org/jetbrains/kotlin/idea/refactoring/introduce/extractionEngine/extractorUtil.kt':[
232,
],
'kotlin-project:kotlin/idea/src/org/jetbrains/kotlin/idea/refactoring/introduce/introduceParameter/KotlinIntroduceParameterHandler.kt':[
216,
],
'kotlin-project:kotlin/idea/src/org/jetbrains/kotlin/idea/refactoring/introduce/introduceVariable/KotlinIntroduceVariableHandler.kt':[
148,
468,
],
'kotlin-project:kotlin/idea/src/org/jetbrains/kotlin/idea/refactoring/rename/renameConflictUtils.kt':[
215,
],
'kotlin-project:kotlin/idea/src/org/jetbrains/kotlin/idea/refactoring/safeDelete/KotlinSafeDeleteProcessor.kt':[
80,
],
'kotlin-project:kotlin/j2k/src/org/jetbrains/kotlin/j2k/Converter.kt':[
311,
],
'kotlin-project:kotlin/j2k/src/org/jetbrains/kotlin/j2k/ExpressionConverter.kt':[
351,
],
'kotlin-project:kotlin/js/js.inliner/src/org/jetbrains/kotlin/js/inline/clean/RedundantStatementElimination.kt':[
80,
],
'kotlin-project:kotlin/js/js.inliner/src/org/jetbrains/kotlin/js/inline/clean/TemporaryVariableElimination.kt':[
232,
],
'kotlin-project:kotlin/js/js.inliner/src/org/jetbrains/kotlin/js/inline/clean/WhileConditionFolding.kt':[
25,
],
'kotlin-project:kotlin/js/js.serializer/src/org/jetbrains/kotlin/serialization/js/ast/JsAstDeserializer.kt':[
125,
280,
],
'kotlin-project:kotlin/js/js.serializer/src/org/jetbrains/kotlin/serialization/js/ast/JsAstSerializer.kt':[
119,
278,
],
'kotlin-project:kotlin/js/js.tests/test/org/jetbrains/kotlin/generators/tests/generateTestDataForReservedWords.kt':[
48,
49,
],
'kotlin-project:kotlin/js/js.tests/test/org/jetbrains/kotlin/js/test/BasicBoxTest.kt':[
98,
109,
],
'kotlin-project:kotlin/js/js.translator/src/org/jetbrains/kotlin/js/translate/expression/LoopTranslator.kt':[
101,
],
'kotlin-project:kotlin/libraries/scripting/jvm-host/src/kotlin/script/experimental/jvmhost/impl/KJVMCompilerImpl.kt':[
74,
],
'kotlin-project:kotlin/libraries/tools/kotlin-stdlib-gen/src/templates/dsl/MemberBuilder.kt':[
158,
],
'kotlin-project:kotlin/plugins/android-extensions/android-extensions-compiler/src/org/jetbrains/kotlin/android/parcel/serializers/ParcelSerializer.kt':[
74,
],
'kotlin-project:ktor/ktor-features/ktor-auth/test/io/ktor/tests/auth/AuthBuildersTest.kt':[
201,
202,
],
'kotlin-project:ktor/ktor-http-cio/src/io/ktor/http/cio/Pipeline.kt':[
28,
36,
],
'kotlin-project:ktor/ktor-server/ktor-server-core/test/io/ktor/tests/http/HighLoadHttpGenerator.kt':[
400,
404,
],
'kotlin-project:ktor/ktor-server/ktor-server-tests/test/io/ktor/tests/server/features/ContentNegotiationTest.kt':[
81,
82,
],
'kotlin-project:ktor/ktor-server/ktor-server-tests/test/io/ktor/tests/server/routing/RoutingProcessingTest.kt':[
351,
351,
],
'kotlin-project:okio/okio/jvm/src/main/java/okio/Options.kt':[
105,
],
'kotlin-project:okio/okio/jvm/src/test/java/okio/OptionsTest.kt':[
41,
],
}
