{
'kotlin-project:sources/kotlin/corda/client/jfx/src/main/kotlin/net/corda/client/jfx/utils/ConcatenatedList.kt':[
98,
107,
139,
157,
166,
167,
184,
205,
],
'kotlin-project:sources/kotlin/corda/client/jfx/src/main/kotlin/net/corda/client/jfx/utils/FlattenedList.kt':[
70,
90,
],
'kotlin-project:sources/kotlin/corda/client/jfx/src/main/kotlin/net/corda/client/jfx/utils/MappedList.kt':[
47,
55,
],
'kotlin-project:sources/kotlin/corda/client/jfx/src/main/kotlin/net/corda/client/jfx/utils/ReplayedList.kt':[
43,
51,
],
'kotlin-project:sources/kotlin/corda/client/rpc/src/main/kotlin/net/corda/client/rpc/internal/RPCClientProxyHandler.kt':[
309,
332,
],
'kotlin-project:sources/kotlin/corda/core/src/main/kotlin/net/corda/core/contracts/Amount.kt':[
165,
],
'kotlin-project:sources/kotlin/corda/core/src/main/kotlin/net/corda/core/internal/InternalUtils.kt':[
91,
],
'kotlin-project:sources/kotlin/corda/experimental/kryo-hook/src/main/kotlin/net/corda/kryohook/KryoHook.kt':[
83,
],
'kotlin-project:sources/kotlin/corda/finance/src/main/kotlin/net/corda/finance/contracts/asset/Obligation.kt':[
257,
],
'kotlin-project:sources/kotlin/corda/node-api/src/main/kotlin/net/corda/nodeapi/internal/persistence/CordaPersistence.kt':[
161,
],
'kotlin-project:sources/kotlin/corda/node-api/src/main/kotlin/net/corda/nodeapi/internal/protonwrapper/engine/ConnectionStateMachine.kt':[
137,
371,
],
'kotlin-project:sources/kotlin/corda/node/src/main/kotlin/net/corda/node/internal/Node.kt':[
262,
],
'kotlin-project:sources/kotlin/corda/node/src/main/kotlin/net/corda/node/services/statemachine/transitions/StartedFlowTransition.kt':[
269,
],
'kotlin-project:sources/kotlin/corda/node/src/main/kotlin/net/corda/node/utilities/ObjectDiffer.kt':[
101,
],
'kotlin-project:sources/kotlin/corda/samples/attachment-demo/src/main/kotlin/net/corda/attachmentdemo/AttachmentDemo.kt':[
158,
],
'kotlin-project:sources/kotlin/corda/serialization/src/main/kotlin/net/corda/serialization/internal/AllButBlacklisted.kt':[
134,
],
'kotlin-project:sources/kotlin/corda/serialization/src/main/kotlin/net/corda/serialization/internal/amqp/DeserializedParameterizedType.kt':[
88,
100,
],
'kotlin-project:sources/kotlin/corda/serialization/src/main/kotlin/net/corda/serialization/internal/amqp/FingerPrinter.kt':[
110,
141,
],
'kotlin-project:sources/kotlin/corda/serialization/src/main/kotlin/net/corda/serialization/internal/amqp/SerializationHelper.kt':[
46,
177,
185,
194,
],
'kotlin-project:sources/kotlin/corda/tools/demobench/src/main/kotlin/net/corda/demobench/views/NodeTabView.kt':[
134,
],
'kotlin-project:sources/kotlin/corda/tools/loadtest/src/main/kotlin/net/corda/loadtest/tests/CrossCashTest.kt':[
280,
],
'kotlin-project:sources/kotlin/corda/tools/shell/src/main/kotlin/net/corda/tools/shell/InteractiveShell.kt':[
286,
],
'kotlin-project:sources/kotlin/intellij-rust/src/main/kotlin/org/rust/ide/typing/RsBraceMatcher.kt':[
64,
73,
74,
],
'kotlin-project:sources/kotlin/intellij-rust/src/main/kotlin/org/rust/lang/core/lexer/RustEscapesLexer.kt':[
73,
82,
],
'kotlin-project:sources/kotlin/intellij-rust/src/main/kotlin/org/rust/lang/core/resolve/ItemResolution.kt':[
105,
],
'kotlin-project:sources/kotlin/intellij-rust/src/main/kotlin/org/rust/lang/core/resolve/NameResolution.kt':[
228,
444,
611,
637,
638,
639,
],
'kotlin-project:sources/kotlin/intellij-rust/src/main/kotlin/org/rust/lang/utils/RsDiagnostic.kt':[
87,
90,
94,
97,
],
'kotlin-project:sources/kotlin/kotlin/buildSrc/src/main/kotlin/jdksFinder.kt':[
169,
],
'kotlin-project:sources/kotlin/kotlin/buildSrc/src/main/kotlin/pill/kotlinPluginArtifact.kt':[
122,
146,
155,
174,
],
'kotlin-project:sources/kotlin/kotlin/buildSrc/src/main/kotlin/pill/parser.kt':[
363,
],
'kotlin-project:sources/kotlin/kotlin/compiler/backend-common/src/org/jetbrains/kotlin/backend/common/CodegenUtil.kt':[
99,
192,
],
'kotlin-project:sources/kotlin/kotlin/compiler/backend/src/org/jetbrains/kotlin/codegen/CollectionStubMethodGenerator.kt':[
110,
122,
150,
],
'kotlin-project:sources/kotlin/kotlin/compiler/backend/src/org/jetbrains/kotlin/codegen/inline/AnonymousObjectTransformer.kt':[
570,
],
'kotlin-project:sources/kotlin/kotlin/compiler/backend/src/org/jetbrains/kotlin/codegen/inline/MethodInliner.kt':[
299,
509,
516,
811,
1052,
],
'kotlin-project:sources/kotlin/kotlin/compiler/backend/src/org/jetbrains/kotlin/codegen/optimization/boxing/RedundantBoxingMethodTransformer.kt':[
113,
],
'kotlin-project:sources/kotlin/kotlin/compiler/backend/src/org/jetbrains/kotlin/codegen/optimization/boxing/StackPeepholeOptimizationsTransformer.kt':[
89,
],
'kotlin-project:sources/kotlin/kotlin/compiler/backend/src/org/jetbrains/kotlin/codegen/state/BuilderFactoryForDuplicateSignatureDiagnostics.kt':[
178,
],
'kotlin-project:sources/kotlin/kotlin/compiler/cli/src/org/jetbrains/kotlin/cli/jvm/K2JVMCompiler.kt':[
81,
168,
178,
193,
],
'kotlin-project:sources/kotlin/kotlin/compiler/cli/src/org/jetbrains/kotlin/cli/jvm/compiler/ClasspathRootsResolver.kt':[
263,
],
'kotlin-project:sources/kotlin/kotlin/compiler/cli/src/org/jetbrains/kotlin/cli/jvm/compiler/CliTrace.kt':[
77,
],
'kotlin-project:sources/kotlin/kotlin/compiler/cli/src/org/jetbrains/kotlin/cli/jvm/index/JvmDependenciesIndexImpl.kt':[
134,
],
'kotlin-project:sources/kotlin/kotlin/compiler/cli/src/org/jetbrains/kotlin/cli/jvm/modules/JavaModuleGraph.kt':[
51,
],
'kotlin-project:sources/kotlin/kotlin/compiler/daemon/daemon-client/src/org/jetbrains/kotlin/daemon/client/KotlinCompilerClient.kt':[
329,
],
'kotlin-project:sources/kotlin/kotlin/compiler/frontend.java/src/org/jetbrains/kotlin/resolve/jvm/checkers/JavaNullabilityChecker.kt':[
61,
],
'kotlin-project:sources/kotlin/kotlin/compiler/frontend.java/src/org/jetbrains/kotlin/synthetic/SamAdapterFunctionsScope.kt':[
109,
],
'kotlin-project:sources/kotlin/kotlin/compiler/frontend.script/src/org/jetbrains/kotlin/script/reflectionUtil.kt':[
33,
90,
99,
122,
],
'kotlin-project:sources/kotlin/kotlin/compiler/frontend/src/org/jetbrains/kotlin/cfg/ConstructorConsistencyChecker.kt':[
150,
156,
],
'kotlin-project:sources/kotlin/kotlin/compiler/frontend/src/org/jetbrains/kotlin/cfg/ControlFlowInformationProvider.kt':[
347,
450,
456,
465,
782,
810,
824,
831,
],
'kotlin-project:sources/kotlin/kotlin/compiler/frontend/src/org/jetbrains/kotlin/cfg/ControlFlowProcessor.kt':[
1579,
],
'kotlin-project:sources/kotlin/kotlin/compiler/frontend/src/org/jetbrains/kotlin/cfg/WhenChecker.kt':[
83,
114,
115,
201,
337,
348,
],
'kotlin-project:sources/kotlin/kotlin/compiler/frontend/src/org/jetbrains/kotlin/cfg/pseudocode/ControlFlowInstructionsGenerator.kt':[
208,
],
'kotlin-project:sources/kotlin/kotlin/compiler/frontend/src/org/jetbrains/kotlin/resolve/AnnotationChecker.kt':[
58,
],
'kotlin-project:sources/kotlin/kotlin/compiler/frontend/src/org/jetbrains/kotlin/resolve/AnnotationUseSiteTargetChecker.kt':[
95,
],
'kotlin-project:sources/kotlin/kotlin/compiler/frontend/src/org/jetbrains/kotlin/resolve/DeclarationResolver.kt':[
91,
],
'kotlin-project:sources/kotlin/kotlin/compiler/frontend/src/org/jetbrains/kotlin/resolve/DeclarationsChecker.kt':[
705,
],
'kotlin-project:sources/kotlin/kotlin/compiler/frontend/src/org/jetbrains/kotlin/resolve/FunctionDescriptorResolver.kt':[
398,
407,
],
'kotlin-project:sources/kotlin/kotlin/compiler/frontend/src/org/jetbrains/kotlin/resolve/LazyTopDownAnalyzer.kt':[
131,
136,
],
'kotlin-project:sources/kotlin/kotlin/compiler/frontend/src/org/jetbrains/kotlin/resolve/NonExpansiveInheritanceRestrictionChecker.kt':[
106,
133,
],
'kotlin-project:sources/kotlin/kotlin/compiler/frontend/src/org/jetbrains/kotlin/resolve/OverrideResolver.kt':[
634,
639,
874,
],
'kotlin-project:sources/kotlin/kotlin/compiler/frontend/src/org/jetbrains/kotlin/resolve/TypeResolver.kt':[
838,
],
'kotlin-project:sources/kotlin/kotlin/compiler/frontend/src/org/jetbrains/kotlin/resolve/calls/CandidateResolver.kt':[
374,
387,
],
'kotlin-project:sources/kotlin/kotlin/compiler/frontend/src/org/jetbrains/kotlin/resolve/calls/checkers/DeprecatedCallChecker.kt':[
79,
],
'kotlin-project:sources/kotlin/kotlin/compiler/frontend/src/org/jetbrains/kotlin/resolve/calls/smartcasts/DelegatingDataFlowInfo.kt':[
129,
],
'kotlin-project:sources/kotlin/kotlin/compiler/frontend/src/org/jetbrains/kotlin/resolve/calls/smartcasts/SmartCastManager.kt':[
184,
],
'kotlin-project:sources/kotlin/kotlin/compiler/frontend/src/org/jetbrains/kotlin/resolve/calls/tower/PSICallResolver.kt':[
649,
],
'kotlin-project:sources/kotlin/kotlin/compiler/frontend/src/org/jetbrains/kotlin/resolve/checkers/InlineParameterChecker.kt':[
46,
],
'kotlin-project:sources/kotlin/kotlin/compiler/frontend/src/org/jetbrains/kotlin/resolve/constants/evaluate/ConstantExpressionEvaluator.kt':[
173,
],
'kotlin-project:sources/kotlin/kotlin/compiler/frontend/src/org/jetbrains/kotlin/resolve/diagnostics/KotlinSuppressCache.kt':[
157,
],
'kotlin-project:sources/kotlin/kotlin/compiler/frontend/src/org/jetbrains/kotlin/resolve/inline/InlineAnalyzerExtension.kt':[
103,
],
'kotlin-project:sources/kotlin/kotlin/compiler/frontend/src/org/jetbrains/kotlin/types/expressions/FunctionsTypingVisitor.kt':[
283,
],
'kotlin-project:sources/kotlin/kotlin/compiler/frontend/src/org/jetbrains/kotlin/types/expressions/unqualifiedSuper/unqualifiedSuper.kt':[
52,
],
'kotlin-project:sources/kotlin/kotlin/compiler/incremental-compilation-impl/src/org/jetbrains/kotlin/incremental/IncrementalJvmCompilerRunner.kt':[
223,
],
'kotlin-project:sources/kotlin/kotlin/compiler/ir/backend.js/src/org/jetbrains/kotlin/ir/backend/js/lower/SecondaryCtorLowering.kt':[
207,
],
'kotlin-project:sources/kotlin/kotlin/compiler/ir/backend.jvm/src/org/jetbrains/kotlin/backend/jvm/codegen/ExpressionCodegen.kt':[
462,
],
'kotlin-project:sources/kotlin/kotlin/compiler/ir/backend.jvm/src/org/jetbrains/kotlin/backend/jvm/lower/BridgeLowering.kt':[
106,
],
'kotlin-project:sources/kotlin/kotlin/compiler/ir/ir.psi2ir/src/org/jetbrains/kotlin/psi2ir/generators/LoopExpressionGenerator.kt':[
129,
],
'kotlin-project:sources/kotlin/kotlin/compiler/javac-wrapper/src/org/jetbrains/kotlin/javac/resolve/ConstantEvaluator.kt':[
96,
104,
114,
122,
132,
140,
150,
158,
168,
176,
],
'kotlin-project:sources/kotlin/kotlin/compiler/light-classes/src/org/jetbrains/kotlin/asJava/LightClassUtil.kt':[
92,
],
'kotlin-project:sources/kotlin/kotlin/compiler/light-classes/src/org/jetbrains/kotlin/asJava/classes/KtLightClassForSourceDeclaration.kt':[
403,
],
'kotlin-project:sources/kotlin/kotlin/compiler/light-classes/src/org/jetbrains/kotlin/asJava/lightClassUtils.kt':[
169,
],
'kotlin-project:sources/kotlin/kotlin/compiler/psi/src/org/jetbrains/kotlin/psi/createByPattern.kt':[
157,
163,
252,
253,
],
'kotlin-project:sources/kotlin/kotlin/compiler/resolution/src/org/jetbrains/kotlin/resolve/calls/components/ArgumentsToParametersMapper.kt':[
166,
238,
],
'kotlin-project:sources/kotlin/kotlin/compiler/resolution/src/org/jetbrains/kotlin/resolve/calls/inference/components/KotlinConstraintSystemCompleter.kt':[
87,
],
'kotlin-project:sources/kotlin/kotlin/compiler/resolution/src/org/jetbrains/kotlin/resolve/calls/results/FlatSignature.kt':[
145,
],
'kotlin-project:sources/kotlin/kotlin/compiler/resolution/src/org/jetbrains/kotlin/types/TypeApproximator.kt':[
402,
422,
433,
],
'kotlin-project:sources/kotlin/kotlin/compiler/tests-common/tests/org/jetbrains/kotlin/checkers/AbstractDiagnosticsTest.kt':[
115,
],
'kotlin-project:sources/kotlin/kotlin/compiler/tests-common/tests/org/jetbrains/kotlin/jvm/compiler/AbstractWriteSignatureTest.kt':[
219,
],
'kotlin-project:sources/kotlin/kotlin/compiler/tests/org/jetbrains/kotlin/resolve/typeApproximation/CapturedTypeApproximationTest.kt':[
119,
],
'kotlin-project:sources/kotlin/kotlin/compiler/util/src/org/jetbrains/kotlin/utils/JsLibraryUtils.kt':[
124,
],
'kotlin-project:sources/kotlin/kotlin/core/descriptors.runtime/src/kotlin/reflect/jvm/internal/components/ReflectKotlinClass.kt':[
132,
],
'kotlin-project:sources/kotlin/kotlin/core/descriptors.runtime/tests/org/jetbrains/kotlin/jvm/runtime/AbstractJvmRuntimeDescriptorLoaderTest.kt':[
166,
],
'kotlin-project:sources/kotlin/kotlin/core/descriptors/src/org/jetbrains/kotlin/renderer/DescriptorRendererImpl.kt':[
317,
634,
638,
],
'kotlin-project:sources/kotlin/kotlin/core/descriptors/src/org/jetbrains/kotlin/types/checker/utils.kt':[
50,
],
'kotlin-project:sources/kotlin/kotlin/core/descriptors/src/org/jetbrains/kotlin/util/scopeUtils.kt':[
82,
],
'kotlin-project:sources/kotlin/kotlin/core/metadata.jvm/src/org/jetbrains/kotlin/metadata/jvm/deserialization/ModuleMapping.kt':[
68,
],
'kotlin-project:sources/kotlin/kotlin/eval4j/src/org/jetbrains/eval4j/interpreterLoop.kt':[
104,
151,
220,
],
'kotlin-project:sources/kotlin/kotlin/eval4j/test/org/jetbrains/eval4j/jdi/test/jdiTest.kt':[
71,
],
'kotlin-project:sources/kotlin/kotlin/eval4j/test/org/jetbrains/eval4j/test/suiteBuilder.kt':[
73,
],
'kotlin-project:sources/kotlin/kotlin/idea/formatter/src/org/jetbrains/kotlin/idea/formatter/KotlinSpacingBuilder.kt':[
144,
],
'kotlin-project:sources/kotlin/kotlin/idea/ide-common/src/org/jetbrains/kotlin/idea/kdoc/findKDoc.kt':[
56,
],
'kotlin-project:sources/kotlin/kotlin/idea/ide-common/src/org/jetbrains/kotlin/idea/util/OptimizedImportsBuilder.kt':[
199,
],
'kotlin-project:sources/kotlin/kotlin/idea/ide-common/src/org/jetbrains/kotlin/idea/util/psi/patternMatching/KotlinPsiUnifier.kt':[
922,
],
'kotlin-project:sources/kotlin/kotlin/idea/ide-common/src/org/jetbrains/kotlin/resolve/lazy/PartialBodyResolveFilter.kt':[
226,
232,
],
'kotlin-project:sources/kotlin/kotlin/idea/idea-analysis/src/org/jetbrains/kotlin/idea/caches/PerModulePackageCacheService.kt':[
249,
],
'kotlin-project:sources/kotlin/kotlin/idea/idea-analysis/src/org/jetbrains/kotlin/idea/caches/lightClasses/IDELightClassContexts.kt':[
257,
264,
],
'kotlin-project:sources/kotlin/kotlin/idea/idea-analysis/src/org/jetbrains/kotlin/idea/caches/project/LibraryDependenciesCache.kt':[
111,
],
'kotlin-project:sources/kotlin/kotlin/idea/idea-analysis/src/org/jetbrains/kotlin/idea/caches/project/ModuleIndexCache.kt':[
69,
],
'kotlin-project:sources/kotlin/kotlin/idea/idea-analysis/src/org/jetbrains/kotlin/idea/decompiler/navigation/findDecompiledDeclaration.kt':[
174,
],
'kotlin-project:sources/kotlin/kotlin/idea/idea-analysis/src/org/jetbrains/kotlin/idea/highlighter/KotlinPsiChecker.kt':[
298,
],
'kotlin-project:sources/kotlin/kotlin/idea/idea-analysis/src/org/jetbrains/kotlin/idea/references/referenceUtil.kt':[
120,
],
'kotlin-project:sources/kotlin/kotlin/idea/idea-analysis/src/org/jetbrains/kotlin/idea/search/KotlinIndexers.kt':[
95,
],
'kotlin-project:sources/kotlin/kotlin/idea/idea-analysis/src/org/jetbrains/kotlin/idea/search/ideaExtensions/KotlinReferencesSearcher.kt':[
259,
],
'kotlin-project:sources/kotlin/kotlin/idea/idea-analysis/src/org/jetbrains/kotlin/idea/search/usagesSearch/ExpressionsOfTypeProcessor.kt':[
296,
558,
867,
868,
869,
],
'kotlin-project:sources/kotlin/kotlin/idea/idea-analysis/src/org/jetbrains/kotlin/idea/search/usagesSearch/operators/OperatorReferenceSearcher.kt':[
272,
311,
],
'kotlin-project:sources/kotlin/kotlin/idea/idea-analysis/src/org/jetbrains/kotlin/idea/search/usagesSearch/utils.kt':[
196,
],
'kotlin-project:sources/kotlin/kotlin/idea/idea-analysis/src/org/jetbrains/kotlin/idea/util/CommentSaver.kt':[
255,
310,
315,
328,
370,
],
'kotlin-project:sources/kotlin/kotlin/idea/idea-android/idea-android-output-parser/src/org/jetbrains/kotlin/android/KotlinOutputParserHelper.kt':[
57,
59,
],
'kotlin-project:sources/kotlin/kotlin/idea/idea-android/src/org/jetbrains/kotlin/android/configure/KotlinAndroidGradleLibraryDataService.kt':[
50,
],
'kotlin-project:sources/kotlin/kotlin/idea/idea-android/src/org/jetbrains/kotlin/android/folding/ResourceFoldingBuilder.kt':[
196,
227,
231,
],
'kotlin-project:sources/kotlin/kotlin/idea/idea-completion/src/org/jetbrains/kotlin/idea/completion/BasicLookupElementFactory.kt':[
213,
],
'kotlin-project:sources/kotlin/kotlin/idea/idea-completion/src/org/jetbrains/kotlin/idea/completion/CompletionUtils.kt':[
200,
206,
209,
],
'kotlin-project:sources/kotlin/kotlin/idea/idea-completion/src/org/jetbrains/kotlin/idea/completion/ExtensionFunctionTypeValueCompletion.kt':[
55,
],
'kotlin-project:sources/kotlin/kotlin/idea/idea-completion/src/org/jetbrains/kotlin/idea/completion/FromUnresolvedNamesCompletion.kt':[
50,
56,
],
'kotlin-project:sources/kotlin/kotlin/idea/idea-completion/src/org/jetbrains/kotlin/idea/completion/InsertHandlerProvider.kt':[
51,
],
'kotlin-project:sources/kotlin/kotlin/idea/idea-completion/src/org/jetbrains/kotlin/idea/completion/KeywordCompletion.kt':[
210,
245,
273,
],
'kotlin-project:sources/kotlin/kotlin/idea/idea-completion/src/org/jetbrains/kotlin/idea/completion/KeywordValues.kt':[
111,
],
'kotlin-project:sources/kotlin/kotlin/idea/idea-completion/src/org/jetbrains/kotlin/idea/completion/KotlinCompletionContributor.kt':[
115,
121,
128,
],
'kotlin-project:sources/kotlin/kotlin/idea/idea-completion/src/org/jetbrains/kotlin/idea/completion/LambdaSignatureTemplates.kt':[
71,
],
'kotlin-project:sources/kotlin/kotlin/idea/idea-completion/src/org/jetbrains/kotlin/idea/completion/VariableOrParameterNameWithTypeCompletion.kt':[
159,
],
'kotlin-project:sources/kotlin/kotlin/idea/idea-completion/src/org/jetbrains/kotlin/idea/completion/handlers/KotlinClassifierInsertHandler.kt':[
66,
73,
],
'kotlin-project:sources/kotlin/kotlin/idea/idea-completion/src/org/jetbrains/kotlin/idea/completion/handlers/KotlinFunctionInsertHandler.kt':[
109,
],
'kotlin-project:sources/kotlin/kotlin/idea/idea-completion/src/org/jetbrains/kotlin/idea/completion/smart/MultipleArgumentsItemProvider.kt':[
64,
69,
],
'kotlin-project:sources/kotlin/kotlin/idea/idea-completion/src/org/jetbrains/kotlin/idea/completion/smart/SmartCompletion.kt':[
121,
152,
232,
],
'kotlin-project:sources/kotlin/kotlin/idea/idea-completion/tests/org/jetbrains/kotlin/idea/completion/test/handlers/CompletionHandlerTestBase.kt':[
81,
89,
],
'kotlin-project:sources/kotlin/kotlin/idea/idea-core/src/org/jetbrains/kotlin/idea/core/ExpectedInfos.kt':[
424,
429,
484,
],
'kotlin-project:sources/kotlin/kotlin/idea/idea-core/src/org/jetbrains/kotlin/idea/core/KotlinIndicesHelper.kt':[
123,
411,
],
'kotlin-project:sources/kotlin/kotlin/idea/idea-core/src/org/jetbrains/kotlin/idea/core/KotlinNameSuggester.kt':[
255,
],
'kotlin-project:sources/kotlin/kotlin/idea/idea-core/src/org/jetbrains/kotlin/idea/core/ShortenReferences.kt':[
103,
],
'kotlin-project:sources/kotlin/kotlin/idea/idea-core/src/org/jetbrains/kotlin/idea/core/Utils.kt':[
70,
79,
],
'kotlin-project:sources/kotlin/kotlin/idea/idea-core/src/org/jetbrains/kotlin/idea/core/generateUtil.kt':[
65,
184,
],
'kotlin-project:sources/kotlin/kotlin/idea/idea-core/src/org/jetbrains/kotlin/idea/core/overrideImplement/OverrideMembersHandler.kt':[
43,
61,
],
'kotlin-project:sources/kotlin/kotlin/idea/idea-gradle/src/org/jetbrains/kotlin/idea/configuration/GroovyBuildScriptManipulator.kt':[
92,
],
'kotlin-project:sources/kotlin/kotlin/idea/idea-gradle/src/org/jetbrains/kotlin/idea/configuration/KotlinGradleProjectResolverExtension.kt':[
149,
159,
],
'kotlin-project:sources/kotlin/kotlin/idea/idea-gradle/src/org/jetbrains/kotlin/idea/core/script/GradleScriptTemplateProvider.kt':[
305,
],
'kotlin-project:sources/kotlin/kotlin/idea/idea-gradle/src/org/jetbrains/kotlin/idea/inspections/gradle/GradleHeuristicHelper.kt':[
67,
74,
],
'kotlin-project:sources/kotlin/kotlin/idea/idea-gradle/src/org/jetbrains/kotlin/idea/inspections/gradle/KotlinGradleInspectionVisitor.kt':[
77,
83,
],
'kotlin-project:sources/kotlin/kotlin/idea/idea-gradle/src/org/jetbrains/kotlin/idea/run/MultiplatformGradleProjectTaskRunner.kt':[
134,
137,
],
'kotlin-project:sources/kotlin/kotlin/idea/idea-jvm/src/org/jetbrains/kotlin/idea/KotlinExtraSteppingFilter.kt':[
72,
],
'kotlin-project:sources/kotlin/kotlin/idea/idea-jvm/src/org/jetbrains/kotlin/idea/configuration/KotlinJavaModuleConfigurator.kt':[
113,
],
'kotlin-project:sources/kotlin/kotlin/idea/idea-jvm/src/org/jetbrains/kotlin/idea/debugger/DebuggerClassNameProvider.kt':[
167,
285,
],
'kotlin-project:sources/kotlin/kotlin/idea/idea-jvm/src/org/jetbrains/kotlin/idea/debugger/KotlinPositionManager.kt':[
125,
],
'kotlin-project:sources/kotlin/kotlin/idea/idea-jvm/src/org/jetbrains/kotlin/idea/debugger/breakpoints/KotlinFieldBreakpoint.kt':[
137,
149,
156,
170,
177,
],
'kotlin-project:sources/kotlin/kotlin/idea/idea-jvm/src/org/jetbrains/kotlin/idea/debugger/evaluate/FrameVisitor.kt':[
62,
72,
],
'kotlin-project:sources/kotlin/kotlin/idea/idea-jvm/src/org/jetbrains/kotlin/idea/debugger/evaluate/KotlinCodeFragmentFactory.kt':[
244,
],
'kotlin-project:sources/kotlin/kotlin/idea/idea-jvm/src/org/jetbrains/kotlin/idea/debugger/stepping/KotlinSmartStepIntoHandler.kt':[
156,
187,
196,
],
'kotlin-project:sources/kotlin/kotlin/idea/idea-jvm/src/org/jetbrains/kotlin/idea/debugger/stepping/KotlinStepOverInlinedLinesHint.kt':[
47,
],
'kotlin-project:sources/kotlin/kotlin/idea/idea-jvm/src/org/jetbrains/kotlin/idea/filters/KotlinExceptionFilter.kt':[
86,
],
'kotlin-project:sources/kotlin/kotlin/idea/idea-jvm/src/org/jetbrains/kotlin/idea/framework/CustomLibraryDescriptorWithDeferredConfig.kt':[
102,
],
'kotlin-project:sources/kotlin/kotlin/idea/idea-jvm/src/org/jetbrains/kotlin/idea/scratch/compile/KtCompilingExecutor.kt':[
182,
245,
],
'kotlin-project:sources/kotlin/kotlin/idea/idea-maven/src/org/jetbrains/kotlin/idea/maven/MavenModulesRelationship.kt':[
56,
],
'kotlin-project:sources/kotlin/kotlin/idea/idea-maven/src/org/jetbrains/kotlin/idea/maven/inspections/KotlinMavenPluginPhaseInspection.kt':[
109,
137,
149,
],
'kotlin-project:sources/kotlin/kotlin/idea/idea-test-framework/test/org/jetbrains/kotlin/idea/test/ConfigLibraryUtil.kt':[
144,
],
'kotlin-project:sources/kotlin/kotlin/idea/src/org/jetbrains/kotlin/idea/KotlinQuickDocumentationProvider.kt':[
297,
],
'kotlin-project:sources/kotlin/kotlin/idea/src/org/jetbrains/kotlin/idea/actions/NewKotlinFileAction.kt':[
74,
],
'kotlin-project:sources/kotlin/kotlin/idea/src/org/jetbrains/kotlin/idea/actions/internal/CheckComponentsUsageSearchAction.kt':[
80,
],
'kotlin-project:sources/kotlin/kotlin/idea/src/org/jetbrains/kotlin/idea/actions/internal/SearchNotPropertyCandidatesAction.kt':[
89,
],
'kotlin-project:sources/kotlin/kotlin/idea/src/org/jetbrains/kotlin/idea/codeInliner/CodeInliner.kt':[
245,
267,
269,
],
'kotlin-project:sources/kotlin/kotlin/idea/src/org/jetbrains/kotlin/idea/codeInliner/CodeToInlineBuilder.kt':[
174,
],
'kotlin-project:sources/kotlin/kotlin/idea/src/org/jetbrains/kotlin/idea/codeInliner/UsageReplacementStrategy.kt':[
134,
170,
],
'kotlin-project:sources/kotlin/kotlin/idea/src/org/jetbrains/kotlin/idea/codeInsight/KotlinBreadcrumbsInfoProvider.kt':[
88,
148,
],
'kotlin-project:sources/kotlin/kotlin/idea/src/org/jetbrains/kotlin/idea/conversion/copy/DataForConversion.kt':[
78,
93,
252,
],
'kotlin-project:sources/kotlin/kotlin/idea/src/org/jetbrains/kotlin/idea/editor/KotlinLiteralCopyPasteProcessor.kt':[
210,
248,
251,
],
'kotlin-project:sources/kotlin/kotlin/idea/src/org/jetbrains/kotlin/idea/findUsages/KotlinFindUsagesHandlerFactory.kt':[
71,
],
'kotlin-project:sources/kotlin/kotlin/idea/src/org/jetbrains/kotlin/idea/highlighter/KotlinRecursiveCallLineMarkerProvider.kt':[
74,
164,
],
'kotlin-project:sources/kotlin/kotlin/idea/src/org/jetbrains/kotlin/idea/inspections/DeprecatedCallableAddReplaceWithInspection.kt':[
77,
],
'kotlin-project:sources/kotlin/kotlin/idea/src/org/jetbrains/kotlin/idea/inspections/MoveSuspiciousCallableReferenceIntoParenthesesInspection.kt':[
43,
],
'kotlin-project:sources/kotlin/kotlin/idea/src/org/jetbrains/kotlin/idea/inspections/RedundantExplicitTypeInspection.kt':[
34,
37,
42,
45,
],
'kotlin-project:sources/kotlin/kotlin/idea/src/org/jetbrains/kotlin/idea/inspections/UnusedSymbolInspection.kt':[
251,
],
'kotlin-project:sources/kotlin/kotlin/idea/src/org/jetbrains/kotlin/idea/intentions/ConvertEnumToSealedClassIntention.kt':[
66,
],
'kotlin-project:sources/kotlin/kotlin/idea/src/org/jetbrains/kotlin/idea/intentions/ConvertFunctionToPropertyIntention.kt':[
150,
],
'kotlin-project:sources/kotlin/kotlin/idea/src/org/jetbrains/kotlin/idea/intentions/ConvertFunctionTypeParameterToReceiverIntention.kt':[
205,
],
'kotlin-project:sources/kotlin/kotlin/idea/src/org/jetbrains/kotlin/idea/intentions/ConvertLambdaToReferenceIntention.kt':[
249,
],
'kotlin-project:sources/kotlin/kotlin/idea/src/org/jetbrains/kotlin/idea/intentions/ConvertPropertyToFunctionIntention.kt':[
127,
152,
],
'kotlin-project:sources/kotlin/kotlin/idea/src/org/jetbrains/kotlin/idea/intentions/ConvertSecondaryConstructorToPrimaryIntention.kt':[
132,
],
'kotlin-project:sources/kotlin/kotlin/idea/src/org/jetbrains/kotlin/idea/intentions/ConvertToStringTemplateIntention.kt':[
94,
113,
],
'kotlin-project:sources/kotlin/kotlin/idea/src/org/jetbrains/kotlin/idea/intentions/ConvertTwoComparisonsToRangeCheckIntention.kt':[
149,
151,
],
'kotlin-project:sources/kotlin/kotlin/idea/src/org/jetbrains/kotlin/idea/intentions/CreateKotlinSubClassIntention.kt':[
125,
],
'kotlin-project:sources/kotlin/kotlin/idea/src/org/jetbrains/kotlin/idea/intentions/DestructureIntention.kt':[
297,
],
'kotlin-project:sources/kotlin/kotlin/idea/src/org/jetbrains/kotlin/idea/intentions/InvertIfConditionIntention.kt':[
125,
129,
],
'kotlin-project:sources/kotlin/kotlin/idea/src/org/jetbrains/kotlin/idea/intentions/Utils.kt':[
156,
],
'kotlin-project:sources/kotlin/kotlin/idea/src/org/jetbrains/kotlin/idea/intentions/branchedTransformations/branchedTransformationUtils.kt':[
117,
],
'kotlin-project:sources/kotlin/kotlin/idea/src/org/jetbrains/kotlin/idea/intentions/declarations/ConvertMemberToExtensionIntention.kt':[
207,
],
'kotlin-project:sources/kotlin/kotlin/idea/src/org/jetbrains/kotlin/idea/intentions/loopToCallChain/matchAndConvert.kt':[
90,
192,
],
'kotlin-project:sources/kotlin/kotlin/idea/src/org/jetbrains/kotlin/idea/intentions/loopToCallChain/result/FindTransformationMatcher.kt':[
247,
251,
],
'kotlin-project:sources/kotlin/kotlin/idea/src/org/jetbrains/kotlin/idea/intentions/loopToCallChain/result/ForEachTransformation.kt':[
72,
],
'kotlin-project:sources/kotlin/kotlin/idea/src/org/jetbrains/kotlin/idea/j2k/J2kPostProcessor.kt':[
70,
],
'kotlin-project:sources/kotlin/kotlin/idea/src/org/jetbrains/kotlin/idea/parameterInfo/KotlinTypeArgumentInfoHandler.kt':[
205,
],
'kotlin-project:sources/kotlin/kotlin/idea/src/org/jetbrains/kotlin/idea/quickfix/ChangeMemberFunctionSignatureFix.kt':[
168,
],
'kotlin-project:sources/kotlin/kotlin/idea/src/org/jetbrains/kotlin/idea/quickfix/ChangeVariableTypeFix.kt':[
142,
148,
],
'kotlin-project:sources/kotlin/kotlin/idea/src/org/jetbrains/kotlin/idea/quickfix/ExclExclCallFixes.kt':[
144,
],
'kotlin-project:sources/kotlin/kotlin/idea/src/org/jetbrains/kotlin/idea/quickfix/QuickFixFactoryForTypeMismatchError.kt':[
241,
248,
],
'kotlin-project:sources/kotlin/kotlin/idea/src/org/jetbrains/kotlin/idea/quickfix/SpecifyOverrideExplicitlyFix.kt':[
74,
],
'kotlin-project:sources/kotlin/kotlin/idea/src/org/jetbrains/kotlin/idea/quickfix/SuperClassNotInitialized.kt':[
95,
101,
],
'kotlin-project:sources/kotlin/kotlin/idea/src/org/jetbrains/kotlin/idea/quickfix/createFromUsage/createCallable/CreateCallableFromUsageFix.kt':[
119,
],
'kotlin-project:sources/kotlin/kotlin/idea/src/org/jetbrains/kotlin/idea/quickfix/replaceWith/DeprecatedSymbolUsageFixBase.kt':[
171,
],
'kotlin-project:sources/kotlin/kotlin/idea/src/org/jetbrains/kotlin/idea/refactoring/changeSignature/KotlinChangeSignatureUsageProcessor.kt':[
141,
285,
575,
584,
747,
854,
855,
858,
862,
],
'kotlin-project:sources/kotlin/kotlin/idea/src/org/jetbrains/kotlin/idea/refactoring/elementSelectionUtils.kt':[
117,
140,
],
'kotlin-project:sources/kotlin/kotlin/idea/src/org/jetbrains/kotlin/idea/refactoring/introduce/extractionEngine/duplicateUtil.kt':[
109,
],
'kotlin-project:sources/kotlin/kotlin/idea/src/org/jetbrains/kotlin/idea/refactoring/introduce/extractionEngine/extractorUtil.kt':[
182,
183,
],
'kotlin-project:sources/kotlin/kotlin/idea/src/org/jetbrains/kotlin/idea/refactoring/introduce/extractionEngine/inferParameterInfo.kt':[
235,
240,
261,
276,
],
'kotlin-project:sources/kotlin/kotlin/idea/src/org/jetbrains/kotlin/idea/refactoring/introduce/introduceParameter/KotlinInplaceParameterIntroducer.kt':[
140,
],
'kotlin-project:sources/kotlin/kotlin/idea/src/org/jetbrains/kotlin/idea/refactoring/introduce/introduceTypeAlias/introduceTypeAliasImpl.kt':[
210,
],
'kotlin-project:sources/kotlin/kotlin/idea/src/org/jetbrains/kotlin/idea/refactoring/introduce/introduceVariable/KotlinIntroduceVariableHandler.kt':[
195,
203,
209,
267,
282,
287,
],
'kotlin-project:sources/kotlin/kotlin/idea/src/org/jetbrains/kotlin/idea/refactoring/kotlinRefactoringUtil.kt':[
768,
],
'kotlin-project:sources/kotlin/kotlin/idea/src/org/jetbrains/kotlin/idea/refactoring/move/moveDeclarations/MoveDeclarationsDelegate.kt':[
163,
],
'kotlin-project:sources/kotlin/kotlin/idea/src/org/jetbrains/kotlin/idea/refactoring/move/moveDeclarations/MoveKotlinDeclarationsProcessor.kt':[
309,
313,
],
'kotlin-project:sources/kotlin/kotlin/idea/src/org/jetbrains/kotlin/idea/refactoring/move/moveUtils.kt':[
153,
156,
],
'kotlin-project:sources/kotlin/kotlin/idea/src/org/jetbrains/kotlin/idea/refactoring/pullUp/KotlinPullUpHelper.kt':[
121,
126,
507,
516,
518,
],
'kotlin-project:sources/kotlin/kotlin/idea/src/org/jetbrains/kotlin/idea/refactoring/pushDown/KotlinPushDownProcessor.kt':[
181,
],
'kotlin-project:sources/kotlin/kotlin/idea/src/org/jetbrains/kotlin/idea/refactoring/rename/RenameKotlinPropertyProcessor.kt':[
440,
],
'kotlin-project:sources/kotlin/kotlin/idea/src/org/jetbrains/kotlin/idea/refactoring/rename/renameConflictUtils.kt':[
303,
],
'kotlin-project:sources/kotlin/kotlin/idea/tests/org/jetbrains/kotlin/findUsages/AbstractFindUsagesTest.kt':[
316,
],
'kotlin-project:sources/kotlin/kotlin/idea/tests/org/jetbrains/kotlin/idea/intentions/AbstractIntentionTest.kt':[
183,
],
'kotlin-project:sources/kotlin/kotlin/idea/tests/org/jetbrains/kotlin/idea/intentions/IntentionDescriptionTest.kt':[
50,
],
'kotlin-project:sources/kotlin/kotlin/idea/tests/org/jetbrains/kotlin/idea/quickfix/AbstractQuickFixMultiFileTest.kt':[
171,
242,
246,
],
'kotlin-project:sources/kotlin/kotlin/idea/tests/org/jetbrains/kotlin/idea/quickfix/AbstractQuickFixTest.kt':[
222,
246,
],
'kotlin-project:sources/kotlin/kotlin/j2k/src/org/jetbrains/kotlin/j2k/AnnotationConverter.kt':[
55,
],
'kotlin-project:sources/kotlin/kotlin/j2k/src/org/jetbrains/kotlin/j2k/ClassBodyConverter.kt':[
103,
],
'kotlin-project:sources/kotlin/kotlin/j2k/src/org/jetbrains/kotlin/j2k/CodeConverter.kt':[
124,
127,
130,
138,
],
'kotlin-project:sources/kotlin/kotlin/j2k/src/org/jetbrains/kotlin/j2k/ConstructorConverter.kt':[
57,
138,
269,
],
'kotlin-project:sources/kotlin/kotlin/j2k/src/org/jetbrains/kotlin/j2k/Converter.kt':[
368,
394,
639,
685,
],
'kotlin-project:sources/kotlin/kotlin/j2k/src/org/jetbrains/kotlin/j2k/ExpressionConverter.kt':[
140,
313,
318,
373,
386,
401,
422,
489,
],
'kotlin-project:sources/kotlin/kotlin/j2k/src/org/jetbrains/kotlin/j2k/ForConverter.kt':[
166,
172,
182,
244,
],
'kotlin-project:sources/kotlin/kotlin/j2k/src/org/jetbrains/kotlin/j2k/OverloadReducer.kt':[
81,
160,
],
'kotlin-project:sources/kotlin/kotlin/j2k/src/org/jetbrains/kotlin/j2k/TypeConverter.kt':[
351,
],
'kotlin-project:sources/kotlin/kotlin/j2k/src/org/jetbrains/kotlin/j2k/importConversion.kt':[
104,
136,
],
'kotlin-project:sources/kotlin/kotlin/j2k/src/org/jetbrains/kotlin/j2k/propertyDetection.kt':[
194,
200,
355,
],
'kotlin-project:sources/kotlin/kotlin/j2k/tests/org/jetbrains/kotlin/j2k/AbstractJavaToKotlinConverterForWebDemoTest.kt':[
119,
],
'kotlin-project:sources/kotlin/kotlin/js/js.dce/src/org/jetbrains/kotlin/js/dce/Analyzer.kt':[
264,
],
'kotlin-project:sources/kotlin/kotlin/js/js.dce/src/org/jetbrains/kotlin/js/dce/Context.kt':[
95,
],
'kotlin-project:sources/kotlin/kotlin/js/js.frontend/src/org/jetbrains/kotlin/js/naming/NameSuggestion.kt':[
123,
130,
],
'kotlin-project:sources/kotlin/kotlin/js/js.frontend/src/org/jetbrains/kotlin/js/resolve/diagnostics/JsNameClashChecker.kt':[
73,
182,
],
'kotlin-project:sources/kotlin/kotlin/js/js.inliner/src/org/jetbrains/kotlin/js/inline/clean/IfStatementReduction.kt':[
46,
63,
],
'kotlin-project:sources/kotlin/kotlin/js/js.inliner/src/org/jetbrains/kotlin/js/inline/clean/RedundantStatementElimination.kt':[
53,
],
'kotlin-project:sources/kotlin/kotlin/js/js.inliner/src/org/jetbrains/kotlin/js/inline/clean/TemporaryAssignmentElimination.kt':[
194,
],
'kotlin-project:sources/kotlin/kotlin/js/js.inliner/src/org/jetbrains/kotlin/js/inline/clean/removeDuplicateImports.kt':[
55,
],
'kotlin-project:sources/kotlin/kotlin/js/js.tests/test/org/jetbrains/kotlin/generators/tests/generateTestDataForReservedWords.kt':[
297,
303,
318,
],
'kotlin-project:sources/kotlin/kotlin/js/js.translator/src/org/jetbrains/kotlin/js/translate/reference/CallArgumentTranslator.kt':[
98,
113,
],
'kotlin-project:sources/kotlin/kotlin/libraries/scripting/common/src/kotlin/script/experimental/host/scriptHostUtil.kt':[
39,
],
'kotlin-project:sources/kotlin/kotlin/libraries/scripting/jvm/src/kotlin/script/experimental/jvm/runners/BasicJvmScriptEvaluator.kt':[
29,
],
'kotlin-project:sources/kotlin/kotlin/libraries/stdlib/common/src/generated/_Collections.kt':[
562,
565,
],
'kotlin-project:sources/kotlin/kotlin/libraries/stdlib/coroutines/src/kotlin/coroutines/CoroutineContext.kt':[
41,
],
'kotlin-project:sources/kotlin/kotlin/libraries/stdlib/js/src/kotlin/collections/InternalHashCodeMap.kt':[
82,
],
'kotlin-project:sources/kotlin/kotlin/libraries/stdlib/js/src/kotlin/stringsCode.kt':[
102,
106,
],
'kotlin-project:sources/kotlin/kotlin/libraries/stdlib/jvm/runtime/kotlin/jvm/internal/CollectionToArray.kt':[
73,
],
'kotlin-project:sources/kotlin/kotlin/libraries/stdlib/jvm/src/kotlin/io/files/FilePathComponents.kt':[
38,
],
'kotlin-project:sources/kotlin/kotlin/libraries/stdlib/jvm/src/kotlin/io/files/Utils.kt':[
273,
279,
297,
],
'kotlin-project:sources/kotlin/kotlin/libraries/stdlib/jvm/test/io/FileTreeWalks.kt':[
320,
],
'kotlin-project:sources/kotlin/kotlin/libraries/stdlib/jvm/test/io/Files.kt':[
472,
539,
],
'kotlin-project:sources/kotlin/kotlin/libraries/stdlib/src/kotlin/collections/SlidingWindow.kt':[
37,
49,
55,
],
'kotlin-project:sources/kotlin/kotlin/libraries/stdlib/src/kotlin/coroutines/experimental/CoroutineContext.kt':[
41,
],
'kotlin-project:sources/kotlin/kotlin/libraries/stdlib/src/kotlin/text/Strings.kt':[
1069,
],
'kotlin-project:sources/kotlin/kotlin/libraries/stdlib/test/ranges/ProgressionLastElementTest.kt':[
72,
73,
78,
],
'kotlin-project:sources/kotlin/kotlin/libraries/tools/kotlin-gradle-plugin/src/main/kotlin/org/jetbrains/kotlin/gradle/plugin/KotlinPlugin.kt':[
828,
],
'kotlin-project:sources/kotlin/kotlin/libraries/tools/kotlin-stdlib-gen/src/templates/dsl/TypeParameterParsers.kt':[
67,
],
'kotlin-project:sources/kotlin/kotlin/plugins/android-extensions/android-extensions-compiler/src/org/jetbrains/kotlin/android/synthetic/descriptors/AndroidSyntheticPackageFragmentDescriptor.kt':[
70,
76,
],
'kotlin-project:sources/kotlin/kotlin/plugins/android-extensions/android-extensions-compiler/src/org/jetbrains/kotlin/android/synthetic/res/AndroidLayoutXmlFileManager.kt':[
119,
],
'kotlin-project:sources/kotlin/kotlin/plugins/kapt3/kapt3-compiler/src/org/jetbrains/kotlin/kapt3/Kapt3Extension.kt':[
354,
],
'kotlin-project:sources/kotlin/kotlin/plugins/scripting/scripting-cli/src/org/jetbrains/kotlin/scripting/compiler/plugin/ScriptiDefinitionsFromClasspathDiscoverySource.kt':[
64,
100,
168,
182,
],
'kotlin-project:sources/kotlin/kotlin/plugins/uast-kotlin/src/org/jetbrains/uast/kotlin/KotlinUastLanguagePlugin.kt':[
361,
],
'kotlin-project:sources/kotlin/kotlin/plugins/uast-kotlin/src/org/jetbrains/uast/kotlin/expressions/KotlinUSimpleReferenceExpression.kt':[
84,
],
'kotlin-project:sources/kotlin/ktor/ktor-client/ktor-client-cio/src/io/ktor/client/engine/cio/Endpoint.kt':[
49,
],
'kotlin-project:sources/kotlin/ktor/ktor-features/ktor-server-sessions/src/io/ktor/sessions/Cache.kt':[
203,
],
'kotlin-project:sources/kotlin/ktor/ktor-http-cio/src/io/ktor/http/cio/CIOMultipartData.kt':[
97,
102,
],
'kotlin-project:sources/kotlin/ktor/ktor-http-cio/src/io/ktor/http/cio/ChunkedTransferEncoding.kt':[
82,
],
'kotlin-project:sources/kotlin/ktor/ktor-http-cio/src/io/ktor/http/cio/Pipeline.kt':[
50,
74,
128,
139,
],
'kotlin-project:sources/kotlin/ktor/ktor-http-cio/src/io/ktor/http/cio/internals/WeakTimeoutQueue.kt':[
100,
],
'kotlin-project:sources/kotlin/ktor/ktor-http-cio/src/io/ktor/http/cio/websocket/DefaultWebSocketSessionImpl.kt':[
82,
],
'kotlin-project:sources/kotlin/ktor/ktor-http-cio/src/io/ktor/http/cio/websocket/PingPong.kt':[
71,
],
'kotlin-project:sources/kotlin/ktor/ktor-http-cio/src/io/ktor/http/cio/websocket/WebSocketReader.kt':[
76,
],
'kotlin-project:sources/kotlin/ktor/ktor-http-cio/src/io/ktor/http/cio/websocket/WebSocketWriter.kt':[
40,
],
'kotlin-project:sources/kotlin/ktor/ktor-network-tls/src/io/ktor/network/tls/Cipher.kt':[
157,
],
'kotlin-project:sources/kotlin/ktor/ktor-network-tls/src/io/ktor/network/tls/TLSClientHandshake.kt':[
227,
256,
],
'kotlin-project:sources/kotlin/ktor/ktor-network/src/io/ktor/network/selector/ActorSelectorManager.kt':[
62,
],
'kotlin-project:sources/kotlin/ktor/ktor-network/src/io/ktor/network/sockets/CIOReader.kt':[
65,
],
'kotlin-project:sources/kotlin/ktor/ktor-network/src/io/ktor/network/sockets/CIOWriter.kt':[
32,
67,
74,
],
'kotlin-project:sources/kotlin/ktor/ktor-server/ktor-server-core/src/io/ktor/features/OriginConnectionPoint.kt':[
122,
],
'kotlin-project:sources/kotlin/ktor/ktor-server/ktor-server-core/src/io/ktor/sessions/SessionSerializerReflection.kt':[
211,
],
'kotlin-project:sources/kotlin/ktor/ktor-server/ktor-server-core/test/io/ktor/tests/http/HighLoadHttpGenerator.kt':[
422,
439,
471,
523,
],
'kotlin-project:sources/kotlin/ktor/ktor-server/ktor-server-host-common/src/io/ktor/server/engine/ApplicationEngineEnvironmentReloading.kt':[
85,
],
'kotlin-project:sources/kotlin/ktor/ktor-server/ktor-server-netty/src/io/ktor/server/netty/cio/RequestBodyHandler.kt':[
28,
],
'kotlin-project:sources/kotlin/ktor/ktor-server/ktor-server-netty/src/io/ktor/server/netty/http2/HttpFrameAdapter.kt':[
17,
],
'kotlin-project:sources/kotlin/ktor/ktor-server/ktor-server-test-host/src/io/ktor/server/testing/EngineTestSuite.kt':[
1251,
1324,
],
'kotlin-project:sources/kotlin/okio/okio/jvm/src/main/java/okio/Buffer.kt':[
409,
420,
470,
563,
567,
578,
589,
591,
605,
1152,
1302,
1474,
1494,
],
'kotlin-project:sources/kotlin/okio/okio/jvm/src/main/java/okio/InflaterSource.kt':[
68,
],
'kotlin-project:sources/kotlin/okio/okio/jvm/src/main/java/okio/Options.kt':[
170,
],
}
