{
'kotlin-project:sources/kotlin/corda/serialization/src/test/kotlin/net/corda/serialization/internal/amqp/DeserializeNeedingCarpentryTests.kt':[
200,
220,
],
'kotlin-project:sources/kotlin/corda/serialization/src/test/kotlin/net/corda/serialization/internal/amqp/GenericsTests.kt':[
277,
512,
],
'kotlin-project:sources/kotlin/corda/serialization/src/test/kotlin/net/corda/serialization/internal/amqp/SerializationOutputTests.kt':[
142,
144,
146,
148,
],
'kotlin-project:sources/kotlin/corda/serialization/src/test/kotlin/net/corda/serialization/internal/carpenter/CompositeMemberCompositeSchemaToClassCarpenterTests.kt':[
14,
],
'kotlin-project:sources/kotlin/kotlin/buildSrc/src/main/kotlin/pill/xml.kt':[
9,
],
'kotlin-project:sources/kotlin/kotlin/compiler/ir/ir.tree/src/org/jetbrains/kotlin/ir/expressions/IrStatementOrigin.kt':[
96,
],
'kotlin-project:sources/kotlin/kotlin/idea/ide-common/src/org/jetbrains/kotlin/idea/util/CallType.kt':[
127,
130,
131,
132,
],
'kotlin-project:sources/kotlin/kotlin/idea/idea-jvm/src/org/jetbrains/kotlin/idea/debugger/stepping/KotlinSteppingCommandProvider.kt':[
272,
276,
280,
287,
],
'kotlin-project:sources/kotlin/kotlin/libraries/stdlib/js/runtime/hacks.kt':[
14,
],
'kotlin-project:sources/kotlin/kotlin/libraries/stdlib/js/src/kotlin/annotations.kt':[
12,
16,
20,
24,
27,
30,
],
'kotlin-project:sources/kotlin/ktor/ktor-features/ktor-locations/test/io/ktor/tests/locations/CustomLocationsTest.kt':[
32,
33,
36,
],
'kotlin-project:sources/kotlin/ktor/ktor-features/ktor-locations/test/io/ktor/tests/locations/LocationsTest.kt':[
21,
38,
52,
66,
81,
98,
114,
115,
116,
137,
138,
139,
160,
178,
210,
211,
233,
234,
253,
269,
270,
314,
378,
],
}
