{
'ruby-project:sources/ruby/fastlane/fastlane_core/lib/fastlane_core/ui/fastlane_runner.rb':[
181,
],
'ruby-project:sources/ruby/fastlane/spaceship/lib/spaceship/tunes/app_details.rb':[
100,
106,
112,
118,
124,
],
'ruby-project:sources/ruby/rails/actionpack/lib/action_dispatch/journey/visitors.rb':[
225,
],
'ruby-project:sources/ruby/rails/actionpack/test/controller/flash_test.rb':[
28,
],
'ruby-project:sources/ruby/rails/actionpack/test/controller/mime/respond_to_test.rb':[
838,
],
'ruby-project:sources/ruby/rails/actionpack/test/dispatch/routing_test.rb':[
3349,
],
'ruby-project:sources/ruby/rails/actionview/test/actionpack/controller/capture_test.rb':[
17,
22,
27,
],
'ruby-project:sources/ruby/rails/actionview/test/actionpack/controller/render_test.rb':[
156,
],
'ruby-project:sources/ruby/rails/actionview/test/template/date_helper_test.rb':[
2931,
2947,
2964,
2980,
2996,
],
'ruby-project:sources/ruby/rails/activerecord/lib/active_record/associations/collection_proxy.rb':[
289,
],
'ruby-project:sources/ruby/rails/activerecord/lib/active_record/connection_adapters/abstract_adapter.rb':[
398,
],
'ruby-project:sources/ruby/rails/activerecord/lib/active_record/connection_adapters/determine_if_preparable_visitor.rb':[
18,
],
'ruby-project:sources/ruby/rails/activerecord/lib/active_record/railties/collection_cache_association_loading.rb':[
28,
],
'ruby-project:sources/ruby/rails/activerecord/lib/arel/visitors/depth_first.rb':[
58,
],
'ruby-project:sources/ruby/rails/activerecord/lib/arel/visitors/dot.rb':[
183,
],
'ruby-project:sources/ruby/rails/activerecord/test/cases/arel/nodes/equality_test.rb':[
40,
41,
],
'ruby-project:sources/ruby/rails/activerecord/test/cases/associations/join_model_test.rb':[
70,
84,
663,
690,
],
'ruby-project:sources/ruby/rails/activerecord/test/cases/serialized_attribute_test.rb':[
195,
],
'ruby-project:sources/ruby/rails/activerecord/test/cases/transaction_callbacks_test.rb':[
271,
272,
],
'ruby-project:sources/ruby/rails/activesupport/lib/active_support/cache/strategy/local_cache.rb':[
114,
],
'ruby-project:sources/ruby/rails/activesupport/test/cache/stores/null_store_test.rb':[
39,
],
'ruby-project:sources/ruby/rails/activesupport/test/core_ext/string_ext_test.rb':[
314,
],
}
