{
'ruby-project:ruling/src/test/resources/sources/ruby/S1145.rb':[
1,
5,
],
}
