{
'ruby-project:sources/ruby/devdocs/lib/docs/filters/ansible/entries.rb':[
13,
],
'ruby-project:sources/ruby/devdocs/lib/docs/filters/c/clean_html.rb':[
4,
],
'ruby-project:sources/ruby/devdocs/lib/docs/filters/crystal/entries.rb':[
23,
],
'ruby-project:sources/ruby/devdocs/lib/docs/filters/css/entries.rb':[
44,
],
'ruby-project:sources/ruby/devdocs/lib/docs/filters/javascript/entries.rb':[
9,
45,
],
'ruby-project:sources/ruby/devdocs/lib/docs/filters/moment/entries.rb':[
26,
],
'ruby-project:sources/ruby/devdocs/lib/docs/filters/postgresql/entries.rb':[
63,
],
'ruby-project:sources/ruby/devdocs/lib/docs/filters/sass/entries.rb':[
30,
],
'ruby-project:sources/ruby/devdocs/lib/docs/filters/sphinx/clean_html.rb':[
4,
],
'ruby-project:sources/ruby/discourse/app/controllers/admin/themes_controller.rb':[
39,
],
'ruby-project:sources/ruby/discourse/app/controllers/directory_items_controller.rb':[
4,
],
'ruby-project:sources/ruby/discourse/app/controllers/email_controller.rb':[
11,
],
'ruby-project:sources/ruby/discourse/app/controllers/groups_controller.rb':[
250,
],
'ruby-project:sources/ruby/discourse/app/controllers/posts_controller.rb':[
178,
377,
],
'ruby-project:sources/ruby/discourse/app/controllers/session_controller.rb':[
45,
108,
],
'ruby-project:sources/ruby/discourse/app/controllers/stylesheets_controller.rb':[
16,
],
'ruby-project:sources/ruby/discourse/app/controllers/topics_controller.rb':[
50,
],
'ruby-project:sources/ruby/discourse/app/controllers/user_avatars_controller.rb':[
94,
],
'ruby-project:sources/ruby/discourse/app/controllers/users/omniauth_callbacks_controller.rb':[
28,
112,
],
'ruby-project:sources/ruby/discourse/app/controllers/users_controller.rb':[
313,
438,
560,
],
'ruby-project:sources/ruby/discourse/app/helpers/application_helper.rb':[
187,
],
'ruby-project:sources/ruby/discourse/app/jobs/regular/notify_mailing_list_subscribers.rb':[
9,
],
'ruby-project:sources/ruby/discourse/app/jobs/regular/process_post.rb':[
8,
],
'ruby-project:sources/ruby/discourse/app/jobs/regular/pull_hotlinked_images.rb':[
36,
],
'ruby-project:sources/ruby/discourse/app/jobs/regular/user_email.rb':[
64,
],
'ruby-project:sources/ruby/discourse/app/mailers/user_notifications.rb':[
140,
408,
],
'ruby-project:sources/ruby/discourse/app/models/concerns/has_custom_fields.rb':[
182,
],
'ruby-project:sources/ruby/discourse/app/models/discourse_single_sign_on.rb':[
164,
232,
],
'ruby-project:sources/ruby/discourse/app/models/invite.rb':[
96,
],
'ruby-project:sources/ruby/discourse/app/models/optimized_image.rb':[
23,
],
'ruby-project:sources/ruby/discourse/app/models/topic.rb':[
824,
1116,
],
'ruby-project:sources/ruby/discourse/app/models/topic_link.rb':[
111,
],
'ruby-project:sources/ruby/discourse/app/models/topic_link_click.rb':[
14,
],
'ruby-project:sources/ruby/discourse/app/models/topic_list.rb':[
79,
],
'ruby-project:sources/ruby/discourse/app/models/topic_user.rb':[
277,
],
'ruby-project:sources/ruby/discourse/app/models/user_auth_token.rb':[
46,
],
'ruby-project:sources/ruby/discourse/app/serializers/post_serializer.rb':[
228,
],
'ruby-project:sources/ruby/discourse/app/serializers/topic_view_serializer.rb':[
73,
],
'ruby-project:sources/ruby/discourse/app/services/badge_granter.rb':[
228,
],
'ruby-project:sources/ruby/discourse/app/services/post_alerter.rb':[
48,
272,
],
'ruby-project:sources/ruby/discourse/app/services/search_indexer.rb':[
121,
],
'ruby-project:sources/ruby/discourse/app/services/topic_status_updater.rb':[
22,
],
'ruby-project:sources/ruby/discourse/app/services/user_destroyer.rb':[
16,
],
'ruby-project:sources/ruby/discourse/app/services/user_updater.rb':[
48,
],
'ruby-project:sources/ruby/discourse/lib/auth/default_current_user_provider.rb':[
26,
],
'ruby-project:sources/ruby/discourse/lib/auth/github_authenticator.rb':[
44,
],
'ruby-project:sources/ruby/discourse/lib/auth/google_oauth2_authenticator.rb':[
35,
],
'ruby-project:sources/ruby/discourse/lib/auth/result.rb':[
34,
],
'ruby-project:sources/ruby/discourse/lib/autospec/manager.rb':[
233,
276,
],
'ruby-project:sources/ruby/discourse/lib/category_badge.rb':[
24,
],
'ruby-project:sources/ruby/discourse/lib/cooked_post_processor.rb':[
389,
],
'ruby-project:sources/ruby/discourse/lib/discourse_diff.rb':[
91,
145,
],
'ruby-project:sources/ruby/discourse/lib/discourse_tagging.rb':[
6,
84,
],
'ruby-project:sources/ruby/discourse/lib/email/message_builder.rb':[
22,
],
'ruby-project:sources/ruby/discourse/lib/email/receiver.rb':[
108,
260,
682,
],
'ruby-project:sources/ruby/discourse/lib/email/sender.rb':[
24,
],
'ruby-project:sources/ruby/discourse/lib/email/styles.rb':[
33,
],
'ruby-project:sources/ruby/discourse/lib/es6_module_transpiler/tilt/es6_module_transpiler_template.rb':[
124,
],
'ruby-project:sources/ruby/discourse/lib/excerpt_parser.rb':[
56,
181,
],
'ruby-project:sources/ruby/discourse/lib/file_helper.rb':[
22,
],
'ruby-project:sources/ruby/discourse/lib/final_destination.rb':[
83,
122,
],
'ruby-project:sources/ruby/discourse/lib/flag_query.rb':[
5,
],
'ruby-project:sources/ruby/discourse/lib/freedom_patches/ams_include_without_root.rb':[
11,
],
'ruby-project:sources/ruby/discourse/lib/guardian/post_guardian.rb':[
27,
115,
],
'ruby-project:sources/ruby/discourse/lib/hijack.rb':[
10,
],
'ruby-project:sources/ruby/discourse/lib/html_prettify.rb':[
61,
],
'ruby-project:sources/ruby/discourse/lib/i18n/backend/discourse_i18n.rb':[
74,
],
'ruby-project:sources/ruby/discourse/lib/inline_oneboxer.rb':[
24,
],
'ruby-project:sources/ruby/discourse/lib/middleware/request_tracker.rb':[
79,
213,
],
'ruby-project:sources/ruby/discourse/lib/onpdiff.rb':[
111,
],
'ruby-project:sources/ruby/discourse/lib/post_destroyer.rb':[
254,
],
'ruby-project:sources/ruby/discourse/lib/post_revisor.rb':[
333,
],
'ruby-project:sources/ruby/discourse/lib/search.rb':[
187,
516,
670,
],
'ruby-project:sources/ruby/discourse/lib/topic_query.rb':[
544,
],
'ruby-project:sources/ruby/discourse/lib/upload_creator.rb':[
31,
],
'ruby-project:sources/ruby/discourse/lib/wizard/builder.rb':[
11,
],
'ruby-project:sources/ruby/discourse/plugins/discourse-narrative-bot/lib/discourse_narrative_bot/base.rb':[
7,
],
'ruby-project:sources/ruby/discourse/plugins/discourse-narrative-bot/lib/discourse_narrative_bot/track_selector.rb':[
28,
126,
],
'ruby-project:sources/ruby/discourse/plugins/poll/lib/polls_updater.rb':[
5,
],
'ruby-project:sources/ruby/discourse/plugins/poll/plugin.rb':[
41,
],
'ruby-project:sources/ruby/discourse/script/bulk_import/discourse_merger.rb':[
395,
],
'ruby-project:sources/ruby/discourse/script/import_scripts/base.rb':[
239,
285,
494,
],
'ruby-project:sources/ruby/discourse/script/import_scripts/discuz_x.rb':[
123,
306,
678,
],
'ruby-project:sources/ruby/discourse/script/import_scripts/ipboard.rb':[
155,
410,
717,
845,
],
'ruby-project:sources/ruby/discourse/script/import_scripts/ipboard3.rb':[
33,
],
'ruby-project:sources/ruby/discourse/script/import_scripts/jive.rb':[
275,
],
'ruby-project:sources/ruby/discourse/script/import_scripts/jive_api.rb':[
119,
],
'ruby-project:sources/ruby/discourse/script/import_scripts/lithium.rb':[
102,
905,
],
'ruby-project:sources/ruby/discourse/script/import_scripts/modx.rb':[
284,
],
'ruby-project:sources/ruby/discourse/script/import_scripts/muut.rb':[
74,
],
'ruby-project:sources/ruby/discourse/script/import_scripts/ning.rb':[
74,
201,
],
'ruby-project:sources/ruby/discourse/script/import_scripts/vbulletin.rb':[
447,
],
'ruby-project:sources/ruby/fastlane/credentials_manager/lib/credentials_manager/account_manager.rb':[
110,
],
'ruby-project:sources/ruby/fastlane/fastlane/helper/plugin_scores_helper.rb':[
297,
],
'ruby-project:sources/ruby/fastlane/fastlane/lib/fastlane/actions/build_ios_app.rb':[
9,
],
'ruby-project:sources/ruby/fastlane/fastlane/lib/fastlane/actions/bundle_install.rb':[
5,
],
'ruby-project:sources/ruby/fastlane/fastlane/lib/fastlane/actions/carthage.rb':[
5,
],
'ruby-project:sources/ruby/fastlane/fastlane/lib/fastlane/actions/download_dsyms.rb':[
9,
],
'ruby-project:sources/ruby/fastlane/fastlane/lib/fastlane/actions/hockey.rb':[
120,
],
'ruby-project:sources/ruby/fastlane/fastlane/lib/fastlane/actions/oclint.rb':[
9,
],
'ruby-project:sources/ruby/fastlane/fastlane/lib/fastlane/actions/slack.rb':[
185,
],
'ruby-project:sources/ruby/fastlane/fastlane/lib/fastlane/actions/update_info_plist.rb':[
7,
],
'ruby-project:sources/ruby/fastlane/fastlane/lib/fastlane/actions/xcodebuild.rb':[
75,
301,
],
'ruby-project:sources/ruby/fastlane/fastlane/lib/fastlane/commands_generator.rb':[
77,
],
'ruby-project:sources/ruby/fastlane/fastlane/lib/fastlane/helper/sh_helper.rb':[
28,
],
'ruby-project:sources/ruby/fastlane/fastlane/lib/fastlane/setup/setup.rb':[
36,
],
'ruby-project:sources/ruby/fastlane/fastlane_core/lib/fastlane_core/command_executor.rb':[
38,
],
'ruby-project:sources/ruby/fastlane/fastlane_core/lib/fastlane_core/configuration/config_item.rb':[
231,
],
'ruby-project:sources/ruby/fastlane/fastlane_core/lib/fastlane_core/configuration/configuration.rb':[
213,
],
'ruby-project:sources/ruby/fastlane/fastlane_core/lib/fastlane_core/project.rb':[
130,
],
'ruby-project:sources/ruby/fastlane/fastlane_core/lib/fastlane_core/ui/fastlane_runner.rb':[
37,
],
'ruby-project:sources/ruby/fastlane/frameit/lib/frameit/runner.rb':[
17,
],
'ruby-project:sources/ruby/fastlane/produce/lib/produce/service.rb':[
47,
],
'ruby-project:sources/ruby/fastlane/snapshot/lib/snapshot/detect_values.rb':[
9,
],
'ruby-project:sources/ruby/fastlane/spaceship/lib/spaceship/client.rb':[
376,
],
'ruby-project:sources/ruby/fastlane/spaceship/lib/spaceship/portal/provisioning_profile.rb':[
258,
],
'ruby-project:sources/ruby/fastlane/spaceship/lib/spaceship/tunes/tunes_client.rb':[
61,
158,
],
'ruby-project:sources/ruby/rails/actionpack/lib/action_dispatch/http/cache.rb':[
185,
],
'ruby-project:sources/ruby/rails/actionpack/lib/action_dispatch/http/parameter_filter.rb':[
58,
],
'ruby-project:sources/ruby/rails/actionpack/lib/action_dispatch/testing/integration.rb':[
211,
],
'ruby-project:sources/ruby/rails/actionview/lib/action_view/helpers/asset_url_helper.rb':[
273,
],
'ruby-project:sources/ruby/rails/actionview/lib/action_view/helpers/translation_helper.rb':[
60,
],
'ruby-project:sources/ruby/rails/actionview/lib/action_view/renderer/template_renderer.rb':[
22,
],
'ruby-project:sources/ruby/rails/activerecord/lib/active_record/associations/builder/belongs_to.rb':[
29,
80,
],
'ruby-project:sources/ruby/rails/activerecord/lib/active_record/associations/has_one_association.rb':[
42,
],
'ruby-project:sources/ruby/rails/activerecord/lib/active_record/associations/has_one_through_association.rb':[
15,
],
'ruby-project:sources/ruby/rails/activerecord/lib/active_record/associations/preloader/through_association.rb':[
57,
],
'ruby-project:sources/ruby/rails/activerecord/lib/active_record/autosave_association.rb':[
381,
429,
467,
],
'ruby-project:sources/ruby/rails/activerecord/lib/active_record/connection_adapters/abstract/schema_statements.rb':[
1060,
],
'ruby-project:sources/ruby/rails/activerecord/lib/active_record/fixtures.rb':[
634,
954,
],
'ruby-project:sources/ruby/rails/activerecord/lib/active_record/nested_attributes.rb':[
407,
466,
],
'ruby-project:sources/ruby/rails/activerecord/lib/active_record/relation/predicate_builder.rb':[
65,
],
'ruby-project:sources/ruby/rails/activesupport/lib/active_support/cache.rb':[
341,
],
'ruby-project:sources/ruby/rails/activesupport/lib/active_support/callbacks.rb':[
94,
],
'ruby-project:sources/ruby/rails/activesupport/lib/active_support/duration/iso8601_parser.rb':[
41,
],
'ruby-project:sources/ruby/rails/activesupport/lib/active_support/xml_mini.rb':[
117,
],
'ruby-project:sources/ruby/rails/railties/lib/rails/application/configuration.rb':[
65,
],
'ruby-project:sources/ruby/rails/railties/lib/rails/code_statistics_calculator.rb':[
52,
],
'ruby-project:sources/ruby/rails/railties/lib/rails/commands/dbconsole/dbconsole_command.rb':[
15,
],
'ruby-project:sources/ruby/rails/railties/test/isolation/abstract_unit.rb':[
269,
],
'ruby-project:sources/ruby/vagrant/lib/vagrant/action/builtin/box_add.rb':[
30,
167,
],
'ruby-project:sources/ruby/vagrant/lib/vagrant/action/builtin/box_check_outdated.rb':[
16,
],
'ruby-project:sources/ruby/vagrant/lib/vagrant/action/builtin/box_remove.rb':[
13,
],
'ruby-project:sources/ruby/vagrant/lib/vagrant/action/builtin/graceful_halt.rb':[
25,
],
'ruby-project:sources/ruby/vagrant/lib/vagrant/action/builtin/handle_forwarded_port_collisions.rb':[
61,
],
'ruby-project:sources/ruby/vagrant/lib/vagrant/action/builtin/mixin_synced_folders.rb':[
110,
],
'ruby-project:sources/ruby/vagrant/lib/vagrant/action/builtin/provision.rb':[
22,
],
'ruby-project:sources/ruby/vagrant/lib/vagrant/action/builtin/synced_folders.rb':[
20,
],
'ruby-project:sources/ruby/vagrant/lib/vagrant/batch_action.rb':[
39,
],
'ruby-project:sources/ruby/vagrant/lib/vagrant/bundler.rb':[
259,
],
'ruby-project:sources/ruby/vagrant/lib/vagrant/config/loader.rb':[
84,
],
'ruby-project:sources/ruby/vagrant/lib/vagrant/environment.rb':[
77,
297,
921,
],
'ruby-project:sources/ruby/vagrant/lib/vagrant/machine.rb':[
288,
436,
],
'ruby-project:sources/ruby/vagrant/lib/vagrant/plugin/v1/command.rb':[
66,
],
'ruby-project:sources/ruby/vagrant/lib/vagrant/plugin/v2/command.rb':[
83,
],
'ruby-project:sources/ruby/vagrant/lib/vagrant/plugin/v2/trigger.rb':[
154,
],
'ruby-project:sources/ruby/vagrant/lib/vagrant/util/downloader.rb':[
80,
],
'ruby-project:sources/ruby/vagrant/lib/vagrant/util/io.rb':[
14,
],
'ruby-project:sources/ruby/vagrant/lib/vagrant/util/platform.rb':[
528,
],
'ruby-project:sources/ruby/vagrant/lib/vagrant/util/powershell.rb':[
19,
],
'ruby-project:sources/ruby/vagrant/lib/vagrant/util/safe_exec.rb':[
13,
],
'ruby-project:sources/ruby/vagrant/lib/vagrant/util/ssh.rb':[
66,
],
'ruby-project:sources/ruby/vagrant/lib/vagrant/util/subprocess.rb':[
57,
],
'ruby-project:sources/ruby/vagrant/lib/vagrant/vagrantfile.rb':[
112,
],
'ruby-project:sources/ruby/vagrant/plugins/commands/box/command/prune.rb':[
52,
],
'ruby-project:sources/ruby/vagrant/plugins/commands/init/command.rb':[
12,
],
'ruby-project:sources/ruby/vagrant/plugins/commands/login/command.rb':[
10,
],
'ruby-project:sources/ruby/vagrant/plugins/commands/login/middleware/add_authentication.rb':[
33,
],
'ruby-project:sources/ruby/vagrant/plugins/commands/plugin/action/expunge_plugins.rb':[
18,
],
'ruby-project:sources/ruby/vagrant/plugins/commands/plugin/command/expunge.rb':[
9,
],
'ruby-project:sources/ruby/vagrant/plugins/commands/rdp/command.rb':[
56,
],
'ruby-project:sources/ruby/vagrant/plugins/commands/up/command.rb':[
17,
],
'ruby-project:sources/ruby/vagrant/plugins/communicators/ssh/communicator.rb':[
61,
317,
490,
],
'ruby-project:sources/ruby/vagrant/plugins/communicators/winrm/communicator.rb':[
30,
],
'ruby-project:sources/ruby/vagrant/plugins/communicators/winrm/helper.rb':[
49,
],
'ruby-project:sources/ruby/vagrant/plugins/communicators/winssh/communicator.rb':[
15,
],
'ruby-project:sources/ruby/vagrant/plugins/guests/alt/cap/flavor.rb':[
5,
],
'ruby-project:sources/ruby/vagrant/plugins/hosts/linux/cap/rdp.rb':[
7,
],
'ruby-project:sources/ruby/vagrant/plugins/kernel_v2/config/vm.rb':[
374,
582,
],
'ruby-project:sources/ruby/vagrant/plugins/kernel_v2/config/vm_trigger.rb':[
95,
155,
],
'ruby-project:sources/ruby/vagrant/plugins/providers/docker/action/host_machine_sync_folders.rb':[
46,
],
'ruby-project:sources/ruby/vagrant/plugins/providers/docker/config.rb':[
214,
262,
],
'ruby-project:sources/ruby/vagrant/plugins/providers/docker/driver/compose.rb':[
37,
],
'ruby-project:sources/ruby/vagrant/plugins/providers/docker/executor/vagrant.rb':[
13,
],
'ruby-project:sources/ruby/vagrant/plugins/providers/hyperv/action/configure.rb':[
14,
],
'ruby-project:sources/ruby/vagrant/plugins/providers/hyperv/config.rb':[
70,
],
'ruby-project:sources/ruby/vagrant/plugins/providers/virtualbox/action/network.rb':[
149,
],
'ruby-project:sources/ruby/vagrant/plugins/providers/virtualbox/action/prepare_nfs_settings.rb':[
39,
],
'ruby-project:sources/ruby/vagrant/plugins/providers/virtualbox/driver/base.rb':[
20,
],
'ruby-project:sources/ruby/vagrant/plugins/providers/virtualbox/driver/version_4_0.rb':[
176,
],
'ruby-project:sources/ruby/vagrant/plugins/providers/virtualbox/driver/version_4_1.rb':[
279,
],
'ruby-project:sources/ruby/vagrant/plugins/providers/virtualbox/driver/version_4_2.rb':[
179,
],
'ruby-project:sources/ruby/vagrant/plugins/providers/virtualbox/driver/version_4_3.rb':[
283,
],
'ruby-project:sources/ruby/vagrant/plugins/providers/virtualbox/driver/version_5_0.rb':[
302,
],
'ruby-project:sources/ruby/vagrant/plugins/provisioners/ansible/config/base.rb':[
71,
],
'ruby-project:sources/ruby/vagrant/plugins/provisioners/ansible/provisioner/base.rb':[
250,
],
'ruby-project:sources/ruby/vagrant/plugins/provisioners/cfengine/config.rb':[
44,
],
'ruby-project:sources/ruby/vagrant/plugins/provisioners/chef/config/base_runner.rb':[
64,
],
'ruby-project:sources/ruby/vagrant/plugins/provisioners/puppet/config/puppet.rb':[
62,
121,
],
'ruby-project:sources/ruby/vagrant/plugins/provisioners/puppet/provisioner/puppet.rb':[
196,
],
'ruby-project:sources/ruby/vagrant/plugins/provisioners/salt/config.rb':[
81,
125,
],
'ruby-project:sources/ruby/vagrant/plugins/provisioners/salt/provisioner.rb':[
46,
112,
272,
378,
],
'ruby-project:sources/ruby/vagrant/plugins/provisioners/shell/config.rb':[
38,
65,
],
'ruby-project:sources/ruby/vagrant/plugins/synced_folders/nfs/synced_folder.rb':[
42,
],
'ruby-project:sources/ruby/vagrant/plugins/synced_folders/rsync/command/rsync_auto.rb':[
28,
],
'ruby-project:sources/ruby/vagrant/plugins/synced_folders/rsync/helper.rb':[
37,
],
'ruby-project:sources/ruby/vagrant/plugins/synced_folders/unix_mount_helpers.rb':[
15,
],
}
