{
'ruby-project:sources/ruby/rails/activerecord/test/schema/mysql2_specific_schema.rb':[
0,
],
'ruby-project:sources/ruby/rails/railties/test/generators/namespaced_generators_test.rb':[
0,
],
'ruby-project:sources/ruby/vagrant/plugins/guests/windows/cap/change_host_name.rb':[
0,
],
}
