{
'ruby-project:ruling/src/test/resources/sources/ruby/S1763.rb':[
2,
8,
],
}
