{
'ruby-project:sources/ruby/devdocs/lib/docs/core/response.rb':[
8,
],
'ruby-project:sources/ruby/devdocs/lib/docs/filters/postgresql/entries.rb':[
180,
],
'ruby-project:sources/ruby/discourse/app/controllers/application_controller.rb':[
77,
],
'ruby-project:sources/ruby/discourse/app/controllers/categories_controller.rb':[
304,
],
'ruby-project:sources/ruby/discourse/app/jobs/regular/user_email.rb':[
89,
],
'ruby-project:sources/ruby/discourse/app/models/global_setting.rb':[
81,
],
'ruby-project:sources/ruby/discourse/app/models/topic.rb':[
99,
256,
],
'ruby-project:sources/ruby/discourse/app/models/topic_link.rb':[
195,
],
'ruby-project:sources/ruby/discourse/app/models/trust_level3_requirements.rb':[
43,
63,
],
'ruby-project:sources/ruby/discourse/app/models/user.rb':[
542,
],
'ruby-project:sources/ruby/discourse/app/serializers/admin_user_list_serializer.rb':[
41,
],
'ruby-project:sources/ruby/discourse/app/serializers/post_serializer.rb':[
249,
],
'ruby-project:sources/ruby/discourse/app/services/spam_rule/flag_sockpuppets.rb':[
22,
],
'ruby-project:sources/ruby/discourse/app/services/topic_status_updater.rb':[
54,
],
'ruby-project:sources/ruby/discourse/app/services/user_activator.rb':[
34,
],
'ruby-project:sources/ruby/discourse/app/services/user_updater.rb':[
127,
],
'ruby-project:sources/ruby/discourse/config/initializers/100-silence_logger.rb':[
18,
],
'ruby-project:sources/ruby/discourse/lib/composer_messages_finder.rb':[
198,
],
'ruby-project:sources/ruby/discourse/lib/cooked_post_processor.rb':[
237,
],
'ruby-project:sources/ruby/discourse/lib/guardian.rb':[
71,
130,
255,
320,
339,
],
'ruby-project:sources/ruby/discourse/lib/guardian/post_guardian.rb':[
53,
95,
107,
210,
],
'ruby-project:sources/ruby/discourse/lib/guardian/topic_guardian.rb':[
5,
67,
76,
],
'ruby-project:sources/ruby/discourse/lib/inline_oneboxer.rb':[
52,
],
'ruby-project:sources/ruby/discourse/lib/middleware/anonymous_cache.rb':[
25,
],
'ruby-project:sources/ruby/discourse/lib/new_post_manager.rb':[
79,
137,
],
'ruby-project:sources/ruby/discourse/lib/plugin/instance.rb':[
659,
],
'ruby-project:sources/ruby/discourse/lib/post_revisor.rb':[
173,
],
'ruby-project:sources/ruby/discourse/lib/text_sentinel.rb':[
48,
],
'ruby-project:sources/ruby/discourse/plugins/discourse-narrative-bot/plugin.rb':[
151,
],
'ruby-project:sources/ruby/discourse/plugins/poll/lib/polls_validator.rb':[
97,
],
'ruby-project:sources/ruby/discourse/script/import_scripts/base.rb':[
307,
],
'ruby-project:sources/ruby/discourse/script/import_scripts/bbpress.rb':[
242,
],
'ruby-project:sources/ruby/discourse/script/import_scripts/modx.rb':[
362,
],
'ruby-project:sources/ruby/discourse/script/import_scripts/vbulletin.rb':[
525,
],
'ruby-project:sources/ruby/discourse/spec/components/site_settings/yaml_loader_spec.rb':[
68,
],
'ruby-project:sources/ruby/discourse/spec/services/group_message_spec.rb':[
21,
],
'ruby-project:sources/ruby/fastlane/fastlane/lib/fastlane/actions/oclint.rb':[
47,
],
'ruby-project:sources/ruby/fastlane/fastlane_core/lib/fastlane_core/android_package_name_guesser.rb':[
10,
],
'ruby-project:sources/ruby/fastlane/fastlane_core/lib/fastlane_core/feature/feature.rb':[
20,
31,
],
'ruby-project:sources/ruby/fastlane/fastlane_core/lib/fastlane_core/helper.rb':[
318,
],
'ruby-project:sources/ruby/fastlane/frameit/lib/frameit/editor.rb':[
266,
],
'ruby-project:sources/ruby/fastlane/spaceship/lib/spaceship/tunes/application.rb':[
74,
],
'ruby-project:sources/ruby/fastlane/spaceship/lib/spaceship/tunes/iap_detail.rb':[
157,
],
'ruby-project:sources/ruby/fastlane/supply/lib/supply/uploader.rb':[
49,
],
'ruby-project:sources/ruby/rails/actionpack/lib/action_controller/metal/request_forgery_protection.rb':[
289,
],
'ruby-project:sources/ruby/rails/actionpack/lib/action_dispatch/http/mime_negotiation.rb':[
154,
],
'ruby-project:sources/ruby/rails/actionpack/lib/action_dispatch/http/mime_type.rb':[
264,
],
'ruby-project:sources/ruby/rails/actionpack/lib/action_dispatch/testing/assertions/routing.rb':[
173,
],
'ruby-project:sources/ruby/rails/activejob/test/support/delayed_job/delayed/backend/test.rb':[
59,
],
'ruby-project:sources/ruby/rails/activemodel/lib/active_model/attribute_mutation_tracker.rb':[
48,
],
'ruby-project:sources/ruby/rails/activemodel/lib/active_model/dirty.rb':[
174,
],
'ruby-project:sources/ruby/rails/activemodel/lib/active_model/validations/length.rb':[
34,
],
'ruby-project:sources/ruby/rails/activerecord/lib/active_record/nested_attributes.rb':[
415,
],
'ruby-project:sources/ruby/rails/activerecord/lib/active_record/reflection.rb':[
393,
],
'ruby-project:sources/ruby/rails/activerecord/lib/active_record/relation/query_methods.rb':[
1058,
],
'ruby-project:sources/ruby/rails/activerecord/lib/arel/nodes/insert_statement.rb':[
28,
],
'ruby-project:sources/ruby/rails/activerecord/lib/arel/nodes/select_core.rb':[
52,
],
'ruby-project:sources/ruby/rails/activerecord/lib/arel/nodes/select_statement.rb':[
30,
],
'ruby-project:sources/ruby/rails/activerecord/lib/arel/nodes/update_statement.rb':[
29,
],
'ruby-project:sources/ruby/rails/activerecord/lib/arel/visitors/oracle.rb':[
13,
],
'ruby-project:sources/ruby/rails/activesupport/lib/active_support/cache.rb':[
768,
],
'ruby-project:sources/ruby/vagrant/plugins/provisioners/salt/provisioner.rb':[
92,
],
}
