{
'ruby-project:sources/ruby/devdocs/lib/docs/filters/ansible/entries.rb':[
14,
],
'ruby-project:sources/ruby/devdocs/lib/docs/filters/bash/clean_html.rb':[
37,
],
'ruby-project:sources/ruby/devdocs/lib/docs/filters/bash/entries.rb':[
40,
],
'ruby-project:sources/ruby/devdocs/lib/docs/filters/core/internal_urls.rb':[
73,
],
'ruby-project:sources/ruby/devdocs/lib/docs/filters/dom_events/clean_html.rb':[
15,
],
'ruby-project:sources/ruby/fastlane/fastlane/lib/fastlane/actions/clean_build_artifacts.rb':[
16,
],
'ruby-project:sources/ruby/fastlane/fastlane/lib/fastlane/actions/get_push_certificate.rb':[
19,
],
'ruby-project:sources/ruby/fastlane/fastlane/lib/fastlane/actions/hockey.rb':[
80,
],
'ruby-project:sources/ruby/fastlane/fastlane/lib/fastlane/lane_manager.rb':[
34,
],
'ruby-project:sources/ruby/fastlane/fastlane/lib/fastlane/plugins/plugin_info_collector.rb':[
34,
],
'ruby-project:sources/ruby/fastlane/fastlane_core/lib/fastlane_core/configuration/config_item.rb':[
116,
],
'ruby-project:sources/ruby/fastlane/frameit/lib/frameit/config_parser.rb':[
51,
],
'ruby-project:sources/ruby/fastlane/frameit/lib/frameit/screenshot.rb':[
55,
],
'ruby-project:sources/ruby/fastlane/spaceship/lib/spaceship/portal/provisioning_profile.rb':[
281,
],
'ruby-project:sources/ruby/fastlane/spaceship/lib/spaceship/test_flight/base.rb':[
9,
],
'ruby-project:sources/ruby/rails/actionpack/lib/action_dispatch/routing/route_set.rb':[
680,
],
'ruby-project:sources/ruby/rails/actionview/lib/action_view/helpers/form_tag_helper.rb':[
347,
],
'ruby-project:sources/ruby/rails/actionview/lib/action_view/helpers/tags/text_area.rb':[
15,
],
'ruby-project:sources/ruby/rails/activejob/lib/active_job/test_helper.rb':[
441,
],
'ruby-project:sources/ruby/rails/activerecord/lib/active_record/autosave_association.rb':[
314,
],
'ruby-project:sources/ruby/rails/activerecord/lib/active_record/connection_adapters/connection_specification.rb':[
153,
],
'ruby-project:sources/ruby/rails/activerecord/lib/active_record/migration/compatibility.rb':[
58,
],
'ruby-project:sources/ruby/rails/activerecord/lib/active_record/railtie.rb':[
41,
],
'ruby-project:sources/ruby/rails/activerecord/lib/active_record/relation/record_fetch_warning.rb':[
20,
],
'ruby-project:sources/ruby/rails/activestorage/lib/active_storage/analyzer/video_analyzer.rb':[
55,
],
'ruby-project:sources/ruby/rails/activesupport/lib/active_support/core_ext/name_error.rb':[
18,
],
'ruby-project:sources/ruby/rails/activesupport/lib/active_support/deprecation/constant_accessor.rb':[
34,
],
'ruby-project:sources/ruby/rails/railties/lib/rails/generators/generated_attribute.rb':[
27,
],
'ruby-project:sources/ruby/vagrant/lib/vagrant.rb':[
149,
],
'ruby-project:sources/ruby/vagrant/lib/vagrant/action/builtin/box_check_outdated.rb':[
19,
],
'ruby-project:sources/ruby/vagrant/lib/vagrant/action/builtin/mixin_synced_folders.rb':[
140,
],
'ruby-project:sources/ruby/vagrant/lib/vagrant/action/runner.rb':[
19,
],
'ruby-project:sources/ruby/vagrant/lib/vagrant/box_metadata.rb':[
62,
],
'ruby-project:sources/ruby/vagrant/lib/vagrant/bundler.rb':[
635,
],
'ruby-project:sources/ruby/vagrant/lib/vagrant/environment.rb':[
356,
997,
],
'ruby-project:sources/ruby/vagrant/lib/vagrant/plugin/manager.rb':[
171,
],
'ruby-project:sources/ruby/vagrant/lib/vagrant/util/platform.rb':[
428,
],
'ruby-project:sources/ruby/vagrant/plugins/communicators/winrm/shell.rb':[
128,
],
'ruby-project:sources/ruby/vagrant/plugins/guests/solaris11/cap/configure_networks.rb':[
21,
],
'ruby-project:sources/ruby/vagrant/plugins/kernel_v2/config/vm.rb':[
666,
719,
],
'ruby-project:sources/ruby/vagrant/plugins/kernel_v2/config/vm_trigger.rb':[
199,
205,
],
'ruby-project:sources/ruby/vagrant/plugins/providers/docker/action/compare_synced_folders.rb':[
37,
],
'ruby-project:sources/ruby/vagrant/plugins/providers/virtualbox/action/network.rb':[
491,
496,
],
'ruby-project:sources/ruby/vagrant/plugins/providers/virtualbox/driver/meta.rb':[
91,
],
'ruby-project:sources/ruby/vagrant/plugins/providers/virtualbox/driver/version_4_0.rb':[
192,
],
'ruby-project:sources/ruby/vagrant/plugins/providers/virtualbox/driver/version_4_1.rb':[
295,
],
'ruby-project:sources/ruby/vagrant/plugins/providers/virtualbox/driver/version_4_2.rb':[
224,
],
'ruby-project:sources/ruby/vagrant/plugins/provisioners/cfengine/config.rb':[
98,
],
'ruby-project:sources/ruby/vagrant/plugins/provisioners/chef/provisioner/chef_solo.rb':[
109,
],
'ruby-project:sources/ruby/vagrant/plugins/provisioners/docker/provisioner.rb':[
22,
],
'ruby-project:sources/ruby/vagrant/plugins/provisioners/puppet/provisioner/puppet.rb':[
37,
],
'ruby-project:sources/ruby/vagrant/plugins/provisioners/salt/config.rb':[
141,
147,
],
'ruby-project:sources/ruby/vagrant/plugins/synced_folders/nfs/synced_folder.rb':[
46,
],
}
