{
'ruby-project:discourse/app/controllers/application_controller.rb':[
298,
],
'ruby-project:discourse/app/controllers/posts_controller.rb':[
644,
],
'ruby-project:discourse/app/controllers/stylesheets_controller.rb':[
27,
],
'ruby-project:discourse/app/controllers/tags_controller.rb':[
242,
],
'ruby-project:discourse/app/controllers/user_actions_controller.rb':[
52,
],
'ruby-project:discourse/app/controllers/users_controller.rb':[
57,
],
'ruby-project:discourse/app/jobs/regular/process_post.rb':[
32,
],
'ruby-project:discourse/app/jobs/scheduled/badge_grant.rb':[
17,
],
'ruby-project:discourse/app/models/admin_dashboard_next_index_data.rb':[
12,
],
'ruby-project:discourse/app/models/directory_item.rb':[
74,
],
'ruby-project:discourse/app/models/post.rb':[
13,
628,
],
'ruby-project:discourse/app/models/theme.rb':[
9,
],
'ruby-project:discourse/app/models/theme_field.rb':[
229,
],
'ruby-project:discourse/app/models/topic.rb':[
16,
159,
],
'ruby-project:discourse/app/models/topic_converter.rb':[
29,
],
'ruby-project:discourse/app/models/topic_poster.rb':[
16,
],
'ruby-project:discourse/app/models/topic_tracking_state.rb':[
74,
],
'ruby-project:discourse/app/models/topic_user.rb':[
439,
],
'ruby-project:discourse/app/models/user.rb':[
154,
652,
],
'ruby-project:discourse/app/models/user_action.rb':[
288,
],
'ruby-project:discourse/app/models/user_auth_token.rb':[
7,
],
'ruby-project:discourse/app/models/user_option.rb':[
2,
],
'ruby-project:discourse/app/models/user_profile.rb':[
4,
],
'ruby-project:discourse/app/serializers/post_serializer.rb':[
173,
],
'ruby-project:discourse/app/serializers/topic_view_serializer.rb':[
72,
220,
],
'ruby-project:discourse/app/services/badge_granter.rb':[
167,
],
'ruby-project:discourse/app/services/post_alerter.rb':[
245,
452,
468,
],
'ruby-project:discourse/app/services/search_indexer.rb':[
82,
],
'ruby-project:discourse/config/initializers/100-logster.rb':[
62,
],
'ruby-project:discourse/config/locales/plurals.rb':[
106,
],
'ruby-project:discourse/lib/autospec/reload_css.rb':[
28,
],
'ruby-project:discourse/lib/cooked_post_processor.rb':[
275,
],
'ruby-project:discourse/lib/discourse.rb':[
113,
],
'ruby-project:discourse/lib/flag_query.rb':[
80,
131,
],
'ruby-project:discourse/lib/hijack.rb':[
58,
],
'ruby-project:discourse/lib/import_export/topic_exporter.rb':[
17,
],
'ruby-project:discourse/lib/plugin/instance.rb':[
471,
491,
],
'ruby-project:discourse/lib/post_creator.rb':[
59,
],
'ruby-project:discourse/lib/post_destroyer.rb':[
228,
],
'ruby-project:discourse/lib/post_revisor.rb':[
159,
],
'ruby-project:discourse/lib/pretty_text.rb':[
138,
339,
],
'ruby-project:discourse/lib/pretty_text/helpers.rb':[
24,
86,
],
'ruby-project:discourse/lib/rate_limiter.rb':[
97,
],
'ruby-project:discourse/lib/search.rb':[
51,
],
'ruby-project:discourse/lib/text_sentinel.rb':[
2,
],
'ruby-project:discourse/lib/topic_query.rb':[
410,
520,
],
'ruby-project:discourse/lib/topic_view.rb':[
181,
553,
],
'ruby-project:discourse/plugins/discourse-narrative-bot/db/fixtures/001_discobot.rb':[
28,
],
'ruby-project:discourse/plugins/poll/plugin.rb':[
182,
],
'ruby-project:discourse/script/bench.rb':[
267,
],
'ruby-project:discourse/script/bulk_import/base.rb':[
386,
],
'ruby-project:discourse/script/bulk_import/vanilla.rb':[
44,
501,
],
'ruby-project:discourse/script/import_scripts/discuz_x.rb':[
159,
170,
584,
],
'ruby-project:discourse/script/import_scripts/getsatisfaction.rb':[
55,
],
'ruby-project:discourse/script/import_scripts/ipboard.rb':[
67,
87,
197,
616,
738,
740,
741,
782,
871,
957,
],
'ruby-project:discourse/script/import_scripts/mbox.rb':[
195,
],
'ruby-project:discourse/script/import_scripts/mbox/support/indexer.rb':[
207,
214,
],
'ruby-project:discourse/script/import_scripts/modx.rb':[
20,
],
'ruby-project:discourse/script/import_scripts/phpbb3/importers/user_importer.rb':[
65,
84,
],
'ruby-project:discourse/script/import_scripts/stack_overflow.rb':[
23,
],
'ruby-project:discourse/script/import_scripts/vanilla.rb':[
39,
],
'ruby-project:discourse/spec/components/site_setting_extension_spec.rb':[
14,
],
'ruby-project:discourse/spec/models/incoming_links_report_spec.rb':[
148,
181,
201,
],
'ruby-project:discourse/spec/models/topic_converter_spec.rb':[
82,
],
'ruby-project:discourse/spec/rails_helper.rb':[
141,
],
'ruby-project:discourse/spec/requests/search_controller_spec.rb':[
10,
],
'ruby-project:discourse/spec/services/badge_granter_spec.rb':[
85,
],
'ruby-project:discourse/spec/services/topic_status_updater_spec.rb':[
6,
14,
19,
],
'ruby-project:discourse/spec/views/omniauth_callbacks/complete.html.erb_spec.rb':[
36,
],
'ruby-project:metasploit-framework/documentation/api/v1/credential_api_doc.rb':[
3,
227,
],
'ruby-project:metasploit-framework/documentation/api/v1/loot_api_doc.rb':[
113,
],
'ruby-project:metasploit-framework/documentation/api/v1/service_api_doc.rb':[
104,
],
'ruby-project:metasploit-framework/lib/anemone/rex_http.rb':[
84,
],
'ruby-project:metasploit-framework/lib/metasm/metasm/main.rb':[
54,
59,
209,
334,
335,
],
'ruby-project:metasploit-framework/lib/metasploit/framework/data_service/proxy/core.rb':[
143,
],
'ruby-project:metasploit-framework/lib/metasploit/framework/data_service/proxy/loot_data_proxy.rb':[
19,
],
'ruby-project:metasploit-framework/lib/metasploit/framework/data_service/proxy/note_data_proxy.rb':[
16,
],
'ruby-project:metasploit-framework/lib/metasploit/framework/data_service/proxy/service_data_proxy.rb':[
16,
],
'ruby-project:metasploit-framework/lib/metasploit/framework/data_service/proxy/workspace_data_proxy.rb':[
50,
],
'ruby-project:metasploit-framework/lib/metasploit/framework/data_service/remote/http/remote_host_data_service.rb':[
39,
],
'ruby-project:metasploit-framework/lib/metasploit/framework/data_service/remote/http/remote_loot_data_service.rb':[
10,
],
'ruby-project:metasploit-framework/lib/metasploit/framework/data_service/remote/http/remote_session_data_service.rb':[
31,
54,
],
'ruby-project:metasploit-framework/lib/metasploit/framework/ftp/client.rb':[
142,
],
'ruby-project:metasploit-framework/lib/metasploit/framework/login_scanner/db2.rb':[
19,
],
'ruby-project:metasploit-framework/lib/msf/base/sessions/meterpreter.rb':[
150,
152,
164,
170,
],
'ruby-project:metasploit-framework/lib/msf/base/sessions/meterpreter_multi.rb':[
21,
44,
],
'ruby-project:metasploit-framework/lib/msf/core/auxiliary/auth_brute.rb':[
601,
],
'ruby-project:metasploit-framework/lib/msf/core/auxiliary/drdos.rb':[
59,
],
'ruby-project:metasploit-framework/lib/msf/core/auxiliary/llmnr.rb':[
16,
],
'ruby-project:metasploit-framework/lib/msf/core/auxiliary/mdns.rb':[
29,
],
'ruby-project:metasploit-framework/lib/msf/core/auxiliary/report.rb':[
304,
443,
],
'ruby-project:metasploit-framework/lib/msf/core/data_store.rb':[
189,
],
'ruby-project:metasploit-framework/lib/msf/core/db_export.rb':[
229,
240,
252,
264,
276,
287,
298,
],
'ruby-project:metasploit-framework/lib/msf/core/db_manager/cred.rb':[
100,
],
'ruby-project:metasploit-framework/lib/msf/core/db_manager/exploit_attempt.rb':[
4,
],
'ruby-project:metasploit-framework/lib/msf/core/db_manager/host.rb':[
2,
],
'ruby-project:metasploit-framework/lib/msf/core/db_manager/http/servlet/host_servlet.rb':[
84,
],
'ruby-project:metasploit-framework/lib/msf/core/db_manager/http/servlet_helper.rb':[
120,
],
'ruby-project:metasploit-framework/lib/msf/core/db_manager/import/libpcap.rb':[
3,
],
'ruby-project:metasploit-framework/lib/msf/core/db_manager/import/metasploit_framework/xml.rb':[
229,
],
'ruby-project:metasploit-framework/lib/msf/core/db_manager/import/metasploit_framework/zip.rb':[
79,
129,
],
'ruby-project:metasploit-framework/lib/msf/core/db_manager/report.rb':[
8,
],
'ruby-project:metasploit-framework/lib/msf/core/db_manager/session.rb':[
37,
165,
],
'ruby-project:metasploit-framework/lib/msf/core/exe/segment_appender.rb':[
11,
30,
],
'ruby-project:metasploit-framework/lib/msf/core/exploit/ftp.rb':[
194,
],
'ruby-project:metasploit-framework/lib/msf/core/exploit/http/server.rb':[
118,
],
'ruby-project:metasploit-framework/lib/msf/core/exploit/php_exe.rb':[
37,
],
'ruby-project:metasploit-framework/lib/msf/core/exploit/postgres.rb':[
251,
],
'ruby-project:metasploit-framework/lib/msf/core/exploit/powershell/dot_net.rb':[
23,
],
'ruby-project:metasploit-framework/lib/msf/core/exploit/smb/server.rb':[
142,
],
'ruby-project:metasploit-framework/lib/msf/core/exploit/smb/server/share/command/session_setup_andx.rb':[
7,
],
'ruby-project:metasploit-framework/lib/msf/core/exploit/smb/server/share/command/trans2.rb':[
85,
86,
],
'ruby-project:metasploit-framework/lib/msf/core/exploit/smb/server/share/command/trans2/query_file_information.rb':[
8,
],
'ruby-project:metasploit-framework/lib/msf/core/exploit/smtp_deliver.rb':[
104,
],
'ruby-project:metasploit-framework/lib/msf/core/framework.rb':[
236,
],
'ruby-project:metasploit-framework/lib/msf/core/handler/reverse_http.rb':[
365,
],
'ruby-project:metasploit-framework/lib/msf/core/handler/reverse_named_pipe.rb':[
9,
],
'ruby-project:metasploit-framework/lib/msf/core/module/external.rb':[
58,
63,
],
'ruby-project:metasploit-framework/lib/msf/core/module_manager.rb':[
19,
],
'ruby-project:metasploit-framework/lib/msf/core/module_manager/cache.rb':[
164,
],
'ruby-project:metasploit-framework/lib/msf/core/module_manager/loading.rb':[
24,
],
'ruby-project:metasploit-framework/lib/msf/core/module_set.rb':[
202,
327,
],
'ruby-project:metasploit-framework/lib/msf/core/modules/external/bridge.rb':[
59,
],
'ruby-project:metasploit-framework/lib/msf/core/modules/external/cli.rb':[
100,
],
'ruby-project:metasploit-framework/lib/msf/core/opt_path.rb':[
40,
],
'ruby-project:metasploit-framework/lib/msf/core/payload/java/bind_tcp.rb':[
62,
],
'ruby-project:metasploit-framework/lib/msf/core/payload/java/reverse_tcp.rb':[
62,
],
'ruby-project:metasploit-framework/lib/msf/core/payload/linux/bind_tcp.rb':[
73,
],
'ruby-project:metasploit-framework/lib/msf/core/payload/linux/reverse_tcp.rb':[
84,
],
'ruby-project:metasploit-framework/lib/msf/core/payload/linux/x64/reverse_tcp.rb':[
83,
],
'ruby-project:metasploit-framework/lib/msf/core/payload/multi.rb':[
20,
25,
38,
43,
],
'ruby-project:metasploit-framework/lib/msf/core/payload/osx/bundleinject.rb':[
82,
],
'ruby-project:metasploit-framework/lib/msf/core/payload/python/meterpreter_loader.rb':[
109,
112,
],
'ruby-project:metasploit-framework/lib/msf/core/payload/windows/bind_named_pipe.rb':[
104,
],
'ruby-project:metasploit-framework/lib/msf/core/payload/windows/dllinject.rb':[
217,
],
'ruby-project:metasploit-framework/lib/msf/core/payload/windows/x64/bind_named_pipe.rb':[
105,
],
'ruby-project:metasploit-framework/lib/msf/core/payload/windows/x64/bind_tcp.rb':[
87,
],
'ruby-project:metasploit-framework/lib/msf/core/post/hardware/automotive/uds.rb':[
50,
],
'ruby-project:metasploit-framework/lib/msf/core/post/windows/services.rb':[
134,
181,
227,
],
'ruby-project:metasploit-framework/lib/msf/core/session_manager.rb':[
85,
],
'ruby-project:metasploit-framework/lib/msf/ui/console/command_dispatcher/core.rb':[
1393,
2083,
],
'ruby-project:metasploit-framework/lib/msf/ui/console/command_dispatcher/creds.rb':[
45,
117,
],
'ruby-project:metasploit-framework/lib/msf/ui/console/command_dispatcher/db.rb':[
865,
1044,
1264,
1329,
],
'ruby-project:metasploit-framework/lib/msf/ui/console/driver.rb':[
292,
],
'ruby-project:metasploit-framework/lib/msf/util/exe.rb':[
309,
1511,
1629,
2047,
],
'ruby-project:metasploit-framework/lib/net/dns/rr/types.rb':[
38,
45,
56,
],
'ruby-project:metasploit-framework/lib/postgres/postgres-pr/connection.rb':[
107,
153,
158,
],
'ruby-project:metasploit-framework/lib/postgres/postgres-pr/message.rb':[
372,
377,
406,
531,
],
'ruby-project:metasploit-framework/lib/postgres/postgres-pr/postgres-compat.rb':[
92,
113,
119,
],
'ruby-project:metasploit-framework/lib/rex/parser/appscan_nokogiri.rb':[
90,
239,
],
'ruby-project:metasploit-framework/lib/rex/parser/mbsa_nokogiri.rb':[
22,
],
'ruby-project:metasploit-framework/lib/rex/parser/nexpose_raw_nokogiri.rb':[
196,
],
'ruby-project:metasploit-framework/lib/rex/post/hwbridge/extensions/automotive/automotive.rb':[
119,
],
'ruby-project:metasploit-framework/lib/rex/post/meterpreter/client.rb':[
151,
],
'ruby-project:metasploit-framework/lib/rex/post/meterpreter/client_core.rb':[
878,
],
'ruby-project:metasploit-framework/lib/rex/post/meterpreter/extensions/kiwi/kiwi.rb':[
487,
],
'ruby-project:metasploit-framework/lib/rex/post/meterpreter/extensions/lanattacks/dhcp/dhcp.rb':[
42,
],
'ruby-project:metasploit-framework/lib/rex/post/meterpreter/extensions/powershell/powershell.rb':[
45,
],
'ruby-project:metasploit-framework/lib/rex/post/meterpreter/extensions/stdapi/railgun/library_function.rb':[
46,
],
'ruby-project:metasploit-framework/lib/rex/post/meterpreter/extensions/stdapi/railgun/type/pointer_util.rb':[
73,
],
'ruby-project:metasploit-framework/lib/rex/post/meterpreter/packet.rb':[
842,
],
'ruby-project:metasploit-framework/lib/rex/post/meterpreter/pivot.rb':[
84,
89,
],
'ruby-project:metasploit-framework/lib/rex/post/meterpreter/ui/console/command_dispatcher/core.rb':[
95,
],
'ruby-project:metasploit-framework/lib/rex/post/meterpreter/ui/console/command_dispatcher/sniffer.rb':[
187,
],
'ruby-project:metasploit-framework/lib/rex/post/meterpreter/ui/console/command_dispatcher/stdapi/sys.rb':[
992,
],
'ruby-project:metasploit-framework/lib/rex/proto/acpp/client.rb':[
23,
],
'ruby-project:metasploit-framework/lib/rex/proto/acpp/message.rb':[
31,
],
'ruby-project:metasploit-framework/lib/rex/proto/dcerpc/client.rb':[
312,
],
'ruby-project:metasploit-framework/lib/rex/proto/ftp/client.rb':[
242,
],
'ruby-project:metasploit-framework/lib/rex/proto/http/client_request.rb':[
302,
312,
],
'ruby-project:metasploit-framework/lib/rex/proto/http/request.rb':[
265,
],
'ruby-project:metasploit-framework/lib/rex/proto/iax2/call.rb':[
179,
],
'ruby-project:metasploit-framework/lib/rex/proto/kademlia/util.rb':[
17,
],
'ruby-project:metasploit-framework/lib/rex/proto/kerberos/client.rb':[
17,
],
'ruby-project:metasploit-framework/lib/rex/proto/kerberos/pac/logon_info.rb':[
7,
],
'ruby-project:metasploit-framework/lib/rex/proto/ntp/modes.rb':[
60,
],
'ruby-project:metasploit-framework/lib/rex/proto/rfb/client.rb':[
13,
66,
],
'ruby-project:metasploit-framework/lib/rex/proto/steam/message.rb':[
24,
120,
],
'ruby-project:metasploit-framework/lib/rex/proto/tftp/server.rb':[
318,
],
'ruby-project:metasploit-framework/lib/rex/ui/text/dispatcher_shell.rb':[
388,
451,
],
'ruby-project:metasploit-framework/lib/rex/ui/text/input/readline.rb':[
145,
],
'ruby-project:metasploit-framework/lib/rex/ui/text/output/stdio.rb':[
61,
],
'ruby-project:metasploit-framework/lib/telephony/modem.rb':[
59,
174,
],
'ruby-project:metasploit-framework/modules/auxiliary/admin/aws/aws_launch_instances.rb':[
124,
],
'ruby-project:metasploit-framework/modules/auxiliary/admin/scada/modicon_password_recovery.rb':[
56,
205,
],
'ruby-project:metasploit-framework/modules/auxiliary/client/hwbridge/connect.rb':[
39,
],
'ruby-project:metasploit-framework/modules/auxiliary/dos/ssl/dtls_fragment_overflow.rb':[
71,
],
'ruby-project:metasploit-framework/modules/auxiliary/fuzzers/ntp/ntp_protocol_fuzzer.rb':[
145,
164,
],
'ruby-project:metasploit-framework/modules/auxiliary/gather/android_browser_file_theft.rb':[
176,
],
'ruby-project:metasploit-framework/modules/auxiliary/gather/android_browser_new_tab_cookie_theft.rb':[
132,
],
'ruby-project:metasploit-framework/modules/auxiliary/gather/hp_enum_perfd.rb':[
11,
],
'ruby-project:metasploit-framework/modules/auxiliary/gather/ibm_sametime_room_brute.rb':[
86,
],
'ruby-project:metasploit-framework/modules/auxiliary/scanner/dlsw/dlsw_leak_capture.rb':[
67,
],
'ruby-project:metasploit-framework/modules/auxiliary/scanner/http/dlink_user_agent_backdoor.rb':[
77,
],
'ruby-project:metasploit-framework/modules/auxiliary/scanner/http/ssl_version.rb':[
56,
],
'ruby-project:metasploit-framework/modules/auxiliary/scanner/ipmi/ipmi_dumphashes.rb':[
165,
],
'ruby-project:metasploit-framework/modules/auxiliary/scanner/kademlia/server_info.rb':[
72,
],
'ruby-project:metasploit-framework/modules/auxiliary/scanner/misc/oki_scanner.rb':[
6,
],
'ruby-project:metasploit-framework/modules/auxiliary/scanner/mssql/mssql_schemadump.rb':[
119,
],
'ruby-project:metasploit-framework/modules/auxiliary/scanner/ntp/ntp_monlist.rb':[
66,
],
'ruby-project:metasploit-framework/modules/auxiliary/scanner/ntp/ntp_nak_to_the_future.rb':[
66,
],
'ruby-project:metasploit-framework/modules/auxiliary/scanner/ntp/ntp_peer_list_dos.rb':[
51,
],
'ruby-project:metasploit-framework/modules/auxiliary/scanner/ntp/ntp_peer_list_sum_dos.rb':[
51,
],
'ruby-project:metasploit-framework/modules/auxiliary/scanner/ntp/ntp_readvar.rb':[
60,
],
'ruby-project:metasploit-framework/modules/auxiliary/scanner/ntp/ntp_req_nonce_dos.rb':[
54,
],
'ruby-project:metasploit-framework/modules/auxiliary/scanner/ntp/ntp_reslist_dos.rb':[
54,
],
'ruby-project:metasploit-framework/modules/auxiliary/scanner/ntp/ntp_unsettrap_dos.rb':[
53,
],
'ruby-project:metasploit-framework/modules/auxiliary/scanner/oracle/tnspoison_checker.rb':[
59,
],
'ruby-project:metasploit-framework/modules/auxiliary/scanner/sap/sap_router_info_request.rb':[
173,
],
'ruby-project:metasploit-framework/modules/auxiliary/scanner/smtp/smtp_ntlm_domain.rb':[
94,
],
'ruby-project:metasploit-framework/modules/auxiliary/scanner/ssh/karaf_login.rb':[
38,
],
'ruby-project:metasploit-framework/modules/auxiliary/scanner/ssl/openssl_heartbleed.rb':[
6,
9,
10,
801,
803,
835,
],
'ruby-project:metasploit-framework/modules/auxiliary/scanner/steam/server_info.rb':[
24,
],
'ruby-project:metasploit-framework/modules/auxiliary/scanner/telephony/wardial.rb':[
310,
],
'ruby-project:metasploit-framework/modules/auxiliary/scanner/udp/example.rb':[
14,
34,
39,
49,
53,
58,
64,
73,
82,
],
'ruby-project:metasploit-framework/modules/auxiliary/server/capture/printjob_capture.rb':[
49,
],
'ruby-project:metasploit-framework/modules/auxiliary/server/capture/smb.rb':[
626,
],
'ruby-project:metasploit-framework/modules/auxiliary/server/local_hwbridge.rb':[
6,
],
'ruby-project:metasploit-framework/modules/encoders/generic/eicar.rb':[
38,
],
'ruby-project:metasploit-framework/modules/exploits/linux/http/ddwrt_cgibin_exec.rb':[
55,
],
'ruby-project:metasploit-framework/modules/exploits/linux/misc/nagios_nrpe_arguments.rb':[
112,
151,
],
'ruby-project:metasploit-framework/modules/exploits/multi/elasticsearch/script_mvel_rce.rb':[
77,
],
'ruby-project:metasploit-framework/modules/exploits/multi/http/drupal_drupageddon.rb':[
253,
],
'ruby-project:metasploit-framework/modules/exploits/multi/http/git_client_command_exec.rb':[
226,
229,
],
'ruby-project:metasploit-framework/modules/exploits/multi/http/jboss_seam_upload_exec.rb':[
129,
190,
],
'ruby-project:metasploit-framework/modules/exploits/multi/http/manageengine_auth_upload.rb':[
132,
],
'ruby-project:metasploit-framework/modules/exploits/osx/mdns/upnp_location.rb':[
82,
],
'ruby-project:metasploit-framework/modules/exploits/windows/browser/dxstudio_player_exec.rb':[
134,
],
'ruby-project:metasploit-framework/modules/exploits/windows/http/amlibweb_webquerydll_app.rb':[
52,
],
'ruby-project:metasploit-framework/modules/exploits/windows/http/apache_mod_rewrite_ldap.rb':[
81,
],
'ruby-project:metasploit-framework/modules/exploits/windows/http/ca_arcserve_rpc_authbypass.rb':[
148,
],
'ruby-project:metasploit-framework/modules/exploits/windows/http/webster_http.rb':[
41,
],
'ruby-project:metasploit-framework/modules/exploits/windows/local/bypassuac_comhijack.rb':[
130,
131,
],
'ruby-project:metasploit-framework/modules/exploits/windows/local/bypassuac_eventvwr.rb':[
153,
],
'ruby-project:metasploit-framework/modules/exploits/windows/local/bypassuac_fodhelper.rb':[
161,
],
'ruby-project:metasploit-framework/modules/exploits/windows/local/bypassuac_sluihijack.rb':[
163,
],
'ruby-project:metasploit-framework/modules/exploits/windows/local/ppr_flatten_rec.rb':[
63,
69,
157,
],
'ruby-project:metasploit-framework/modules/payloads/stages/multi/meterpreter.rb':[
36,
],
'ruby-project:metasploit-framework/modules/post/linux/gather/enum_psk.rb':[
60,
],
'ruby-project:metasploit-framework/modules/post/multi/escalate/aws_create_iam_user.rb':[
162,
],
'ruby-project:metasploit-framework/modules/post/multi/escalate/metasploit_pcaplog.rb':[
96,
],
'ruby-project:metasploit-framework/modules/post/multi/gather/aws_ec2_instance_metadata.rb':[
20,
],
'ruby-project:metasploit-framework/modules/post/multi/gather/firefox_creds.rb':[
512,
],
'ruby-project:metasploit-framework/modules/post/multi/gather/lastpass_creds.rb':[
109,
127,
722,
],
'ruby-project:metasploit-framework/modules/post/multi/gather/pidgin_cred.rb':[
34,
],
'ruby-project:metasploit-framework/modules/post/multi/gather/rsyncd_creds.rb':[
88,
],
'ruby-project:metasploit-framework/modules/post/multi/general/wall.rb':[
20,
],
'ruby-project:metasploit-framework/modules/post/multi/manage/autoroute.rb':[
43,
],
'ruby-project:metasploit-framework/modules/post/multi/manage/play_youtube.rb':[
69,
],
'ruby-project:metasploit-framework/modules/post/multi/manage/shell_to_meterpreter.rb':[
252,
],
'ruby-project:metasploit-framework/modules/post/multi/manage/sudo.rb':[
81,
],
'ruby-project:metasploit-framework/modules/post/windows/gather/bitcoin_jacker.rb':[
27,
],
'ruby-project:metasploit-framework/modules/post/windows/gather/cachedump.rb':[
142,
],
'ruby-project:metasploit-framework/modules/post/windows/gather/credentials/tortoisesvn.rb':[
91,
],
'ruby-project:metasploit-framework/modules/post/windows/gather/dumplinks.rb':[
100,
],
'ruby-project:metasploit-framework/modules/post/windows/gather/enum_unattend.rb':[
167,
],
'ruby-project:metasploit-framework/modules/post/windows/gather/screen_spy.rb':[
30,
],
'ruby-project:metasploit-framework/modules/post/windows/manage/powershell/exec_powershell.rb':[
15,
],
'ruby-project:metasploit-framework/plugins/aggregator.rb':[
302,
],
'ruby-project:metasploit-framework/plugins/alias.rb':[
169,
170,
],
'ruby-project:metasploit-framework/plugins/beholder.rb':[
119,
135,
143,
206,
231,
],
'ruby-project:metasploit-framework/plugins/nexpose.rb':[
41,
104,
],
'ruby-project:metasploit-framework/plugins/request.rb':[
188,
],
'ruby-project:metasploit-framework/plugins/token_adduser.rb':[
12,
],
'ruby-project:metasploit-framework/plugins/wmap.rb':[
927,
956,
1067,
1090,
],
'ruby-project:metasploit-framework/scripts/meterpreter/dumplinks.rb':[
117,
],
'ruby-project:metasploit-framework/scripts/meterpreter/packetrecorder.rb':[
131,
],
'ruby-project:metasploit-framework/spec/lib/msf/db_manager/export_spec.rb':[
96,
],
'ruby-project:metasploit-framework/spec/lib/net/dns/rr/classes_spec.rb':[
27,
],
'ruby-project:metasploit-framework/spec/lib/net/dns/rr/types_spec.rb':[
27,
],
'ruby-project:metasploit-framework/spec/msfupdate_spec.rb':[
277,
327,
],
'ruby-project:metasploit-framework/spec/support/shared/examples/msf/db_manager/module_cache.rb':[
1143,
],
'ruby-project:metasploit-framework/spec/support/shared/examples/msf/db_manager/session.rb':[
349,
352,
678,
681,
],
'ruby-project:metasploit-framework/test/functional/framework/msfconsole_spec.rb':[
17,
],
'ruby-project:metasploit-framework/test/functional/meterpreter/meterpreter_win32_spec.rb':[
64,
65,
],
'ruby-project:metasploit-framework/test/lib/regexr.rb':[
3,
],
'ruby-project:metasploit-framework/tools/hardware/elm327_relay.rb':[
223,
],
'ruby-project:rails/actioncable/lib/action_cable/channel/streams.rb':[
133,
145,
147,
],
'ruby-project:rails/actionmailer/test/abstract_unit.rb':[
6,
],
'ruby-project:rails/actionpack/lib/action_controller/metal/content_security_policy.rb':[
5,
],
'ruby-project:rails/actionpack/lib/action_dispatch/http/request.rb':[
347,
],
'ruby-project:rails/actionpack/lib/action_dispatch/testing/assertions/routing.rb':[
171,
],
'ruby-project:rails/actionpack/test/abstract_unit.rb':[
10,
],
'ruby-project:rails/actionview/lib/action_view/helpers/cache_helper.rb':[
99,
103,
104,
],
'ruby-project:rails/actionview/lib/action_view/renderer/streaming_template_renderer.rb':[
6,
],
'ruby-project:rails/actionview/test/abstract_unit.rb':[
12,
123,
],
'ruby-project:rails/activerecord/lib/active_record/associations/builder/collection_association.rb':[
34,
],
'ruby-project:rails/activerecord/lib/active_record/errors.rb':[
299,
],
'ruby-project:rails/activerecord/lib/active_record/fixtures.rb':[
783,
],
'ruby-project:rails/activerecord/lib/active_record/persistence.rb':[
141,
144,
145,
168,
171,
],
'ruby-project:rails/activerecord/test/cases/base_test.rb':[
856,
],
'ruby-project:rails/activerecord/test/cases/helper.rb':[
15,
],
'ruby-project:rails/activerecord/test/cases/locking_test.rb':[
612,
],
'ruby-project:rails/activerecord/test/cases/migration/column_attributes_test.rb':[
41,
],
'ruby-project:rails/activesupport/lib/active_support/core_ext/module/concerning.rb':[
25,
26,
44,
45,
71,
72,
75,
83,
84,
100,
101,
],
'ruby-project:rails/activesupport/lib/active_support/core_ext/uri.rb':[
10,
],
'ruby-project:rails/activesupport/lib/active_support/xml_mini.rb':[
61,
168,
],
'ruby-project:rails/railties/lib/rails/commands/server/server_command.rb':[
289,
],
'ruby-project:rails/railties/lib/rails/source_annotation_extractor.rb':[
48,
71,
],
'ruby-project:rails/railties/test/application/console_test.rb':[
56,
],
'ruby-project:rails/railties/test/application/test_test.rb':[
235,
],
'ruby-project:vagrant/lib/vagrant/machine_index.rb':[
393,
],
'ruby-project:vagrant/lib/vagrant/vagrantfile.rb':[
206,
],
'ruby-project:vagrant/plugins/commands/push/command.rb':[
10,
],
'ruby-project:vagrant/plugins/communicators/ssh/communicator.rb':[
359,
],
'ruby-project:vagrant/plugins/guests/smartos/cap/halt.rb':[
10,
],
'ruby-project:vagrant/plugins/guests/solaris/cap/halt.rb':[
10,
],
'ruby-project:vagrant/plugins/guests/solaris/cap/insert_public_key.rb':[
8,
],
'ruby-project:vagrant/plugins/guests/solaris/cap/remove_public_key.rb':[
8,
],
'ruby-project:vagrant/plugins/hosts/bsd/cap/nfs.rb':[
36,
],
'ruby-project:vagrant/plugins/providers/docker/action/create.rb':[
39,
],
'ruby-project:vagrant/plugins/providers/docker/driver.rb':[
166,
],
'ruby-project:vagrant/plugins/providers/virtualbox/action/network.rb':[
28,
],
'ruby-project:vagrant/plugins/providers/virtualbox/action/prepare_clone_snapshot.rb':[
52,
],
'ruby-project:vagrant/plugins/provisioners/ansible/provisioner/base.rb':[
243,
283,
],
'ruby-project:vagrant/plugins/provisioners/ansible/provisioner/guest.rb':[
145,
],
'ruby-project:vagrant/plugins/provisioners/ansible/provisioner/host.rb':[
283,
],
'ruby-project:vagrant/plugins/provisioners/chef/cap/omnios/chef_installed.rb':[
6,
],
'ruby-project:vagrant/plugins/provisioners/docker/cap/redhat/docker_start_service.rb':[
8,
],
'ruby-project:vagrant/plugins/provisioners/salt/provisioner.rb':[
403,
],
'ruby-project:vagrant/test/unit/vagrant/machine_index_test.rb':[
191,
],
}
