{
'ruby-project:sources/ruby/discourse/app/controllers/email_controller.rb':[
31,
],
'ruby-project:sources/ruby/discourse/app/controllers/session_controller.rb':[
138,
150,
158,
],
'ruby-project:sources/ruby/discourse/app/controllers/static_controller.rb':[
89,
],
'ruby-project:sources/ruby/discourse/app/controllers/users_controller.rb':[
595,
610,
],
'ruby-project:sources/ruby/discourse/app/jobs/regular/pull_hotlinked_images.rb':[
69,
],
'ruby-project:sources/ruby/discourse/app/models/topic_link.rb':[
156,
215,
],
'ruby-project:sources/ruby/discourse/app/models/topic_tag.rb':[
13,
],
'ruby-project:sources/ruby/discourse/config/initializers/100-sidekiq.rb':[
37,
],
'ruby-project:sources/ruby/discourse/config/initializers/101-lograge.rb':[
68,
75,
82,
],
'ruby-project:sources/ruby/discourse/lib/active_record/connection_adapters/postgresql_fallback_adapter.rb':[
75,
],
'ruby-project:sources/ruby/discourse/lib/auth/google_oauth2_authenticator.rb':[
62,
],
'ruby-project:sources/ruby/discourse/lib/cooked_post_processor.rb':[
429,
],
'ruby-project:sources/ruby/discourse/lib/discourse_diff.rb':[
113,
122,
],
'ruby-project:sources/ruby/discourse/lib/email/message_builder.rb':[
43,
46,
],
'ruby-project:sources/ruby/discourse/lib/email/receiver.rb':[
880,
966,
972,
],
'ruby-project:sources/ruby/discourse/lib/file_helper.rb':[
52,
],
'ruby-project:sources/ruby/discourse/lib/freedom_patches/translate_accelerator.rb':[
164,
],
'ruby-project:sources/ruby/discourse/lib/hijack.rb':[
105,
],
'ruby-project:sources/ruby/discourse/lib/html_prettify.rb':[
144,
151,
],
'ruby-project:sources/ruby/discourse/lib/middleware/discourse_public_exceptions.rb':[
27,
],
'ruby-project:sources/ruby/discourse/lib/onpdiff.rb':[
120,
129,
137,
],
'ruby-project:sources/ruby/discourse/lib/search.rb':[
216,
],
'ruby-project:sources/ruby/discourse/lib/topic_query.rb':[
603,
614,
],
'ruby-project:sources/ruby/discourse/plugins/discourse-narrative-bot/lib/discourse_narrative_bot/track_selector.rb':[
51,
],
'ruby-project:sources/ruby/discourse/plugins/poll/lib/polls_updater.rb':[
25,
67,
],
'ruby-project:sources/ruby/discourse/script/import_scripts/base.rb':[
266,
514,
],
'ruby-project:sources/ruby/discourse/script/import_scripts/bbpress.rb':[
323,
369,
],
'ruby-project:sources/ruby/discourse/script/import_scripts/discuz_x.rb':[
188,
378,
],
'ruby-project:sources/ruby/discourse/script/import_scripts/ipboard.rb':[
217,
],
'ruby-project:sources/ruby/discourse/script/import_scripts/ipboard3.rb':[
91,
394,
],
'ruby-project:sources/ruby/discourse/script/import_scripts/lithium.rb':[
176,
931,
941,
],
'ruby-project:sources/ruby/discourse/script/import_scripts/ning.rb':[
116,
],
'ruby-project:sources/ruby/fastlane/fastlane/lib/fastlane/setup/setup.rb':[
83,
],
'ruby-project:sources/ruby/rails/actioncable/lib/action_cable/connection/stream.rb':[
47,
],
'ruby-project:sources/ruby/rails/actionpack/lib/action_controller/metal/live.rb':[
259,
],
'ruby-project:sources/ruby/rails/activerecord/lib/active_record/associations/has_one_association.rb':[
60,
],
'ruby-project:sources/ruby/rails/activerecord/lib/active_record/attribute_methods/query.rb':[
24,
],
'ruby-project:sources/ruby/rails/activerecord/lib/active_record/autosave_association.rb':[
401,
444,
450,
],
'ruby-project:sources/ruby/rails/activerecord/lib/active_record/connection_adapters/abstract/schema_statements.rb':[
1069,
],
'ruby-project:sources/ruby/rails/activerecord/lib/active_record/connection_adapters/abstract/transaction.rb':[
251,
],
'ruby-project:sources/ruby/rails/activerecord/lib/active_record/fixtures.rb':[
686,
993,
],
'ruby-project:sources/ruby/rails/activerecord/test/cases/transactions_test.rb':[
493,
],
'ruby-project:sources/ruby/rails/activesupport/lib/active_support/callbacks.rb':[
116,
],
'ruby-project:sources/ruby/rails/railties/lib/rails/mailers_controller.rb':[
31,
],
'ruby-project:sources/ruby/vagrant/lib/vagrant/action/builtin/box_add.rb':[
369,
],
'ruby-project:sources/ruby/vagrant/lib/vagrant/action/builtin/graceful_halt.rb':[
55,
],
'ruby-project:sources/ruby/vagrant/lib/vagrant/action/builtin/mixin_synced_folders.rb':[
84,
],
'ruby-project:sources/ruby/vagrant/lib/vagrant/bundler.rb':[
504,
],
'ruby-project:sources/ruby/vagrant/lib/vagrant/config/loader.rb':[
134,
],
'ruby-project:sources/ruby/vagrant/lib/vagrant/environment.rb':[
947,
],
'ruby-project:sources/ruby/vagrant/lib/vagrant/plugin/manager.rb':[
310,
],
'ruby-project:sources/ruby/vagrant/lib/vagrant/util/downloader.rb':[
109,
136,
],
'ruby-project:sources/ruby/vagrant/lib/vagrant/util/io.rb':[
29,
],
'ruby-project:sources/ruby/vagrant/lib/vagrant/util/platform.rb':[
541,
545,
],
'ruby-project:sources/ruby/vagrant/lib/vagrant/util/powershell.rb':[
29,
],
'ruby-project:sources/ruby/vagrant/lib/vagrant/util/safe_exec.rb':[
29,
47,
53,
],
'ruby-project:sources/ruby/vagrant/plugins/communicators/ssh/communicator.rb':[
85,
],
'ruby-project:sources/ruby/vagrant/plugins/communicators/winrm/communicator.rb':[
57,
],
'ruby-project:sources/ruby/vagrant/plugins/guests/alt/cap/flavor.rb':[
30,
],
'ruby-project:sources/ruby/vagrant/plugins/hosts/linux/cap/nfs.rb':[
195,
],
'ruby-project:sources/ruby/vagrant/plugins/providers/docker/driver/compose.rb':[
55,
275,
],
'ruby-project:sources/ruby/vagrant/plugins/providers/docker/executor/vagrant.rb':[
48,
49,
],
'ruby-project:sources/ruby/vagrant/plugins/providers/hyperv/action/configure.rb':[
53,
55,
],
'ruby-project:sources/ruby/vagrant/plugins/providers/hyperv/action/wait_for_ip_address.rb':[
31,
],
'ruby-project:sources/ruby/vagrant/plugins/providers/virtualbox/driver/version_4_0.rb':[
197,
],
'ruby-project:sources/ruby/vagrant/plugins/providers/virtualbox/driver/version_4_1.rb':[
111,
158,
300,
],
'ruby-project:sources/ruby/vagrant/plugins/providers/virtualbox/driver/version_4_2.rb':[
229,
654,
701,
],
'ruby-project:sources/ruby/vagrant/plugins/providers/virtualbox/driver/version_4_3.rb':[
117,
164,
345,
],
'ruby-project:sources/ruby/vagrant/plugins/providers/virtualbox/driver/version_5_0.rb':[
126,
173,
364,
],
'ruby-project:sources/ruby/vagrant/plugins/provisioners/puppet/provisioner/puppet.rb':[
72,
],
'ruby-project:sources/ruby/vagrant/plugins/provisioners/salt/provisioner.rb':[
406,
416,
],
'ruby-project:sources/ruby/vagrant/plugins/synced_folders/nfs/synced_folder.rb':[
51,
],
'ruby-project:sources/ruby/vagrant/plugins/synced_folders/unix_mount_helpers.rb':[
52,
56,
],
}
