{
'ruby-project:discourse/script/import_scripts/phpbb3/database/database_3_0.rb':[
5,
],
'ruby-project:discourse/script/import_scripts/phpbb3/database/database_3_1.rb':[
5,
],
'ruby-project:rails/activerecord/lib/active_record/migration/compatibility.rb':[
18,
21,
44,
130,
],
'ruby-project:rails/activerecord/lib/arel/visitors/ibm_db.rb':[
5,
],
'ruby-project:rails/activerecord/test/cases/migration/compatibility_test.rb':[
348,
359,
],
'ruby-project:vagrant/plugins/providers/virtualbox/driver/version_4_0.rb':[
11,
],
'ruby-project:vagrant/plugins/providers/virtualbox/driver/version_4_1.rb':[
11,
],
'ruby-project:vagrant/plugins/providers/virtualbox/driver/version_4_2.rb':[
11,
],
'ruby-project:vagrant/plugins/providers/virtualbox/driver/version_4_3.rb':[
12,
],
'ruby-project:vagrant/plugins/providers/virtualbox/driver/version_5_0.rb':[
11,
],
'ruby-project:vagrant/plugins/providers/virtualbox/driver/version_5_1.rb':[
7,
],
'ruby-project:vagrant/plugins/providers/virtualbox/driver/version_5_2.rb':[
7,
],
}
