{
'ruby-project:sources/ruby/fastlane/frameit/lib/frameit/editor.rb':[
90,
],
'ruby-project:sources/ruby/rails/activerecord/test/cases/base_test.rb':[
530,
],
'ruby-project:sources/ruby/rails/activesupport/test/core_ext/duration_test.rb':[
39,
89,
127,
652,
653,
],
'ruby-project:sources/ruby/rails/activesupport/test/json/encoding_test_cases.rb':[
45,
48,
],
'ruby-project:sources/ruby/rails/activesupport/test/time_zone_test.rb':[
710,
],
}
