{
'ruby-project:sources/ruby/devdocs/lib/app.rb':[
70,
308,
],
'ruby-project:sources/ruby/devdocs/lib/docs/filters/angular/clean_html_v2.rb':[
37,
],
'ruby-project:sources/ruby/devdocs/lib/docs/filters/koa/clean_html.rb':[
30,
33,
],
'ruby-project:sources/ruby/devdocs/lib/docs/filters/postgresql/clean_html.rb':[
27,
],
'ruby-project:sources/ruby/devdocs/lib/docs/filters/typescript/entries.rb':[
17,
],
'ruby-project:sources/ruby/fastlane/cert/lib/cert/runner.rb':[
160,
],
'ruby-project:sources/ruby/fastlane/deliver/lib/deliver/options.rb':[
224,
253,
261,
],
'ruby-project:sources/ruby/fastlane/deliver/lib/deliver/runner.rb':[
78,
],
'ruby-project:sources/ruby/fastlane/deliver/lib/deliver/upload_screenshots.rb':[
113,
],
'ruby-project:sources/ruby/fastlane/fastlane/lib/fastlane/actions/app_store_build_number.rb':[
160,
],
'ruby-project:sources/ruby/fastlane/fastlane/lib/fastlane/actions/appledoc.rb':[
128,
159,
171,
176,
177,
],
'ruby-project:sources/ruby/fastlane/fastlane/lib/fastlane/actions/bundle_install.rb':[
114,
],
'ruby-project:sources/ruby/fastlane/fastlane/lib/fastlane/actions/carthage.rb':[
124,
129,
192,
],
'ruby-project:sources/ruby/fastlane/fastlane/lib/fastlane/actions/changelog_from_git_commits.rb':[
143,
],
'ruby-project:sources/ruby/fastlane/fastlane/lib/fastlane/actions/clean_build_artifacts.rb':[
43,
],
'ruby-project:sources/ruby/fastlane/fastlane/lib/fastlane/actions/cloc.rb':[
31,
],
'ruby-project:sources/ruby/fastlane/fastlane/lib/fastlane/actions/commit_github_file.rb':[
81,
],
'ruby-project:sources/ruby/fastlane/fastlane/lib/fastlane/actions/commit_version_bump.rb':[
198,
],
'ruby-project:sources/ruby/fastlane/fastlane/lib/fastlane/actions/copy_artifacts.rb':[
51,
],
'ruby-project:sources/ruby/fastlane/fastlane/lib/fastlane/actions/crashlytics.rb':[
165,
],
'ruby-project:sources/ruby/fastlane/fastlane/lib/fastlane/actions/ensure_git_status_clean.rb':[
34,
],
'ruby-project:sources/ruby/fastlane/fastlane/lib/fastlane/actions/gcovr.rb':[
21,
],
'ruby-project:sources/ruby/fastlane/fastlane/lib/fastlane/actions/get_build_number.rb':[
36,
51,
],
'ruby-project:sources/ruby/fastlane/fastlane/lib/fastlane/actions/get_certificates.rb':[
35,
],
'ruby-project:sources/ruby/fastlane/fastlane/lib/fastlane/actions/get_provisioning_profile.rb':[
59,
],
'ruby-project:sources/ruby/fastlane/fastlane/lib/fastlane/actions/gradle.rb':[
105,
110,
],
'ruby-project:sources/ruby/fastlane/fastlane/lib/fastlane/actions/hg_commit_version_bump.rb':[
160,
165,
],
'ruby-project:sources/ruby/fastlane/fastlane/lib/fastlane/actions/hg_ensure_clean_status.rb':[
24,
],
'ruby-project:sources/ruby/fastlane/fastlane/lib/fastlane/actions/hg_push.rb':[
22,
],
'ruby-project:sources/ruby/fastlane/fastlane/lib/fastlane/actions/hockey.rb':[
178,
213,
257,
318,
359,
],
'ruby-project:sources/ruby/fastlane/fastlane/lib/fastlane/actions/ifttt.rb':[
35,
],
'ruby-project:sources/ruby/fastlane/fastlane/lib/fastlane/actions/import_certificate.rb':[
9,
],
'ruby-project:sources/ruby/fastlane/fastlane/lib/fastlane/actions/import_from_git.rb':[
34,
],
'ruby-project:sources/ruby/fastlane/fastlane/lib/fastlane/actions/increment_build_number.rb':[
54,
],
'ruby-project:sources/ruby/fastlane/fastlane/lib/fastlane/actions/increment_version_number.rb':[
73,
84,
],
'ruby-project:sources/ruby/fastlane/fastlane/lib/fastlane/actions/install_on_device.rb':[
74,
],
'ruby-project:sources/ruby/fastlane/fastlane/lib/fastlane/actions/last_git_commit.rb':[
17,
],
'ruby-project:sources/ruby/fastlane/fastlane/lib/fastlane/actions/last_git_tag.rb':[
37,
],
'ruby-project:sources/ruby/fastlane/fastlane/lib/fastlane/actions/modify_services.rb':[
114,
],
'ruby-project:sources/ruby/fastlane/fastlane/lib/fastlane/actions/number_of_commits.rb':[
51,
],
'ruby-project:sources/ruby/fastlane/fastlane/lib/fastlane/actions/pod_push.rb':[
119,
],
'ruby-project:sources/ruby/fastlane/fastlane/lib/fastlane/actions/podio_item.rb':[
29,
],
'ruby-project:sources/ruby/fastlane/fastlane/lib/fastlane/actions/push_to_git_remote.rb':[
72,
],
'ruby-project:sources/ruby/fastlane/fastlane/lib/fastlane/actions/read_podspec.rb':[
32,
],
'ruby-project:sources/ruby/fastlane/fastlane/lib/fastlane/actions/register_device.rb':[
75,
],
'ruby-project:sources/ruby/fastlane/fastlane/lib/fastlane/actions/register_devices.rb':[
39,
44,
119,
120,
],
'ruby-project:sources/ruby/fastlane/fastlane/lib/fastlane/actions/reset_git_repo.rb':[
39,
49,
53,
63,
100,
106,
],
'ruby-project:sources/ruby/fastlane/fastlane/lib/fastlane/actions/resign.rb':[
9,
31,
95,
],
'ruby-project:sources/ruby/fastlane/fastlane/lib/fastlane/actions/rsync.rb':[
25,
],
'ruby-project:sources/ruby/fastlane/fastlane/lib/fastlane/actions/set_changelog.rb':[
87,
],
'ruby-project:sources/ruby/fastlane/fastlane/lib/fastlane/actions/set_github_release.rb':[
150,
152,
194,
],
'ruby-project:sources/ruby/fastlane/fastlane/lib/fastlane/actions/setup_jenkins.rb':[
102,
],
'ruby-project:sources/ruby/fastlane/fastlane/lib/fastlane/actions/sh.rb':[
30,
],
'ruby-project:sources/ruby/fastlane/fastlane/lib/fastlane/actions/slack.rb':[
54,
159,
161,
178,
],
'ruby-project:sources/ruby/fastlane/fastlane/lib/fastlane/actions/sonar.rb':[
49,
64,
68,
88,
],
'ruby-project:sources/ruby/fastlane/fastlane/lib/fastlane/actions/tryouts.rb':[
110,
],
'ruby-project:sources/ruby/fastlane/fastlane/lib/fastlane/actions/update_fastlane.rb':[
123,
125,
],
'ruby-project:sources/ruby/fastlane/fastlane/lib/fastlane/actions/update_urban_airship_configuration.rb':[
28,
],
'ruby-project:sources/ruby/fastlane/fastlane/lib/fastlane/actions/upload_symbols_to_crashlytics.rb':[
128,
142,
],
'ruby-project:sources/ruby/fastlane/fastlane/lib/fastlane/actions/verify_build.rb':[
81,
94,
97,
109,
124,
],
'ruby-project:sources/ruby/fastlane/fastlane/lib/fastlane/actions/verify_xcode.rb':[
115,
],
'ruby-project:sources/ruby/fastlane/fastlane/lib/fastlane/actions/xcode_install.rb':[
42,
],
'ruby-project:sources/ruby/fastlane/fastlane/lib/fastlane/actions/xcode_select.rb':[
41,
],
'ruby-project:sources/ruby/fastlane/fastlane/lib/fastlane/actions/xcode_server_get_assets.rb':[
227,
],
'ruby-project:sources/ruby/fastlane/fastlane/lib/fastlane/actions/xcodebuild.rb':[
395,
],
'ruby-project:sources/ruby/fastlane/fastlane/lib/fastlane/helper/podspec_helper.rb':[
13,
],
'ruby-project:sources/ruby/fastlane/fastlane/lib/fastlane/runner.rb':[
243,
],
'ruby-project:sources/ruby/fastlane/fastlane/lib/fastlane/setup/setup.rb':[
97,
],
'ruby-project:sources/ruby/fastlane/fastlane/lib/fastlane/swift_fastlane_function.rb':[
24,
],
'ruby-project:sources/ruby/fastlane/fastlane/spec/actions_specs/appledoc_spec.rb':[
518,
557,
],
'ruby-project:sources/ruby/fastlane/fastlane/spec/actions_specs/clipboard_spec.rb':[
21,
],
'ruby-project:sources/ruby/fastlane/fastlane/spec/actions_specs/ensure_git_status_clean_spec.rb':[
31,
59,
],
'ruby-project:sources/ruby/fastlane/fastlane/spec/actions_specs/gradle_spec.rb':[
92,
95,
],
'ruby-project:sources/ruby/fastlane/fastlane/spec/actions_specs/import_certificate_spec.rb':[
5,
41,
],
'ruby-project:sources/ruby/fastlane/fastlane/spec/actions_specs/produce_spec.rb':[
9,
],
'ruby-project:sources/ruby/fastlane/fastlane/spec/actions_specs/reset_git_repo_spec.rb':[
17,
],
'ruby-project:sources/ruby/fastlane/fastlane/spec/actions_specs/swiftlint_spec.rb':[
215,
],
'ruby-project:sources/ruby/fastlane/fastlane/spec/actions_specs/update_app_group_identifiers_spec.rb':[
11,
48,
61,
],
'ruby-project:sources/ruby/fastlane/fastlane/spec/actions_specs/update_app_identifier_spec.rb':[
22,
],
'ruby-project:sources/ruby/fastlane/fastlane/spec/actions_specs/update_info_plist_spec.rb':[
21,
],
'ruby-project:sources/ruby/fastlane/fastlane/spec/actions_specs/update_plist_spec.rb':[
19,
],
'ruby-project:sources/ruby/fastlane/fastlane/spec/fast_file_spec.rb':[
31,
350,
386,
],
'ruby-project:sources/ruby/fastlane/fastlane/spec/lane_list_spec.rb':[
21,
],
'ruby-project:sources/ruby/fastlane/fastlane/spec/plugins_specs/plugin_generator_spec.rb':[
275,
],
'ruby-project:sources/ruby/fastlane/fastlane/spec/plugins_specs/plugin_manager_spec.rb':[
210,
],
'ruby-project:sources/ruby/fastlane/fastlane_core/lib/fastlane_core/configuration/config_item.rb':[
81,
],
'ruby-project:sources/ruby/fastlane/fastlane_core/lib/fastlane_core/languages.rb':[
6,
9,
],
'ruby-project:sources/ruby/fastlane/fastlane_core/lib/fastlane_core/project.rb':[
134,
358,
],
'ruby-project:sources/ruby/fastlane/fastlane_core/lib/fastlane_core/swag.rb':[
9,
10,
11,
12,
13,
14,
15,
16,
17,
18,
19,
20,
21,
22,
23,
24,
25,
26,
27,
28,
],
'ruby-project:sources/ruby/fastlane/fastlane_core/lib/fastlane_core/ui/fastlane_runner.rb':[
68,
],
'ruby-project:sources/ruby/fastlane/fastlane_core/spec/build_watcher_spec.rb':[
184,
186,
228,
],
'ruby-project:sources/ruby/fastlane/fastlane_core/spec/configuration_file_spec.rb':[
61,
],
'ruby-project:sources/ruby/fastlane/fastlane_core/spec/project_spec.rb':[
332,
341,
],
'ruby-project:sources/ruby/fastlane/frameit/lib/frameit/trim_box.rb':[
11,
],
'ruby-project:sources/ruby/fastlane/gym/spec/code_signing_mapping_spec.rb':[
35,
],
'ruby-project:sources/ruby/fastlane/gym/spec/error_handler_spec.rb':[
8,
9,
10,
38,
40,
45,
50,
],
'ruby-project:sources/ruby/fastlane/match/lib/match/generator.rb':[
28,
],
'ruby-project:sources/ruby/fastlane/match/lib/match/git_helper.rb':[
49,
],
'ruby-project:sources/ruby/fastlane/match/lib/match/options.rb':[
153,
],
'ruby-project:sources/ruby/fastlane/match/spec/utils_spec.rb':[
4,
],
'ruby-project:sources/ruby/fastlane/pilot/lib/pilot/build_manager.rb':[
55,
58,
],
'ruby-project:sources/ruby/fastlane/pilot/lib/pilot/options.rb':[
73,
80,
176,
190,
],
'ruby-project:sources/ruby/fastlane/produce/lib/produce/options.rb':[
81,
95,
108,
],
'ruby-project:sources/ruby/fastlane/scan/lib/scan/options.rb':[
128,
158,
],
'ruby-project:sources/ruby/fastlane/scan/spec/detect_values_spec.rb':[
7,
],
'ruby-project:sources/ruby/fastlane/scan/spec/test_command_generator_spec.rb':[
271,
275,
],
'ruby-project:sources/ruby/fastlane/screengrab/spec/runner_spec.rb':[
39,
],
'ruby-project:sources/ruby/fastlane/sigh/lib/sigh/options.rb':[
119,
145,
],
'ruby-project:sources/ruby/fastlane/snapshot/spec/test_command_generator_spec.rb':[
108,
112,
],
'ruby-project:sources/ruby/fastlane/snapshot/spec/test_command_generator_xcode_8_spec.rb':[
69,
73,
],
'ruby-project:sources/ruby/fastlane/spaceship/lib/spaceship/client.rb':[
472,
],
'ruby-project:sources/ruby/fastlane/spaceship/lib/spaceship/du/du_client.rb':[
21,
25,
29,
33,
45,
93,
],
'ruby-project:sources/ruby/fastlane/spaceship/lib/spaceship/tunes/application.rb':[
152,
],
'ruby-project:sources/ruby/fastlane/spaceship/lib/spaceship/tunes/iap.rb':[
27,
],
'ruby-project:sources/ruby/fastlane/spaceship/lib/spaceship/tunes/iap_detail.rb':[
102,
175,
193,
],
'ruby-project:sources/ruby/fastlane/spaceship/lib/spaceship/tunes/tunes_client.rb':[
1196,
],
'ruby-project:sources/ruby/fastlane/spaceship/spec/du/du_client_spec.rb':[
53,
],
'ruby-project:sources/ruby/fastlane/spaceship/spec/du/du_stubbing.rb':[
86,
87,
88,
95,
96,
97,
104,
105,
113,
114,
122,
123,
124,
129,
130,
131,
138,
139,
140,
145,
146,
147,
154,
155,
156,
],
'ruby-project:sources/ruby/fastlane/spaceship/spec/portal/portal_client_spec.rb':[
96,
274,
],
'ruby-project:sources/ruby/fastlane/spaceship/spec/portal/portal_permission_spec.rb':[
18,
],
'ruby-project:sources/ruby/fastlane/spaceship/spec/portal/portal_stubbing.rb':[
90,
95,
100,
105,
109,
119,
180,
216,
224,
232,
],
'ruby-project:sources/ruby/fastlane/spaceship/spec/provisioning_profile_spec.rb':[
212,
219,
226,
233,
252,
258,
266,
271,
279,
288,
300,
305,
313,
],
'ruby-project:sources/ruby/fastlane/spaceship/spec/tunes/app_submission_spec.rb':[
46,
],
'ruby-project:sources/ruby/fastlane/spaceship/spec/tunes/app_version_spec.rb':[
384,
385,
607,
],
'ruby-project:sources/ruby/fastlane/spaceship/spec/tunes/application_spec.rb':[
122,
],
'ruby-project:sources/ruby/fastlane/spaceship/spec/tunes/tunes_client_spec.rb':[
33,
44,
55,
66,
92,
],
'ruby-project:sources/ruby/fastlane/spaceship/spec/tunes/tunes_stubbing.rb':[
547,
562,
577,
587,
],
'ruby-project:sources/ruby/fastlane/supply/lib/supply/setup.rb':[
47,
74,
],
'ruby-project:sources/ruby/rails/actioncable/lib/action_cable/server/configuration.rb':[
41,
],
'ruby-project:sources/ruby/rails/actionpack/lib/abstract_controller/rendering.rb':[
10,
],
'ruby-project:sources/ruby/rails/actionpack/lib/action_dispatch/system_testing/test_helpers/undef_methods.rb':[
17,
],
'ruby-project:sources/ruby/rails/actionpack/test/controller/filters_test.rb':[
199,
],
'ruby-project:sources/ruby/rails/actionpack/test/controller/flash_hash_test.rb':[
75,
76,
],
'ruby-project:sources/ruby/rails/actionpack/test/dispatch/cookies_test.rb':[
999,
],
'ruby-project:sources/ruby/rails/actionpack/test/dispatch/mime_type_test.rb':[
93,
94,
],
'ruby-project:sources/ruby/rails/actionpack/test/dispatch/request_test.rb':[
1070,
],
'ruby-project:sources/ruby/rails/actionpack/test/dispatch/session/cookie_store_test.rb':[
164,
],
'ruby-project:sources/ruby/rails/actionpack/test/dispatch/system_testing/system_test_case_test.rb':[
54,
61,
68,
75,
82,
],
'ruby-project:sources/ruby/rails/actionview/lib/action_view/helpers/form_options_helper.rb':[
44,
847,
],
'ruby-project:sources/ruby/rails/actionview/test/actionpack/controller/render_test.rb':[
1256,
],
'ruby-project:sources/ruby/rails/actionview/test/template/active_model_helper_test.rb':[
58,
70,
84,
91,
98,
119,
133,
140,
147,
],
'ruby-project:sources/ruby/rails/actionview/test/template/asset_tag_helper_test.rb':[
70,
205,
226,
228,
275,
313,
480,
],
'ruby-project:sources/ruby/rails/actionview/test/template/date_helper_test.rb':[
218,
227,
236,
244,
253,
262,
270,
278,
286,
294,
303,
312,
321,
330,
339,
347,
356,
365,
375,
384,
423,
431,
439,
447,
455,
574,
582,
590,
598,
606,
614,
622,
630,
638,
646,
654,
662,
670,
678,
686,
702,
726,
734,
742,
750,
758,
766,
774,
782,
790,
798,
806,
814,
822,
830,
838,
850,
854,
871,
875,
900,
904,
922,
926,
946,
950,
970,
974,
988,
992,
1004,
1008,
1021,
1025,
1037,
1041,
1053,
1057,
1069,
1073,
1087,
1093,
1107,
1141,
1145,
1157,
1161,
1173,
1177,
1189,
1193,
1196,
1205,
1209,
1221,
1225,
1237,
1241,
1247,
1253,
1265,
1269,
1275,
1281,
1293,
1297,
1303,
1309,
1321,
1325,
1331,
1337,
1349,
1353,
1359,
1365,
1379,
1385,
1391,
1397,
1400,
1413,
1417,
1423,
1429,
1442,
1446,
1452,
1458,
1471,
1475,
1481,
1487,
1499,
1503,
1509,
1515,
1518,
1527,
1531,
1537,
1543,
1568,
1574,
1587,
1593,
1604,
1610,
1623,
1629,
1635,
1647,
1653,
1659,
1671,
1677,
1694,
1700,
1706,
1718,
1724,
1730,
1743,
1749,
1755,
1767,
1773,
1779,
1801,
1805,
1809,
1821,
1825,
1829,
1841,
1845,
1849,
1863,
1867,
1881,
1885,
1899,
1912,
1918,
1931,
1935,
1949,
1950,
1951,
1965,
1966,
1967,
1981,
1982,
1983,
1994,
1998,
2002,
2014,
2018,
2022,
2149,
2153,
2157,
2168,
2172,
2176,
2192,
2196,
2200,
2212,
2218,
2224,
2236,
2242,
2248,
2259,
2265,
2277,
2281,
2285,
2297,
2301,
2305,
2317,
2321,
2325,
2337,
2341,
2345,
2624,
2628,
2632,
2638,
2642,
2653,
2657,
2661,
2667,
2671,
2684,
2688,
2694,
2698,
2719,
2723,
2727,
2733,
2737,
2753,
2754,
2755,
2756,
2757,
2767,
2773,
2779,
2820,
2824,
2828,
2834,
2838,
2849,
2853,
2857,
2863,
2867,
2870,
2878,
2882,
2886,
2892,
2896,
2907,
2911,
2915,
2921,
2925,
2928,
2937,
2941,
2954,
2958,
2970,
2974,
2986,
2990,
3002,
3006,
3012,
3018,
3030,
3034,
3038,
3044,
3048,
3064,
3068,
3072,
3078,
3082,
3094,
3098,
3102,
3108,
3112,
3431,
3435,
3439,
3445,
3449,
],
'ruby-project:sources/ruby/rails/actionview/test/template/digestor_test.rb':[
144,
],
'ruby-project:sources/ruby/rails/actionview/test/template/form_options_helper_test.rb':[
80,
101,
108,
115,
335,
343,
351,
362,
374,
384,
392,
399,
416,
502,
578,
591,
605,
620,
703,
719,
728,
737,
746,
755,
763,
772,
806,
813,
820,
827,
841,
859,
868,
905,
930,
957,
971,
985,
1000,
1010,
1020,
1029,
1043,
1053,
1062,
1071,
1330,
1358,
1413,
1422,
1431,
1445,
],
'ruby-project:sources/ruby/rails/actionview/test/template/form_tag_helper_test.rb':[
496,
],
'ruby-project:sources/ruby/rails/actionview/test/template/sanitize_helper_test.rb':[
23,
],
'ruby-project:sources/ruby/rails/actionview/test/template/tag_helper_test.rb':[
73,
78,
318,
319,
320,
321,
327,
328,
329,
330,
],
'ruby-project:sources/ruby/rails/actionview/test/template/text_helper_test.rb':[
324,
330,
],
'ruby-project:sources/ruby/rails/actionview/test/template/translation_helper_test.rb':[
76,
],
'ruby-project:sources/ruby/rails/actionview/test/template/url_helper_test.rb':[
136,
140,
144,
148,
152,
231,
256,
643,
644,
],
'ruby-project:sources/ruby/rails/activemodel/lib/active_model/validations.rb':[
160,
],
'ruby-project:sources/ruby/rails/activerecord/lib/active_record/associations.rb':[
42,
52,
62,
72,
82,
95,
105,
115,
],
'ruby-project:sources/ruby/rails/activerecord/lib/active_record/connection_adapters/connection_specification.rb':[
195,
],
'ruby-project:sources/ruby/rails/activerecord/lib/active_record/connection_adapters/postgresql/schema_statements.rb':[
440,
466,
506,
],
'ruby-project:sources/ruby/rails/activerecord/lib/active_record/fixture_set/file.rb':[
53,
],
'ruby-project:sources/ruby/rails/activerecord/lib/active_record/relation/where_clause.rb':[
140,
],
'ruby-project:sources/ruby/rails/activerecord/test/cases/adapters/postgresql/active_schema_test.rb':[
25,
],
'ruby-project:sources/ruby/rails/activerecord/test/cases/adapters/postgresql/schema_test.rb':[
98,
381,
],
'ruby-project:sources/ruby/rails/activerecord/test/cases/associations/cascaded_eager_loading_test.rb':[
139,
148,
],
'ruby-project:sources/ruby/rails/activerecord/test/cases/base_test.rb':[
1078,
],
'ruby-project:sources/ruby/rails/activerecord/test/cases/connection_specification/resolver_test.rb':[
22,
],
'ruby-project:sources/ruby/rails/activerecord/test/cases/core_test.rb':[
21,
],
'ruby-project:sources/ruby/rails/activerecord/test/cases/finder_test.rb':[
1175,
],
'ruby-project:sources/ruby/rails/activerecord/test/cases/migration/helper.rb':[
13,
],
'ruby-project:sources/ruby/rails/activerecord/test/cases/persistence_test.rb':[
29,
],
'ruby-project:sources/ruby/rails/activerecord/test/cases/reflection_test.rb':[
46,
57,
],
'ruby-project:sources/ruby/rails/activerecord/test/cases/relations_test.rb':[
29,
],
'ruby-project:sources/ruby/rails/activerecord/test/cases/test_case.rb':[
112,
117,
118,
119,
],
'ruby-project:sources/ruby/rails/activerecord/test/cases/validations/association_validation_test.rb':[
18,
],
'ruby-project:sources/ruby/rails/activestorage/app/models/active_storage/variation.rb':[
70,
],
'ruby-project:sources/ruby/rails/activestorage/test/service/shared_service_tests.rb':[
9,
],
'ruby-project:sources/ruby/rails/activesupport/lib/active_support/core_ext/hash/compact.rb':[
5,
],
'ruby-project:sources/ruby/rails/activesupport/lib/active_support/core_ext/hash/transform_values.rb':[
5,
],
'ruby-project:sources/ruby/rails/activesupport/lib/active_support/core_ext/numeric/inquiry.rb':[
5,
],
'ruby-project:sources/ruby/rails/activesupport/test/core_ext/time_with_zone_test.rb':[
361,
362,
],
'ruby-project:sources/ruby/rails/activesupport/test/json/encoding_test_cases.rb':[
55,
],
'ruby-project:sources/ruby/rails/activesupport/test/message_encryptor_test.rb':[
60,
95,
],
'ruby-project:sources/ruby/rails/railties/lib/rails/commands/notes/notes_command.rb':[
31,
],
'ruby-project:sources/ruby/rails/railties/test/application/loading_test.rb':[
120,
122,
124,
],
'ruby-project:sources/ruby/rails/railties/test/application/middleware/session_test.rb':[
315,
],
'ruby-project:sources/ruby/rails/railties/test/commands/secrets_test.rb':[
60,
],
'ruby-project:sources/ruby/rails/railties/test/generators/model_generator_test.rb':[
43,
],
'ruby-project:sources/ruby/rails/railties/test/generators/plugin_generator_test.rb':[
356,
359,
360,
362,
378,
381,
382,
384,
399,
400,
403,
404,
406,
407,
],
'ruby-project:sources/ruby/rails/railties/test/generators/resource_generator_test.rb':[
67,
],
'ruby-project:sources/ruby/rails/railties/test/generators/scaffold_controller_generator_test.rb':[
112,
274,
275,
],
'ruby-project:sources/ruby/rails/railties/test/generators/scaffold_generator_test.rb':[
64,
150,
],
'ruby-project:sources/ruby/rails/railties/test/secrets_test.rb':[
169,
],
'ruby-project:sources/ruby/rails/railties/test/test_unit/reporter_test.rb':[
84,
],
'ruby-project:sources/ruby/vagrant/lib/vagrant/util/platform.rb':[
74,
],
'ruby-project:sources/ruby/vagrant/plugins/provisioners/ansible/provisioner/host.rb':[
248,
257,
],
'ruby-project:sources/ruby/vagrant/plugins/provisioners/cfengine/cap/redhat/cfengine_install.rb':[
13,
],
'ruby-project:sources/ruby/vagrant/plugins/provisioners/salt/provisioner.rb':[
92,
],
'ruby-project:sources/ruby/vagrant/test/unit/plugins/guests/debian/cap/configure_networks_test.rb':[
123,
124,
],
'ruby-project:sources/ruby/vagrant/test/unit/plugins/provisioners/ansible/provisioner_test.rb':[
188,
190,
914,
928,
943,
1163,
1194,
],
'ruby-project:sources/ruby/vagrant/test/unit/plugins/provisioners/salt/provisioner_test.rb':[
108,
],
'ruby-project:sources/ruby/vagrant/test/unit/vagrant/util/ssh_test.rb':[
85,
103,
158,
176,
194,
212,
],
}
