{
'ruby-project:sources/ruby/fastlane/fastlane/spec/actions_specs/version_bump_podspec_spec.rb':[
114,
115,
167,
211,
],
'ruby-project:sources/ruby/fastlane/fastlane/spec/actions_specs/xcode_server_get_assets_spec.rb':[
5,
22,
24,
42,
44,
63,
65,
67,
],
'ruby-project:sources/ruby/fastlane/fastlane/spec/helper/podspec_helper_spec.rb':[
43,
44,
],
'ruby-project:sources/ruby/rails/actionpack/lib/action_dispatch/middleware/remote_ip.rb':[
39,
40,
41,
],
'ruby-project:sources/ruby/rails/actionpack/test/controller/show_exceptions_test.rb':[
30,
46,
],
'ruby-project:sources/ruby/rails/actionpack/test/controller/test_case_test.rb':[
669,
671,
],
'ruby-project:sources/ruby/rails/actionpack/test/dispatch/cookies_test.rb':[
1078,
1085,
],
'ruby-project:sources/ruby/rails/actionpack/test/dispatch/mime_type_test.rb':[
94,
],
'ruby-project:sources/ruby/rails/actionpack/test/dispatch/request_test.rb':[
66,
67,
70,
72,
73,
74,
77,
78,
81,
84,
87,
90,
93,
96,
102,
109,
110,
120,
121,
123,
127,
128,
129,
131,
135,
136,
139,
141,
142,
143,
146,
147,
150,
153,
156,
162,
172,
173,
183,
184,
186,
190,
192,
193,
194,
197,
198,
201,
202,
208,
212,
214,
215,
216,
219,
220,
223,
230,
236,
237,
238,
241,
247,
248,
249,
252,
263,
287,
499,
500,
504,
505,
528,
558,
],
'ruby-project:sources/ruby/rails/actionpack/test/dispatch/routing/ipv6_redirect_test.rb':[
37,
38,
39,
44,
],
'ruby-project:sources/ruby/rails/actionpack/test/dispatch/routing_test.rb':[
414,
417,
420,
423,
426,
429,
1823,
1825,
],
'ruby-project:sources/ruby/rails/actionpack/test/journey/route_test.rb':[
39,
41,
],
'ruby-project:sources/ruby/rails/activemodel/test/cases/validations/numericality_validation_test.rb':[
24,
],
'ruby-project:sources/ruby/rails/activerecord/test/cases/adapters/postgresql/cidr_test.rb':[
12,
15,
],
'ruby-project:sources/ruby/rails/activerecord/test/cases/adapters/postgresql/ltree_test.rb':[
41,
],
'ruby-project:sources/ruby/rails/activerecord/test/cases/adapters/postgresql/network_test.rb':[
13,
14,
54,
55,
59,
60,
63,
64,
69,
70,
],
'ruby-project:sources/ruby/rails/activesupport/test/cache/cache_store_setting_test.rb':[
49,
50,
56,
57,
],
'ruby-project:sources/ruby/rails/activesupport/test/dependencies_test.rb':[
501,
510,
518,
1065,
],
'ruby-project:sources/ruby/rails/railties/test/application/mailer_previews_test.rb':[
35,
],
'ruby-project:sources/ruby/rails/railties/test/application/middleware/remote_ip_test.rb':[
29,
29,
35,
35,
42,
42,
45,
45,
55,
55,
55,
61,
61,
61,
69,
69,
69,
74,
77,
77,
],
'ruby-project:sources/ruby/rails/railties/test/commands/server_test.rb':[
92,
95,
101,
103,
220,
240,
],
'ruby-project:sources/ruby/rails/railties/test/generators/generator_test.rb':[
94,
],
'ruby-project:sources/ruby/vagrant/plugins/providers/virtualbox/action/network.rb':[
235,
260,
269,
386,
512,
513,
514,
515,
],
'ruby-project:sources/ruby/vagrant/test/unit/plugins/communicators/ssh/communicator_test.rb':[
44,
111,
153,
],
'ruby-project:sources/ruby/vagrant/test/unit/plugins/communicators/winrm/communicator_test.rb':[
46,
],
'ruby-project:sources/ruby/vagrant/test/unit/plugins/communicators/winrm/helper_test.rb':[
53,
169,
174,
],
'ruby-project:sources/ruby/vagrant/test/unit/plugins/communicators/winssh/communicator_test.rb':[
83,
116,
],
'ruby-project:sources/ruby/vagrant/test/unit/plugins/guests/alt/cap/configure_networks_test.rb':[
53,
54,
55,
],
'ruby-project:sources/ruby/vagrant/test/unit/plugins/guests/arch/cap/configure_networks_test.rb':[
41,
42,
43,
],
'ruby-project:sources/ruby/vagrant/test/unit/plugins/guests/bsd/cap/nfs_test.rb':[
23,
],
'ruby-project:sources/ruby/vagrant/test/unit/plugins/guests/coreos/cap/configure_networks_test.rb':[
22,
44,
45,
46,
],
'ruby-project:sources/ruby/vagrant/test/unit/plugins/guests/darwin/cap/choose_addressable_ip_addr_test.rb':[
23,
23,
28,
],
'ruby-project:sources/ruby/vagrant/test/unit/plugins/guests/debian/cap/configure_networks_test.rb':[
35,
36,
37,
61,
62,
63,
],
'ruby-project:sources/ruby/vagrant/test/unit/plugins/guests/freebsd/cap/configure_networks_test.rb':[
36,
37,
38,
],
'ruby-project:sources/ruby/vagrant/test/unit/plugins/guests/linux/cap/choose_addressable_ip_addr_test.rb':[
25,
25,
30,
],
'ruby-project:sources/ruby/vagrant/test/unit/plugins/guests/linux/cap/mount_nfs_test.rb':[
24,
],
'ruby-project:sources/ruby/vagrant/test/unit/plugins/guests/omnios/cap/mount_nfs_folder_test.rb':[
24,
],
'ruby-project:sources/ruby/vagrant/test/unit/plugins/guests/photon/cap/configure_networks_test.rb':[
39,
40,
41,
],
'ruby-project:sources/ruby/vagrant/test/unit/plugins/guests/redhat/cap/configure_networks_test.rb':[
53,
54,
55,
],
'ruby-project:sources/ruby/vagrant/test/unit/plugins/guests/slackware/cap/configure_networks_test.rb':[
41,
42,
43,
],
'ruby-project:sources/ruby/vagrant/test/unit/plugins/guests/smartos/cap/configure_networks_test.rb':[
37,
37,
],
'ruby-project:sources/ruby/vagrant/test/unit/plugins/guests/smartos/cap/mount_nfs_test.rb':[
28,
],
'ruby-project:sources/ruby/vagrant/test/unit/plugins/guests/solaris11/cap/configure_networks_test.rb':[
34,
35,
36,
],
'ruby-project:sources/ruby/vagrant/test/unit/plugins/guests/suse/cap/configure_networks_test.rb':[
43,
44,
45,
],
'ruby-project:sources/ruby/vagrant/test/unit/plugins/guests/windows/guest_network_test.rb':[
31,
31,
],
'ruby-project:sources/ruby/vagrant/test/unit/plugins/hosts/darwin/cap/configured_ip_addresses_test.rb':[
8,
13,
17,
25,
25,
28,
],
'ruby-project:sources/ruby/vagrant/test/unit/plugins/providers/virtualbox/action/network_fix_ipv6_test.rb':[
45,
53,
58,
76,
94,
145,
],
'ruby-project:sources/ruby/vagrant/test/unit/plugins/providers/virtualbox/action/network_test.rb':[
47,
54,
65,
66,
75,
82,
110,
111,
115,
117,
120,
123,
124,
125,
131,
132,
133,
144,
145,
146,
147,
165,
166,
167,
168,
186,
187,
202,
202,
209,
217,
],
'ruby-project:sources/ruby/vagrant/test/unit/plugins/providers/virtualbox/action/prepare_nfs_settings_test.rb':[
39,
40,
53,
68,
78,
78,
84,
85,
90,
90,
102,
103,
116,
122,
123,
136,
144,
145,
149,
153,
154,
154,
158,
162,
163,
163,
],
'ruby-project:sources/ruby/vagrant/test/unit/plugins/providers/virtualbox/support/shared/virtualbox_driver_version_4_x_examples.rb':[
39,
40,
41,
42,
69,
69,
69,
69,
70,
70,
70,
70,
160,
161,
200,
200,
201,
201,
226,
227,
228,
],
'ruby-project:sources/ruby/vagrant/test/unit/plugins/provisioners/ansible/provisioner_test.rb':[
353,
980,
],
'ruby-project:sources/ruby/vagrant/test/unit/plugins/synced_folders/rsync/helper_test.rb':[
237,
],
'ruby-project:sources/ruby/vagrant/test/unit/templates/guests/arch/network_static_test.rb':[
11,
26,
27,
],
'ruby-project:sources/ruby/vagrant/test/unit/templates/guests/debian/network_static_test.rb':[
11,
12,
28,
29,
30,
],
'ruby-project:sources/ruby/vagrant/test/unit/templates/guests/freebsd/network_static_test.rb':[
11,
12,
24,
25,
26,
],
'ruby-project:sources/ruby/vagrant/test/unit/templates/guests/funtoo/network_static_test.rb':[
11,
12,
26,
27,
28,
43,
44,
60,
61,
77,
78,
79,
94,
95,
111,
112,
128,
129,
],
'ruby-project:sources/ruby/vagrant/test/unit/templates/guests/gentoo/network_static_test.rb':[
11,
12,
26,
27,
28,
],
'ruby-project:sources/ruby/vagrant/test/unit/templates/guests/gentoo/systemd_network_test.rb':[
25,
29,
45,
60,
62,
],
'ruby-project:sources/ruby/vagrant/test/unit/templates/guests/netbsd/network_static_test.rb':[
11,
12,
],
'ruby-project:sources/ruby/vagrant/test/unit/templates/guests/redhat/network_static_test.rb':[
11,
12,
31,
32,
33,
],
'ruby-project:sources/ruby/vagrant/test/unit/templates/guests/suse/network_static_test.rb':[
11,
12,
31,
32,
33,
],
'ruby-project:sources/ruby/vagrant/test/unit/vagrant/util/network_ip_test.rb':[
14,
14,
14,
18,
18,
22,
22,
26,
26,
],
}
