{
'ruby-project:sources/ruby/devdocs/test/lib/docs/core/doc_test.rb':[
174,
374,
],
'ruby-project:sources/ruby/devdocs/test/lib/docs/core/entry_index_test.rb':[
67,
110,
111,
112,
117,
118,
119,
120,
121,
122,
134,
139,
140,
141,
146,
147,
148,
149,
150,
151,
],
'ruby-project:sources/ruby/devdocs/test/lib/docs/core/requester_test.rb':[
120,
121,
],
'ruby-project:sources/ruby/devdocs/test/lib/docs/core/scrapers/file_scraper_test.rb':[
68,
76,
91,
],
'ruby-project:sources/ruby/devdocs/test/lib/docs/filters/core/container_test.rb':[
30,
],
'ruby-project:sources/ruby/devdocs/test/lib/docs/filters/core/internal_urls_test.rb':[
299,
355,
392,
],
'ruby-project:sources/ruby/devdocs/test/lib/docs/filters/core/normalize_urls_test.rb':[
139,
157,
],
'ruby-project:sources/ruby/devdocs/test/lib/docs/filters/core/title_test.rb':[
98,
],
'ruby-project:sources/ruby/devdocs/test/lib/docs/storage/abstract_store_test.rb':[
425,
450,
],
'ruby-project:sources/ruby/discourse/app/controllers/admin/groups_controller.rb':[
10,
],
'ruby-project:sources/ruby/discourse/app/jobs/onceoff/migrate_tagging_plugin.rb':[
7,
],
'ruby-project:sources/ruby/discourse/app/models/color_scheme.rb':[
207,
],
'ruby-project:sources/ruby/discourse/app/models/incoming_links_report.rb':[
45,
],
'ruby-project:sources/ruby/discourse/app/models/notification.rb':[
12,
],
'ruby-project:sources/ruby/discourse/lib/autospec/manager.rb':[
32,
],
'ruby-project:sources/ruby/discourse/lib/import_export/base_exporter.rb':[
29,
56,
96,
100,
137,
],
'ruby-project:sources/ruby/discourse/lib/scheduler/manager.rb':[
168,
],
'ruby-project:sources/ruby/discourse/script/import_scripts/mybb.rb':[
177,
],
'ruby-project:sources/ruby/discourse/script/import_scripts/smf2.rb':[
232,
384,
],
'ruby-project:sources/ruby/discourse/spec/components/validators/password_validator_spec.rb':[
14,
],
'ruby-project:sources/ruby/discourse/spec/integration/spam_rules_spec.rb':[
70,
77,
84,
],
'ruby-project:sources/ruby/discourse/spec/models/incoming_links_report_spec.rb':[
111,
112,
113,
200,
],
'ruby-project:sources/ruby/discourse/spec/models/notification_spec.rb':[
94,
98,
102,
108,
112,
116,
],
'ruby-project:sources/ruby/discourse/spec/models/post_action_spec.rb':[
215,
],
'ruby-project:sources/ruby/discourse/spec/models/post_spec.rb':[
630,
],
'ruby-project:sources/ruby/discourse/spec/models/report_spec.rb':[
232,
254,
],
'ruby-project:sources/ruby/discourse/spec/models/screened_url_spec.rb':[
28,
],
'ruby-project:sources/ruby/discourse/spec/models/topic_spec.rb':[
1082,
1086,
1177,
1195,
],
'ruby-project:sources/ruby/discourse/spec/models/topic_user_spec.rb':[
382,
],
'ruby-project:sources/ruby/discourse/spec/models/user_stat_spec.rb':[
21,
52,
],
'ruby-project:sources/ruby/discourse/spec/requests/categories_controller_spec.rb':[
163,
],
'ruby-project:sources/ruby/discourse/spec/requests/similar_topics_controller_spec.rb':[
59,
],
'ruby-project:sources/ruby/discourse/spec/requests/tags_controller_spec.rb':[
202,
219,
],
'ruby-project:sources/ruby/discourse/spec/services/badge_granter_spec.rb':[
188,
],
'ruby-project:sources/ruby/discourse/spec/services/flag_sockpuppets_spec.rb':[
107,
],
'ruby-project:sources/ruby/discourse/spec/services/post_owner_changer_spec.rb':[
43,
51,
60,
146,
],
'ruby-project:sources/ruby/rails/actionpack/lib/abstract_controller/callbacks.rb':[
34,
],
'ruby-project:sources/ruby/rails/actionpack/test/controller/integration_test.rb':[
37,
45,
52,
59,
66,
73,
80,
87,
94,
101,
108,
115,
122,
],
'ruby-project:sources/ruby/rails/actionpack/test/controller/mime/respond_to_test.rb':[
166,
167,
],
'ruby-project:sources/ruby/rails/actionpack/test/dispatch/callbacks_test.rb':[
22,
23,
],
'ruby-project:sources/ruby/rails/actionpack/test/dispatch/response_test.rb':[
45,
],
'ruby-project:sources/ruby/rails/actionpack/test/dispatch/routing_test.rb':[
4977,
],
'ruby-project:sources/ruby/rails/actionpack/test/dispatch/uploaded_file_test.rb':[
93,
],
'ruby-project:sources/ruby/rails/actionpack/test/journey/router_test.rb':[
238,
],
'ruby-project:sources/ruby/rails/actionpack/test/lib/controller/fake_models.rb':[
68,
],
'ruby-project:sources/ruby/rails/actionview/test/lib/controller/fake_models.rb':[
87,
108,
127,
143,
],
'ruby-project:sources/ruby/rails/actionview/test/template/capture_helper_test.rb':[
133,
134,
137,
138,
],
'ruby-project:sources/ruby/rails/activejob/test/support/delayed_job/delayed/backend/test.rb':[
53,
],
'ruby-project:sources/ruby/rails/activemodel/test/cases/validations_test.rb':[
256,
],
'ruby-project:sources/ruby/rails/activerecord/examples/performance.rb':[
33,
],
'ruby-project:sources/ruby/rails/activerecord/lib/active_record/associations/join_dependency.rb':[
181,
],
'ruby-project:sources/ruby/rails/activerecord/lib/active_record/autosave_association.rb':[
154,
],
'ruby-project:sources/ruby/rails/activerecord/lib/active_record/migration.rb':[
804,
805,
901,
],
'ruby-project:sources/ruby/rails/activerecord/lib/arel/visitors/depth_first.rb':[
190,
],
'ruby-project:sources/ruby/rails/activerecord/test/cases/arel/nodes/equality_test.rb':[
39,
40,
41,
],
'ruby-project:sources/ruby/rails/activerecord/test/cases/associations/has_many_through_associations_test.rb':[
354,
557,
686,
],
'ruby-project:sources/ruby/rails/activerecord/test/cases/associations/join_model_test.rb':[
424,
],
'ruby-project:sources/ruby/rails/activerecord/test/cases/autosave_association_test.rb':[
966,
1097,
1278,
1402,
1563,
],
'ruby-project:sources/ruby/rails/activerecord/test/cases/calculations_test.rb':[
873,
],
'ruby-project:sources/ruby/rails/activerecord/test/cases/callbacks_test.rb':[
45,
],
'ruby-project:sources/ruby/rails/activerecord/test/cases/connection_pool_test.rb':[
299,
],
'ruby-project:sources/ruby/rails/activerecord/test/cases/dirty_test.rb':[
342,
361,
],
'ruby-project:sources/ruby/rails/activerecord/test/cases/explain_test.rb':[
79,
],
'ruby-project:sources/ruby/rails/activerecord/test/cases/inheritance_test.rb':[
487,
],
'ruby-project:sources/ruby/rails/activerecord/test/cases/locking_test.rb':[
624,
],
'ruby-project:sources/ruby/rails/activerecord/test/cases/migrator_test.rb':[
484,
485,
],
'ruby-project:sources/ruby/rails/activerecord/test/cases/query_cache_test.rb':[
183,
188,
194,
201,
203,
209,
215,
295,
310,
319,
323,
341,
350,
367,
],
'ruby-project:sources/ruby/rails/activerecord/test/cases/scoping/default_scoping_test.rb':[
545,
],
'ruby-project:sources/ruby/rails/activerecord/test/cases/test_case.rb':[
107,
],
'ruby-project:sources/ruby/rails/activerecord/test/cases/transaction_callbacks_test.rb':[
265,
266,
271,
272,
291,
292,
],
'ruby-project:sources/ruby/rails/activerecord/test/models/customer.rb':[
10,
],
'ruby-project:sources/ruby/rails/activesupport/lib/active_support/duration.rb':[
376,
],
'ruby-project:sources/ruby/rails/activesupport/lib/active_support/testing/method_call_assertions.rb':[
12,
],
'ruby-project:sources/ruby/rails/activesupport/lib/active_support/time_with_zone.rb':[
483,
],
'ruby-project:sources/ruby/rails/activesupport/test/cache/behaviors/cache_store_behavior.rb':[
31,
35,
],
'ruby-project:sources/ruby/rails/activesupport/test/file_update_checker_shared_tests.rb':[
23,
],
'ruby-project:sources/ruby/rails/guides/rails_guides/kindle.rb':[
77,
],
'ruby-project:sources/ruby/rails/railties/lib/rails/cli.rb':[
10,
],
'ruby-project:sources/ruby/rails/railties/test/generators/generator_test.rb':[
17,
],
'ruby-project:sources/ruby/rails/railties/test/rack_logger_test.rb':[
18,
],
'ruby-project:sources/ruby/vagrant/plugins/guests/gentoo/cap/configure_networks.rb':[
18,
24,
28,
],
'ruby-project:sources/ruby/vagrant/plugins/guests/windows/guest_network.rb':[
117,
],
}
