{
'ruby-project:sources/ruby/devdocs/lib/docs/filters/core/clean_text.rb':[
9,
],
'ruby-project:sources/ruby/discourse/app/controllers/admin/users_controller.rb':[
446,
],
'ruby-project:sources/ruby/discourse/app/controllers/stylesheets_controller.rb':[
45,
104,
],
'ruby-project:sources/ruby/discourse/app/controllers/user_badges_controller.rb':[
63,
],
'ruby-project:sources/ruby/discourse/app/controllers/users/omniauth_callbacks_controller.rb':[
53,
],
'ruby-project:sources/ruby/discourse/app/models/embeddable_host.rb':[
17,
48,
],
'ruby-project:sources/ruby/discourse/app/models/topic.rb':[
1060,
],
'ruby-project:sources/ruby/discourse/app/models/topic_link.rb':[
125,
],
'ruby-project:sources/ruby/discourse/app/models/topic_link_click.rb':[
20,
50,
62,
],
'ruby-project:sources/ruby/discourse/app/models/upload.rb':[
96,
],
'ruby-project:sources/ruby/discourse/app/models/user_profile.rb':[
145,
],
'ruby-project:sources/ruby/discourse/app/serializers/user_serializer.rb':[
209,
],
'ruby-project:sources/ruby/discourse/app/services/handle_chunk_upload.rb':[
48,
67,
],
'ruby-project:sources/ruby/discourse/db/migrate/20140715055242_add_quoted_posts.rb':[
14,
],
'ruby-project:sources/ruby/discourse/lib/discourse.rb':[
134,
245,
],
'ruby-project:sources/ruby/discourse/lib/email/sender.rb':[
221,
],
'ruby-project:sources/ruby/discourse/lib/final_destination.rb':[
382,
],
'ruby-project:sources/ruby/discourse/lib/inline_oneboxer.rb':[
49,
],
'ruby-project:sources/ruby/discourse/lib/score_calculator.rb':[
50,
79,
],
'ruby-project:sources/ruby/discourse/lib/search.rb':[
80,
217,
],
'ruby-project:sources/ruby/discourse/lib/stylesheet/manager.rb':[
115,
],
'ruby-project:sources/ruby/discourse/lib/validators/upload_url_validator.rb':[
7,
],
'ruby-project:sources/ruby/discourse/plugins/poll/plugin.rb':[
75,
173,
],
'ruby-project:sources/ruby/discourse/script/import_scripts/base.rb':[
822,
],
'ruby-project:sources/ruby/discourse/script/import_scripts/ipboard3.rb':[
395,
],
'ruby-project:sources/ruby/discourse/script/import_scripts/nodebb/nodebb.rb':[
401,
],
'ruby-project:sources/ruby/discourse/script/import_scripts/smf2.rb':[
615,
],
'ruby-project:sources/ruby/discourse/script/import_scripts/vbulletin5.rb':[
275,
],
'ruby-project:sources/ruby/discourse/spec/requests/admin/backups_controller_spec.rb':[
249,
],
'ruby-project:sources/ruby/fastlane/fastlane/lib/fastlane/actions/create_keychain.rb':[
31,
],
'ruby-project:sources/ruby/fastlane/fastlane/lib/fastlane/plugins/plugin_update_manager.rb':[
11,
],
'ruby-project:sources/ruby/fastlane/fastlane/spec/spec_helper_spec.rb':[
22,
],
'ruby-project:sources/ruby/fastlane/fastlane_core/lib/fastlane_core/core_ext/cfpropertylist.rb':[
19,
],
'ruby-project:sources/ruby/fastlane/spaceship/lib/spaceship/base.rb':[
143,
147,
154,
155,
],
'ruby-project:sources/ruby/fastlane/spaceship/lib/spaceship/portal/invite.rb':[
44,
45,
],
'ruby-project:sources/ruby/fastlane/spaceship/spec/test_flight/client_spec.rb':[
88,
],
'ruby-project:sources/ruby/rails/actioncable/test/test_helper.rb':[
12,
],
'ruby-project:sources/ruby/rails/actionpack/lib/action_dispatch/journey/scanner.rb':[
31,
],
'ruby-project:sources/ruby/rails/actionpack/lib/action_dispatch/middleware/callbacks.rb':[
29,
],
'ruby-project:sources/ruby/rails/actionpack/test/controller/filters_test.rb':[
1003,
1009,
],
'ruby-project:sources/ruby/rails/actionpack/test/controller/log_subscriber_test.rb':[
182,
341,
359,
],
'ruby-project:sources/ruby/rails/actionpack/test/controller/test_case_test.rb':[
658,
],
'ruby-project:sources/ruby/rails/actionpack/test/dispatch/executor_test.rb':[
106,
],
'ruby-project:sources/ruby/rails/actionpack/test/dispatch/reloader_test.rb':[
143,
],
'ruby-project:sources/ruby/rails/actionview/lib/action_view/rendering.rb':[
118,
],
'ruby-project:sources/ruby/rails/actionview/test/actionpack/abstract/abstract_controller_test.rb':[
198,
],
'ruby-project:sources/ruby/rails/actionview/test/actionpack/controller/render_test.rb':[
342,
],
'ruby-project:sources/ruby/rails/activejob/test/support/integration/adapters/sidekiq.rb':[
49,
69,
],
'ruby-project:sources/ruby/rails/activejob/test/support/integration/test_case_helpers.rb':[
42,
],
'ruby-project:sources/ruby/rails/activemodel/lib/active_model/dirty.rb':[
316,
],
'ruby-project:sources/ruby/rails/activerecord/lib/active_record/connection_adapters/postgresql/referential_integrity.rb':[
37,
],
'ruby-project:sources/ruby/rails/activerecord/lib/arel/select_manager.rb':[
58,
],
'ruby-project:sources/ruby/rails/activerecord/test/cases/associations/callbacks_test.rb':[
184,
],
'ruby-project:sources/ruby/rails/activerecord/test/cases/associations/has_many_associations_test.rb':[
931,
1308,
1766,
],
'ruby-project:sources/ruby/rails/activerecord/test/cases/query_cache_test.rb':[
419,
],
'ruby-project:sources/ruby/rails/activerecord/test/cases/scoping/relation_scoping_test.rb':[
186,
],
'ruby-project:sources/ruby/rails/activerecord/test/cases/transaction_callbacks_test.rb':[
335,
369,
],
'ruby-project:sources/ruby/rails/activerecord/test/cases/transactions_test.rb':[
240,
428,
449,
470,
499,
505,
511,
853,
990,
],
'ruby-project:sources/ruby/rails/activestorage/test/test_helper.rb':[
14,
],
'ruby-project:sources/ruby/rails/activesupport/lib/active_support/cache/redis_cache_store.rb':[
15,
],
'ruby-project:sources/ruby/rails/activesupport/test/cache/behaviors/cache_store_behavior.rb':[
371,
],
'ruby-project:sources/ruby/rails/activesupport/test/multibyte_conformance_test.rb':[
12,
],
'ruby-project:sources/ruby/rails/activesupport/test/multibyte_grapheme_break_conformance_test.rb':[
12,
],
'ruby-project:sources/ruby/rails/activesupport/test/multibyte_normalization_conformance_test.rb':[
12,
],
'ruby-project:sources/ruby/rails/guides/rails_guides/markdown/renderer.rb':[
40,
],
'ruby-project:sources/ruby/rails/railties/lib/rails/all.rb':[
18,
],
'ruby-project:sources/ruby/rails/railties/test/console_helpers.rb':[
5,
],
'ruby-project:sources/ruby/rails/railties/test/generators/generators_test_helper.rb':[
40,
],
'ruby-project:sources/ruby/vagrant/lib/vagrant/environment.rb':[
641,
],
'ruby-project:sources/ruby/vagrant/lib/vagrant/plugin/v2/command.rb':[
246,
],
'ruby-project:sources/ruby/vagrant/plugins/commands/login/client.rb':[
213,
],
'ruby-project:sources/ruby/vagrant/plugins/providers/virtualbox/action/sane_defaults.rb':[
82,
],
}
