{
'ruby-project:ruling/src/test/resources/sources/ruby/S4663.rb':[
1,
7,
],
}
