{
'scala-project:sources/scala/cats/core/src/main/scala/cats/Eval.scala':[
338,
344,
356,
358,
366,
],
'scala-project:sources/scala/cats/core/src/main/scala/cats/data/Chain.scala':[
559,
561,
],
'scala-project:sources/scala/cats/core/src/main/scala/cats/data/Ior.scala':[
77,
110,
115,
120,
212,
246,
251,
256,
326,
330,
],
'scala-project:sources/scala/cats/core/src/main/scala/cats/data/NonEmptyList.scala':[
536,
],
'scala-project:sources/scala/cats/core/src/main/scala/cats/data/NonEmptyVector.scala':[
318,
],
'scala-project:sources/scala/cats/core/src/main/scala/cats/data/Validated.scala':[
85,
358,
],
'scala-project:sources/scala/cats/core/src/main/scala/cats/instances/either.scala':[
55,
],
'scala-project:sources/scala/cats/core/src/main/scala/cats/instances/list.scala':[
36,
],
'scala-project:sources/scala/cats/core/src/main/scala/cats/instances/map.scala':[
62,
],
'scala-project:sources/scala/cats/core/src/main/scala/cats/instances/queue.scala':[
41,
],
'scala-project:sources/scala/cats/core/src/main/scala/cats/instances/sortedMap.scala':[
67,
],
'scala-project:sources/scala/cats/core/src/main/scala/cats/syntax/either.scala':[
159,
164,
172,
177,
185,
190,
245,
],
'scala-project:sources/scala/cats/free/src/main/scala/cats/free/Free.scala':[
65,
132,
],
'scala-project:sources/scala/cats/free/src/main/scala/cats/free/FreeApplicative.scala':[
39,
],
'scala-project:sources/scala/cats/free/src/main/scala/cats/free/FreeT.scala':[
69,
86,
122,
134,
],
'scala-project:sources/scala/cats/kernel/src/main/scala/cats/kernel/instances/either.scala':[
12,
16,
30,
45,
56,
60,
81,
85,
],
'scala-project:sources/scala/cats/kernel/src/main/scala/cats/kernel/instances/list.scala':[
35,
53,
75,
],
'scala-project:sources/scala/cats/kernel/src/main/scala/cats/kernel/instances/option.scala':[
34,
47,
66,
79,
],
'scala-project:sources/scala/finagle/finagle-core/src/main/scala/com/twitter/finagle/Announcer.scala':[
86,
],
'scala-project:sources/scala/finagle/finagle-core/src/main/scala/com/twitter/finagle/Exceptions.scala':[
285,
],
'scala-project:sources/scala/finagle/finagle-core/src/main/scala/com/twitter/finagle/Name.scala':[
94,
],
'scala-project:sources/scala/finagle/finagle-core/src/main/scala/com/twitter/finagle/NameTree.scala':[
165,
168,
174,
184,
187,
193,
264,
266,
271,
282,
285,
],
'scala-project:sources/scala/finagle/finagle-core/src/main/scala/com/twitter/finagle/Namer.scala':[
228,
248,
],
'scala-project:sources/scala/finagle/finagle-core/src/main/scala/com/twitter/finagle/Resolver.scala':[
163,
],
'scala-project:sources/scala/finagle/finagle-core/src/main/scala/com/twitter/finagle/builder/SourceTrackingMonitor.scala':[
39,
],
'scala-project:sources/scala/finagle/finagle-core/src/main/scala/com/twitter/finagle/client/EndpointRegistry.scala':[
67,
],
'scala-project:sources/scala/finagle/finagle-core/src/main/scala/com/twitter/finagle/pool/SingletonPool.scala':[
193,
],
'scala-project:sources/scala/finagle/finagle-core/src/main/scala/com/twitter/finagle/service/RetryPolicy.scala':[
232,
],
'scala-project:sources/scala/finagle/finagle-core/src/main/scala/com/twitter/finagle/service/StatsFilter.scala':[
183,
],
'scala-project:sources/scala/finagle/finagle-core/src/main/scala/com/twitter/finagle/ssl/SslConfigurations.scala':[
27,
59,
],
'scala-project:sources/scala/finagle/finagle-core/src/test/scala/com/twitter/finagle/FixedInetResolverTest.scala':[
24,
],
'scala-project:sources/scala/finagle/finagle-core/src/test/scala/com/twitter/finagle/NamerTest.scala':[
53,
230,
233,
254,
257,
],
'scala-project:sources/scala/finagle/finagle-core/src/test/scala/com/twitter/finagle/service/RetryPolicyTest.scala':[
20,
],
'scala-project:sources/scala/finagle/finagle-exception/src/test/scala/com/twitter/finagle/exception/ServiceExceptionTest.scala':[
102,
],
'scala-project:sources/scala/finagle/finagle-http/src/main/scala/com/twitter/finagle/http/TlsFilter.scala':[
27,
],
'scala-project:sources/scala/finagle/finagle-http2/src/main/scala/com/twitter/finagle/http2/Http2Transporter.scala':[
159,
],
'scala-project:sources/scala/finagle/finagle-http2/src/main/scala/com/twitter/finagle/http2/transport/AdapterProxyChannelHandler.scala':[
143,
170,
172,
],
'scala-project:sources/scala/finagle/finagle-http2/src/main/scala/com/twitter/finagle/http2/transport/PriorKnowledgeTransporter.scala':[
96,
],
'scala-project:sources/scala/finagle/finagle-http2/src/main/scala/com/twitter/finagle/http2/transport/StreamTransportFactory.scala':[
143,
184,
198,
363,
492,
],
'scala-project:sources/scala/finagle/finagle-memcached/src/main/scala/com/twitter/finagle/memcached/partitioning/KetamaNodeManager.scala':[
116,
],
'scala-project:sources/scala/finagle/finagle-mux/src/main/scala/com/twitter/finagle/mux/ReqRepFilter.scala':[
21,
28,
],
'scala-project:sources/scala/finagle/finagle-mux/src/main/scala/com/twitter/finagle/mux/pushsession/MessageWriter.scala':[
205,
],
'scala-project:sources/scala/finagle/finagle-mux/src/main/scala/com/twitter/finagle/mux/pushsession/MuxClientSession.scala':[
272,
],
'scala-project:sources/scala/finagle/finagle-mux/src/main/scala/com/twitter/finagle/mux/pushsession/ServerTracker.scala':[
107,
],
'scala-project:sources/scala/finagle/finagle-mysql/src/main/scala/com/twitter/finagle/mysql/Row.scala':[
125,
148,
171,
192,
214,
237,
260,
284,
308,
333,
357,
378,
400,
423,
447,
487,
528,
607,
645,
],
'scala-project:sources/scala/finagle/finagle-netty3/src/main/scala/com/twitter/finagle/netty3/socks/SocksConnectHandler.scala':[
281,
],
'scala-project:sources/scala/finagle/finagle-netty4-http/src/main/scala/com/twitter/finagle/netty4/http/Netty4FormPostEncoder.scala':[
86,
],
'scala-project:sources/scala/finagle/finagle-redis/src/main/scala/com/twitter/finagle/redis/ClusterCommands.scala':[
19,
82,
],
'scala-project:sources/scala/finagle/finagle-redis/src/main/scala/com/twitter/finagle/redis/exp/SubscribeClient.scala':[
230,
],
'scala-project:sources/scala/finagle/finagle-redis/src/main/scala/com/twitter/finagle/redis/exp/SubscribeDispatcher.scala':[
43,
],
'scala-project:sources/scala/finagle/finagle-redis/src/main/scala/com/twitter/finagle/redis/protocol/commands/SortedSets.scala':[
220,
],
'scala-project:sources/scala/finagle/finagle-redis/src/test/scala/com/twitter/finagle/redis/RedisTest.scala':[
322,
],
'scala-project:sources/scala/finagle/finagle-serversets/src/main/scala/com/twitter/finagle/serverset2/Stabilizer.scala':[
89,
],
'scala-project:sources/scala/finagle/finagle-serversets/src/main/scala/com/twitter/finagle/serverset2/addr/ZkMetadata.scala':[
52,
],
'scala-project:sources/scala/finagle/finagle-serversets/src/main/scala/com/twitter/finagle/serverset2/client/Stats.scala':[
168,
],
'scala-project:sources/scala/finagle/finagle-serversets/src/main/scala/com/twitter/finagle/serverset2/naming/ServersetPath.scala':[
29,
],
'scala-project:sources/scala/finagle/finagle-thrift/src/main/scala/com/twitter/finagle/thrift/ThriftServiceIface.scala':[
193,
],
'scala-project:sources/scala/finagle/finagle-thrift/src/main/scala/com/twitter/finagle/thrift/service/ThriftCodec.scala':[
29,
],
'scala-project:sources/scala/finagle/finagle-thrift/src/main/scala/com/twitter/finagle/thrift/service/ThriftMethodStatsHandler.scala':[
23,
],
'scala-project:sources/scala/gitbucket/src/main/scala/gitbucket/core/controller/IndexController.scala':[
93,
],
'scala-project:sources/scala/gitbucket/src/main/scala/gitbucket/core/controller/PullRequestsController.scala':[
636,
638,
],
'scala-project:sources/scala/gitbucket/src/main/scala/gitbucket/core/controller/RepositoryViewerController.scala':[
1246,
],
'scala-project:sources/scala/gitbucket/src/main/scala/gitbucket/core/service/AccountFederationService.scala':[
61,
],
'scala-project:sources/scala/gitbucket/src/main/scala/gitbucket/core/service/HandleCommentService.scala':[
85,
],
'scala-project:sources/scala/gitbucket/src/main/scala/gitbucket/core/service/IssuesService.scala':[
322,
327,
332,
337,
],
'scala-project:sources/scala/gitbucket/src/main/scala/gitbucket/core/service/PullRequestService.scala':[
275,
280,
299,
],
'scala-project:sources/scala/gitbucket/src/main/scala/gitbucket/core/servlet/GitAuthenticationFilter.scala':[
95,
],
'scala-project:sources/scala/gitbucket/src/main/scala/gitbucket/core/servlet/GitRepositoryServlet.scala':[
81,
84,
],
'scala-project:sources/scala/gitbucket/src/main/scala/gitbucket/core/ssh/GitCommand.scala':[
103,
109,
122,
],
'scala-project:sources/scala/gitbucket/src/main/scala/gitbucket/core/util/Implicits.scala':[
37,
],
'scala-project:sources/scala/gitbucket/src/main/scala/gitbucket/core/util/JGitUtil.scala':[
350,
628,
],
'scala-project:sources/scala/http4s/blaze-client/src/main/scala/org/http4s/client/blaze/Http1Connection.scala':[
135,
],
'scala-project:sources/scala/http4s/blaze-server/src/main/scala/org/http4s/server/blaze/WebSocketSupport.scala':[
33,
],
'scala-project:sources/scala/http4s/client/src/main/scala/org/http4s/client/middleware/FollowRedirect.scala':[
108,
130,
],
'scala-project:sources/scala/http4s/server/src/main/scala/org/http4s/server/middleware/Jsonp.scala':[
35,
],
'scala-project:sources/scala/incubator-openwhisk/common/scala/src/main/scala/whisk/core/database/CouchDbRestStore.scala':[
530,
],
'scala-project:sources/scala/incubator-openwhisk/common/scala/src/main/scala/whisk/core/database/DocumentHandler.scala':[
446,
],
'scala-project:sources/scala/incubator-openwhisk/common/scala/src/main/scala/whisk/core/entity/ActivationResult.scala':[
144,
146,
179,
181,
],
'scala-project:sources/scala/incubator-openwhisk/common/scala/src/main/scala/whisk/core/entity/Exec.scala':[
272,
280,
286,
298,
322,
405,
413,
424,
],
'scala-project:sources/scala/incubator-openwhisk/common/scala/src/main/scala/whisk/core/entity/FullyQualifiedEntityName.scala':[
70,
89,
],
'scala-project:sources/scala/incubator-openwhisk/common/scala/src/main/scala/whisk/core/entity/WhiskAction.scala':[
335,
343,
],
'scala-project:sources/scala/incubator-openwhisk/common/scala/src/main/scala/whisk/core/entity/WhiskRule.scala':[
219,
],
'scala-project:sources/scala/incubator-openwhisk/common/scala/src/main/scala/whisk/utils/JsHelpers.scala':[
29,
],
'scala-project:sources/scala/incubator-openwhisk/core/controller/src/main/scala/whisk/core/controller/Activations.scala':[
125,
130,
],
'scala-project:sources/scala/incubator-openwhisk/core/controller/src/main/scala/whisk/core/controller/AuthorizedRouteDispatcher.scala':[
80,
],
'scala-project:sources/scala/incubator-openwhisk/core/controller/src/main/scala/whisk/core/controller/Entities.scala':[
105,
124,
],
'scala-project:sources/scala/incubator-openwhisk/core/controller/src/main/scala/whisk/core/controller/Triggers.scala':[
337,
],
'scala-project:sources/scala/incubator-openwhisk/core/controller/src/main/scala/whisk/core/controller/WebActions.scala':[
281,
],
'scala-project:sources/scala/incubator-openwhisk/core/invoker/src/main/scala/whisk/core/containerpool/kubernetes/KubernetesClient.scala':[
462,
],
'scala-project:sources/scala/incubator-openwhisk/tests/src/test/scala/common/rest/WskRest.scala':[
304,
339,
1063,
],
'scala-project:sources/scala/incubator-openwhisk/tools/admin/src/main/scala/whisk/core/cli/Main.scala':[
112,
121,
],
'scala-project:sources/scala/kafka-manager/app/features/ApplicationFeature.scala':[
32,
],
'scala-project:sources/scala/kafka-manager/app/kafka/manager/actor/cluster/ClusterManagerActor.scala':[
251,
260,
],
'scala-project:sources/scala/kafka-manager/app/kafka/manager/actor/cluster/KafkaStateActor.scala':[
630,
1430,
],
'scala-project:sources/scala/kafka-manager/app/kafka/manager/features/KMFeature.scala':[
37,
],
'scala-project:sources/scala/linkerd/admin/names/src/main/scala/io/buoyant/admin/names/DelegateApiHandler.scala':[
305,
307,
320,
],
'scala-project:sources/scala/linkerd/admin/src/main/scala/io/buoyant/admin/LoggingHandler.scala':[
74,
],
'scala-project:sources/scala/linkerd/etcd/src/integration/scala/io/buoyant/etcd/EtcdIntegrationTest.scala':[
44,
57,
],
'scala-project:sources/scala/linkerd/etcd/src/main/scala/io/buoyant/etcd/NodeOp.scala':[
92,
96,
],
'scala-project:sources/scala/linkerd/etcd/src/test/scala/io/buoyant/etcd/KeyTest.scala':[
95,
],
'scala-project:sources/scala/linkerd/finagle/buoyant/src/main/scala/com/twitter/finagle/buoyant/RetryFilter.scala':[
71,
],
'scala-project:sources/scala/linkerd/finagle/h2/src/main/scala/com/twitter/finagle/buoyant/h2/BufferedStream.scala':[
76,
],
'scala-project:sources/scala/linkerd/grpc/gen/src/main/scala/io/buoyant/grpc/gen/Generator.scala':[
396,
759,
],
'scala-project:sources/scala/linkerd/grpc/interop/src/main/scala/io/buoyant/grpc/interop/Client.scala':[
130,
165,
],
'scala-project:sources/scala/linkerd/grpc/interop/src/main/scala/io/buoyant/grpc/interop/Server.scala':[
141,
],
'scala-project:sources/scala/linkerd/grpc/runtime/src/main/scala/io/buoyant/grpc/runtime/ClientDispatcher.scala':[
57,
],
'scala-project:sources/scala/linkerd/grpc/runtime/src/main/scala/io/buoyant/grpc/runtime/DecodingStream.scala':[
115,
135,
],
'scala-project:sources/scala/linkerd/grpc/runtime/src/main/scala/io/buoyant/grpc/runtime/ServerDispatcher.scala':[
93,
154,
],
'scala-project:sources/scala/linkerd/grpc/runtime/src/main/scala/io/buoyant/grpc/runtime/VarEventStream.scala':[
79,
87,
123,
133,
139,
],
'scala-project:sources/scala/linkerd/interpreter/mesh/src/main/scala/io/buoyant/interpreter/mesh/Client.scala':[
373,
403,
],
'scala-project:sources/scala/linkerd/interpreter/mesh/src/test/scala/io/buoyant/interpreter/mesh/ClientTest.scala':[
135,
],
'scala-project:sources/scala/linkerd/istio/src/main/scala/io/buoyant/k8s/istio/identifiers/IngresssTrafficIdentifier.scala':[
45,
],
'scala-project:sources/scala/linkerd/istio/src/main/scala/io/buoyant/k8s/istio/identifiers/InternalTrafficIdentifier.scala':[
27,
],
'scala-project:sources/scala/linkerd/k8s/src/test/scala/io/buoyant/k8s/EndpointsNamerTest.scala':[
743,
1078,
1222,
1283,
],
'scala-project:sources/scala/linkerd/linkerd/admin/src/main/scala/io/buoyant/linkerd/admin/DashboardHandler.scala':[
14,
],
'scala-project:sources/scala/linkerd/linkerd/core/src/main/scala/io/buoyant/linkerd/RouterContextFormatter.scala':[
36,
],
'scala-project:sources/scala/linkerd/linkerd/protocol/h2/src/main/scala/com/twitter/finagle/buoyant/h2/LinkerdHeaders.scala':[
167,
],
'scala-project:sources/scala/linkerd/linkerd/protocol/http/src/main/scala/com/twitter/finagle/buoyant/linkerd/LinkerdHeaders.scala':[
175,
],
'scala-project:sources/scala/linkerd/linkerd/protocol/http/src/main/scala/io/buoyant/linkerd/protocol/http/ErrorResponder.scala':[
33,
37,
],
'scala-project:sources/scala/linkerd/namer/consul/src/main/scala/io/buoyant/namer/consul/SvcAddr.scala':[
137,
],
'scala-project:sources/scala/linkerd/namer/consul/src/test/scala/io/buoyant/namer/consul/ConsulNamerTest.scala':[
43,
254,
380,
469,
],
'scala-project:sources/scala/linkerd/namer/core/src/main/scala/io/buoyant/namer/DelegateTree.scala':[
69,
],
'scala-project:sources/scala/linkerd/namer/core/src/main/scala/io/buoyant/rinet.scala':[
19,
],
'scala-project:sources/scala/linkerd/namer/dnssrv/src/integration/scala/io/buoyant/namer/dnssrv/DnsSrvNamerIntegrationTest.scala':[
22,
],
'scala-project:sources/scala/linkerd/namer/fs/src/main/scala/io/buoyant/namer/fs/Watcher.scala':[
85,
138,
],
'scala-project:sources/scala/linkerd/namer/fs/src/main/scala/io/buoyant/namer/fs/WatchingNamer.scala':[
83,
],
'scala-project:sources/scala/linkerd/namer/marathon/src/main/scala/io/buoyant/namer/marathon/MarathonInitializer.scala':[
78,
],
'scala-project:sources/scala/linkerd/namer/marathon/src/test/scala/io/buoyant/namer/marathon/AppIdNamerTest.scala':[
122,
],
'scala-project:sources/scala/linkerd/namer/rancher/src/main/scala/io/buoyant/namer/rancher/RancherNamer.scala':[
34,
],
'scala-project:sources/scala/linkerd/namer/zk-leader/src/main/scala/io/buoyant/namer/zk/ZkLeaderNamer.scala':[
45,
],
'scala-project:sources/scala/linkerd/namerd/dcos-bootstrap/src/main/scala/io/buoyant/namerd/DcosBootstrap.scala':[
25,
],
'scala-project:sources/scala/linkerd/namerd/iface/control-http/src/main/scala/io/buoyant/namerd/iface/DelegateHandler.scala':[
33,
],
'scala-project:sources/scala/linkerd/namerd/iface/control-http/src/main/scala/io/buoyant/namerd/iface/DtabHandler.scala':[
98,
100,
138,
],
'scala-project:sources/scala/linkerd/namerd/iface/control-http/src/main/scala/io/buoyant/namerd/iface/ResolveHandler.scala':[
27,
37,
],
'scala-project:sources/scala/linkerd/namerd/iface/interpreter-thrift/src/main/scala/io/buoyant/namerd/iface/ThriftNamerClient.scala':[
160,
172,
182,
298,
],
'scala-project:sources/scala/linkerd/namerd/iface/interpreter-thrift/src/main/scala/io/buoyant/namerd/iface/ThriftNamerInterface.scala':[
234,
290,
292,
310,
312,
],
'scala-project:sources/scala/linkerd/namerd/iface/interpreter-thrift/src/test/scala/io/buoyant/namerd/iface/ThriftNamerClientTest.scala':[
142,
],
'scala-project:sources/scala/linkerd/namerd/iface/interpreter-thrift/src/test/scala/io/buoyant/namerd/iface/ThriftNamerInterfaceTest.scala':[
53,
],
'scala-project:sources/scala/linkerd/namerd/iface/mesh/src/main/scala/io/buoyant/namerd/iface/mesh/DelegatorService.scala':[
36,
45,
55,
58,
],
'scala-project:sources/scala/linkerd/namerd/iface/mesh/src/main/scala/io/buoyant/namerd/iface/mesh/InterpreterService.scala':[
39,
41,
56,
59,
90,
],
'scala-project:sources/scala/linkerd/namerd/storage/etcd/src/main/scala/io/buoyant/namerd/storage/etcd/EtcdDtabStore.scala':[
25,
34,
41,
101,
],
'scala-project:sources/scala/linkerd/router/base-http/src/main/scala/io/buoyant/router/http/ForwardClientCertFilter.scala':[
34,
],
'scala-project:sources/scala/linkerd/router/core/src/main/scala/com/twitter/finagle/naming/buoyant/RichConnectionFailedException.scala':[
116,
],
'scala-project:sources/scala/linkerd/router/core/src/main/scala/io/buoyant/router/ClassifiedRetries.scala':[
54,
],
'scala-project:sources/scala/linkerd/router/h2/src/main/scala/com/twitter/finagle/buoyant/h2/H2FailureAccrualFactory.scala':[
215,
],
'scala-project:sources/scala/linkerd/router/h2/src/main/scala/io/buoyant/router/h2/ClassifiedRetryFilter.scala':[
70,
],
'scala-project:sources/scala/linkerd/validator/src/main/scala/io/buoyant/namerd/Validator.scala':[
148,
],
'scala-project:sources/scala/mmlspark/src/find-best-model/src/main/scala/EvaluationUtils.scala':[
43,
50,
],
'scala-project:sources/scala/mmlspark/src/io/http/src/main/scala/HTTPClients.scala':[
65,
74,
],
'scala-project:sources/scala/mmlspark/src/io/http/src/main/scala/ServingImplicits.scala':[
79,
],
'scala-project:sources/scala/playframework/framework/src/play-akka-http-server/src/main/scala/play/core/server/akkahttp/AkkaModelConversion.scala':[
300,
],
'scala-project:sources/scala/playframework/framework/src/play-docs-sbt-plugin/src/main/scala/com/typesafe/play/docs/sbtplugin/PlayDocsValidation.scala':[
155,
203,
],
'scala-project:sources/scala/playframework/framework/src/play-docs/src/main/scala/play/docs/DocumentationHandler.scala':[
98,
],
'scala-project:sources/scala/playframework/framework/src/play-filters-helpers/src/main/scala/play/filters/cors/AbstractCORSPolicy.scala':[
221,
],
'scala-project:sources/scala/playframework/framework/src/play-guice/src/main/scala/play/api/inject/guice/GuiceInjectorBuilder.scala':[
191,
],
'scala-project:sources/scala/playframework/framework/src/play-java/src/main/scala/play/routing/RouterBuilderHelper.scala':[
67,
],
'scala-project:sources/scala/playframework/framework/src/play-netty-server/src/main/scala/play/core/server/netty/PlayRequestHandler.scala':[
117,
],
'scala-project:sources/scala/playframework/framework/src/play-server/src/main/scala/play/core/server/Server.scala':[
122,
],
'scala-project:sources/scala/playframework/framework/src/play-server/src/main/scala/play/core/server/common/ForwardedHeaderHandler.scala':[
209,
],
'scala-project:sources/scala/playframework/framework/src/play-server/src/main/scala/play/core/server/common/ReloadCache.scala':[
76,
],
'scala-project:sources/scala/playframework/framework/src/play-server/src/main/scala/play/core/server/common/WebSocketFlowHandler.scala':[
150,
162,
],
'scala-project:sources/scala/playframework/framework/src/play-streams/src/main/scala/play/api/libs/streams/Accumulator.scala':[
174,
],
'scala-project:sources/scala/playframework/framework/src/play/src/main/scala/play/api/controllers/ExternalAssets.scala':[
50,
],
'scala-project:sources/scala/playframework/framework/src/play/src/main/scala/play/api/data/validation/Validation.scala':[
231,
],
'scala-project:sources/scala/playframework/framework/src/play/src/main/scala/play/api/http/HttpConfiguration.scala':[
231,
],
'scala-project:sources/scala/playframework/framework/src/play/src/main/scala/play/api/http/HttpRequestHandler.scala':[
132,
133,
],
'scala-project:sources/scala/playframework/framework/src/play/src/main/scala/play/api/mvc/Binders.scala':[
412,
497,
510,
665,
],
'scala-project:sources/scala/playframework/framework/src/play/src/main/scala/play/api/mvc/RangeResult.scala':[
267,
272,
408,
],
'scala-project:sources/scala/playframework/framework/src/play/src/main/scala/play/api/routing/sird/macroimpl/QueryStringParameterMacros.scala':[
43,
],
'scala-project:sources/scala/playframework/framework/src/routes-compiler/src/main/scala/play/routes/compiler/RoutesFileParser.scala':[
42,
],
'scala-project:sources/scala/playframework/framework/src/sbt-plugin/src/main/scala/play/sbt/run/PlayRun.scala':[
110,
],
'scala-project:sources/scala/prisma/server/connectors/api-connector-jdbc/src/main/scala/com/prisma/api/connector/jdbc/impl/CreateNodeInterpreters.scala':[
86,
107,
],
'scala-project:sources/scala/prisma/server/connectors/api-connector-jdbc/src/main/scala/com/prisma/api/connector/jdbc/impl/JdbcDatabaseMutactionExecutor.scala':[
54,
84,
],
'scala-project:sources/scala/prisma/server/connectors/api-connector-jdbc/src/main/scala/com/prisma/api/connector/jdbc/impl/NestedConnectInterpreter.scala':[
26,
39,
57,
64,
],
'scala-project:sources/scala/prisma/server/connectors/api-connector-jdbc/src/main/scala/com/prisma/api/connector/jdbc/impl/NestedDisconnectInterpreter.scala':[
47,
],
'scala-project:sources/scala/prisma/server/connectors/api-connector/src/main/scala/com/prisma/api/connector/DataResolverTypes.scala':[
76,
],
'scala-project:sources/scala/prisma/server/libs/akka-utils/src/main/scala/com/prisma/akkautil/http/SimpleHttpClient.scala':[
147,
],
'scala-project:sources/scala/prisma/server/libs/jvm-profiler/src/main/scala/com/prisma/profiling/MemoryProfiler.scala':[
42,
],
'scala-project:sources/scala/prisma/server/libs/message-bus/src/main/scala/com/prisma/messagebus/queue/rabbit/RabbitPlainQueueConsumer.scala':[
38,
],
'scala-project:sources/scala/prisma/server/libs/stub-server/src/main/scala/com/prisma/stub/StubMatching.scala':[
122,
],
'scala-project:sources/scala/prisma/server/servers/api/src/main/scala/com/prisma/api/import_export/GCValueJsonFormatter.scala':[
59,
99,
],
'scala-project:sources/scala/prisma/server/servers/api/src/main/scala/com/prisma/api/schema/ObjectTypeBuilder.scala':[
119,
],
'scala-project:sources/scala/prisma/server/servers/api/src/main/scala/com/prisma/subscriptions/schema/MyVisitor.scala':[
73,
96,
119,
151,
171,
201,
232,
241,
255,
269,
],
'scala-project:sources/scala/prisma/server/servers/api/src/main/scala/com/prisma/subscriptions/schema/QueryTransformer.scala':[
54,
93,
118,
122,
],
'scala-project:sources/scala/prisma/server/servers/deploy/src/main/scala/com/prisma/deploy/migration/DataSchemaAstExtensions.scala':[
39,
],
'scala-project:sources/scala/prisma/server/servers/deploy/src/main/scala/com/prisma/deploy/migration/validation/InferredTablesValidator.scala':[
19,
24,
31,
],
'scala-project:sources/scala/prisma/server/servers/deploy/src/main/scala/com/prisma/deploy/server/auth/AsymmetricManagementAuth.scala':[
29,
],
'scala-project:sources/scala/prisma/server/servers/deploy/src/main/scala/com/prisma/deploy/server/auth/SymmetricManagementAuth.scala':[
29,
],
'scala-project:sources/scala/prisma/server/servers/subscriptions/src/main/scala/com/prisma/subscriptions/SubscriptionsMain.scala':[
60,
],
'scala-project:sources/scala/prisma/server/servers/subscriptions/src/main/scala/com/prisma/subscriptions/protocol/SubscriptionProtocolSerializers.scala':[
52,
118,
],
'scala-project:sources/scala/rocket-chip/src/main/scala/diplomacy/DeviceTree.scala':[
87,
94,
101,
],
'scala-project:sources/scala/rocket-chip/src/main/scala/diplomacy/JSON.scala':[
11,
],
'scala-project:sources/scala/snowplow/2-collectors/scala-stream-collector/core/src/main/scala/com.snowplowanalytics.snowplow.collectors.scalastream/utils/SplitBatch.scala':[
75,
123,
147,
],
'scala-project:sources/scala/snowplow/3-enrich/scala-common-enrich/src/main/scala/com.snowplowanalytics.snowplow.enrich/common/adapters/registry/Adapter.scala':[
343,
382,
],
'scala-project:sources/scala/snowplow/3-enrich/scala-common-enrich/src/main/scala/com.snowplowanalytics.snowplow.enrich/common/adapters/registry/CloudfrontAccessLogAdapter.scala':[
96,
114,
151,
159,
164,
169,
],
'scala-project:sources/scala/snowplow/3-enrich/scala-common-enrich/src/main/scala/com.snowplowanalytics.snowplow.enrich/common/adapters/registry/IgluAdapter.scala':[
128,
130,
169,
181,
216,
218,
],
'scala-project:sources/scala/snowplow/3-enrich/scala-common-enrich/src/main/scala/com.snowplowanalytics.snowplow.enrich/common/adapters/registry/MailgunAdapter.scala':[
210,
],
'scala-project:sources/scala/snowplow/3-enrich/scala-common-enrich/src/main/scala/com.snowplowanalytics.snowplow.enrich/common/adapters/registry/MandrillAdapter.scala':[
121,
171,
],
'scala-project:sources/scala/snowplow/3-enrich/scala-common-enrich/src/main/scala/com.snowplowanalytics.snowplow.enrich/common/adapters/registry/OlarkAdapter.scala':[
101,
171,
],
'scala-project:sources/scala/snowplow/3-enrich/scala-common-enrich/src/main/scala/com.snowplowanalytics.snowplow.enrich/common/adapters/registry/PingdomAdapter.scala':[
86,
90,
],
'scala-project:sources/scala/snowplow/3-enrich/scala-common-enrich/src/main/scala/com.snowplowanalytics.snowplow.enrich/common/adapters/registry/UnbounceAdapter.scala':[
103,
],
'scala-project:sources/scala/snowplow/3-enrich/scala-common-enrich/src/main/scala/com.snowplowanalytics.snowplow.enrich/common/enrichments/EnrichmentManager.scala':[
304,
332,
413,
520,
531,
],
'scala-project:sources/scala/snowplow/3-enrich/scala-common-enrich/src/main/scala/com.snowplowanalytics.snowplow.enrich/common/enrichments/EventEnrichments.scala':[
106,
],
'scala-project:sources/scala/snowplow/3-enrich/scala-common-enrich/src/main/scala/com.snowplowanalytics.snowplow.enrich/common/enrichments/registry/CurrencyConversionEnrichment.scala':[
116,
],
'scala-project:sources/scala/snowplow/3-enrich/scala-common-enrich/src/main/scala/com.snowplowanalytics.snowplow.enrich/common/enrichments/registry/IabEnrichment.scala':[
233,
235,
],
'scala-project:sources/scala/snowplow/3-enrich/scala-common-enrich/src/main/scala/com.snowplowanalytics.snowplow.enrich/common/enrichments/registry/JavascriptScriptEnrichment.scala':[
157,
],
'scala-project:sources/scala/snowplow/3-enrich/scala-common-enrich/src/main/scala/com.snowplowanalytics.snowplow.enrich/common/enrichments/registry/WeatherEnrichment.scala':[
134,
],
'scala-project:sources/scala/snowplow/3-enrich/scala-common-enrich/src/main/scala/com.snowplowanalytics.snowplow.enrich/common/enrichments/registry/apirequest/Input.scala':[
92,
],
'scala-project:sources/scala/snowplow/3-enrich/scala-common-enrich/src/main/scala/com.snowplowanalytics.snowplow.enrich/common/enrichments/registry/sqlquery/Input.scala':[
74,
],
'scala-project:sources/scala/snowplow/3-enrich/scala-common-enrich/src/main/scala/com.snowplowanalytics.snowplow.enrich/common/enrichments/web/PageEnrichments.scala':[
75,
],
'scala-project:sources/scala/snowplow/3-enrich/scala-common-enrich/src/main/scala/com.snowplowanalytics.snowplow.enrich/common/loaders/IpAddressExtractor.scala':[
41,
],
'scala-project:sources/scala/snowplow/3-enrich/scala-common-enrich/src/main/scala/com.snowplowanalytics.snowplow.enrich/common/utils/MapTransformer.scala':[
166,
],
}
