{
'scala-project:sources/scala/finagle/finagle-base-http/src/test/scala/com/twitter/finagle/http/codec/HttpDtabTest.scala':[
11,
],
'scala-project:sources/scala/finagle/finagle-benchmark/src/main/scala/com/twitter/finagle/InetResolverBenchmark.scala':[
16,
],
'scala-project:sources/scala/finagle/finagle-benchmark/src/main/scala/com/twitter/finagle/util/InetAddressUtilBench.scala':[
11,
],
'scala-project:sources/scala/finagle/finagle-core/src/test/scala/com/twitter/finagle/ExceptionsTest.scala':[
102,
104,
],
'scala-project:sources/scala/finagle/finagle-core/src/test/scala/com/twitter/finagle/FixedInetResolverTest.scala':[
26,
],
'scala-project:sources/scala/finagle/finagle-core/src/test/scala/com/twitter/finagle/client/ExceptionRemoteInfoFactoryTest.scala':[
22,
24,
50,
52,
80,
82,
],
'scala-project:sources/scala/finagle/finagle-core/src/test/scala/com/twitter/finagle/loadbalancer/aperture/ApertureTest.scala':[
417,
417,
420,
420,
426,
426,
432,
432,
],
'scala-project:sources/scala/finagle/finagle-core/src/test/scala/com/twitter/finagle/pushsession/PipeliningClientPushSessionTest.scala':[
16,
],
'scala-project:sources/scala/finagle/finagle-core/src/test/scala/com/twitter/finagle/util/InetAddressUtilTest.scala':[
15,
16,
17,
18,
19,
20,
21,
26,
26,
28,
28,
29,
29,
30,
30,
31,
31,
],
'scala-project:sources/scala/finagle/finagle-exception/src/test/scala/com/twitter/finagle/exception/ReporterSpec.scala':[
130,
],
'scala-project:sources/scala/finagle/finagle-http/src/test/scala/com/twitter/finagle/http/filter/LoggingFilterTest.scala':[
24,
],
'scala-project:sources/scala/finagle/finagle-memcached/src/test/scala/com/twitter/finagle/memcached/unit/KetamaClientTest.scala':[
48,
49,
50,
51,
52,
53,
54,
55,
84,
114,
135,
136,
],
'scala-project:sources/scala/finagle/finagle-mux/src/test/scala/com/twitter/finagle/mux/pushsession/ServerTrackerTest.scala':[
30,
],
'scala-project:sources/scala/finagle/finagle-netty3/src/test/scala/com/twitter/finagle/netty3/Netty3TransporterTest.scala':[
44,
45,
],
'scala-project:sources/scala/finagle/finagle-serversets/src/test/scala/com/twitter/finagle/serverset2/EntryTest.scala':[
27,
32,
37,
45,
],
'scala-project:sources/scala/finagle/finagle-serversets/src/test/scala/com/twitter/finagle/serverset2/VectorTest.scala':[
11,
12,
14,
30,
36,
45,
60,
],
'scala-project:sources/scala/finagle/finagle-serversets/src/test/scala/com/twitter/finagle/serverset2/addr/ZkMetadataTest.scala':[
80,
82,
83,
96,
105,
107,
108,
109,
110,
138,
139,
140,
141,
146,
147,
148,
149,
183,
184,
187,
188,
195,
196,
],
'scala-project:sources/scala/finagle/finagle-serversets/src/test/scala/com/twitter/finagle/zookeeper/ZkResolverTest.scala':[
117,
],
'scala-project:sources/scala/http4s/core/src/main/scala/org/http4s/parser/HttpHeaderParser.scala':[
105,
],
'scala-project:sources/scala/http4s/tests/src/test/scala/org/http4s/UriSpec.scala':[
187,
193,
197,
197,
],
'scala-project:sources/scala/http4s/tests/src/test/scala/org/http4s/UriTemplateSpec.scala':[
222,
223,
224,
228,
236,
472,
479,
489,
],
'scala-project:sources/scala/http4s/tests/src/test/scala/org/http4s/parser/UriParserSpec.scala':[
85,
86,
91,
226,
227,
232,
],
'scala-project:sources/scala/incubator-openwhisk/tests/src/test/scala/whisk/core/containerpool/docker/test/DockerClientWithFileAccessTests.scala':[
61,
62,
],
'scala-project:sources/scala/incubator-openwhisk/tests/src/test/scala/whisk/core/containerpool/docker/test/DockerContainerFactoryTests.scala':[
98,
],
'scala-project:sources/scala/incubator-openwhisk/tests/src/test/scala/whisk/core/containerpool/test/ContainerArgsConfigTest.scala':[
48,
52,
],
'scala-project:sources/scala/kafka-manager/app/kafka/manager/model/model.scala':[
23,
26,
29,
32,
35,
38,
41,
44,
48,
52,
56,
60,
64,
68,
85,
87,
88,
89,
90,
91,
92,
93,
94,
95,
96,
97,
98,
99,
],
'scala-project:sources/scala/kafka-manager/test/kafka/manager/TestBrokerViewCacheActor.scala':[
41,
46,
],
'scala-project:sources/scala/kafka-manager/test/kafka/manager/TestClusterManagerActor.scala':[
49,
],
'scala-project:sources/scala/kafka-manager/test/kafka/manager/TestKafkaManager.scala':[
414,
],
'scala-project:sources/scala/kafka-manager/test/kafka/manager/TestKafkaStateActor.scala':[
41,
],
'scala-project:sources/scala/kafka-manager/test/kafka/manager/TestLogkafkaStateActor.scala':[
40,
],
'scala-project:sources/scala/kafka-manager/test/kafka/manager/TestLogkafkaViewCacheActor.scala':[
42,
47,
],
'scala-project:sources/scala/kafka-manager/test/kafka/manager/model/KafkaVersionTest.scala':[
15,
17,
18,
19,
20,
21,
22,
23,
24,
25,
26,
27,
28,
29,
40,
52,
52,
53,
53,
54,
54,
55,
55,
56,
56,
57,
57,
58,
58,
59,
59,
60,
60,
61,
61,
62,
62,
63,
63,
64,
64,
65,
65,
],
'scala-project:sources/scala/kafka-manager/test/kafka/manager/utils/TestClusterConfig.scala':[
17,
28,
36,
44,
52,
60,
68,
89,
119,
127,
135,
143,
151,
159,
167,
],
'scala-project:sources/scala/kafka-manager/test/kafka/manager/utils/TestCreateLogkafka.scala':[
25,
],
'scala-project:sources/scala/kafka-manager/test/kafka/manager/utils/TestCreateTopic.scala':[
23,
],
'scala-project:sources/scala/kafka-manager/test/kafka/manager/utils/TestReassignPartitions.scala':[
32,
],
'scala-project:sources/scala/linkerd/interpreter/k8s/src/main/scala/io/buoyant/transformer/k8s/DaemonSetTransformerInitializer.scala':[
41,
52,
],
'scala-project:sources/scala/linkerd/interpreter/k8s/src/main/scala/io/buoyant/transformer/k8s/LocalNodeTransformerInitializer.scala':[
38,
],
'scala-project:sources/scala/linkerd/interpreter/k8s/src/test/scala/io/buoyant/transformer/k8s/DaemonSetTransformerTest.scala':[
17,
18,
19,
23,
40,
40,
41,
41,
42,
42,
61,
61,
62,
62,
63,
63,
87,
87,
88,
88,
89,
89,
108,
109,
110,
114,
130,
],
'scala-project:sources/scala/linkerd/interpreter/k8s/src/test/scala/io/buoyant/transformer/k8s/LocalnodeTransformerTest.scala':[
15,
15,
23,
24,
25,
26,
42,
42,
46,
54,
54,
55,
55,
56,
56,
57,
57,
74,
74,
75,
75,
],
'scala-project:sources/scala/linkerd/interpreter/mesh/src/test/scala/io/buoyant/interpreter/mesh/ClientTest.scala':[
109,
],
'scala-project:sources/scala/linkerd/interpreter/subnet/src/test/scala/io/buoyant/transformer/NetmaskTest.scala':[
31,
39,
47,
],
'scala-project:sources/scala/linkerd/k8s/src/test/scala/io/buoyant/k8s/EndpointsNamerTest.scala':[
955,
955,
955,
967,
967,
967,
979,
979,
979,
991,
991,
991,
1015,
1015,
1015,
1094,
1094,
1094,
1105,
1105,
1105,
1142,
1142,
1142,
1182,
1183,
1184,
1185,
1238,
1238,
1238,
1249,
1249,
1249,
],
'scala-project:sources/scala/linkerd/k8s/src/test/scala/io/buoyant/k8s/ServiceNamerTest.scala':[
177,
188,
232,
251,
315,
337,
],
'scala-project:sources/scala/linkerd/k8s/src/test/scala/io/buoyant/k8s/v1/ApiTest.scala':[
60,
67,
74,
184,
184,
184,
192,
202,
211,
211,
211,
267,
273,
367,
373,
432,
438,
481,
481,
481,
487,
487,
487,
],
'scala-project:sources/scala/linkerd/linkerd/core/src/test/scala/io/buoyant/linkerd/ServerTest.scala':[
35,
],
'scala-project:sources/scala/linkerd/linkerd/protocol/h2/src/test/scala/io/buoyant/linkerd/protocol/h2/H2DiagnosticTracerTest.scala':[
53,
85,
],
'scala-project:sources/scala/linkerd/linkerd/protocol/http/src/test/scala/io/buoyant/linkerd/protocol/http/DiagnosticTracerTest.scala':[
73,
104,
],
'scala-project:sources/scala/linkerd/marathon/src/test/scala/io/buoyant/marathon/v2/ApiTest.scala':[
203,
204,
205,
214,
215,
216,
232,
241,
],
'scala-project:sources/scala/linkerd/namer/consul/src/test/scala/io/buoyant/namer/consul/ConsulNamerTest.scala':[
17,
27,
],
'scala-project:sources/scala/linkerd/namer/consul/src/test/scala/io/buoyant/namer/consul/SvcAddrTest.scala':[
24,
],
'scala-project:sources/scala/linkerd/namer/rancher/src/test/scala/io/buoyant/namer/rancher/RancherTest.scala':[
92,
94,
],
'scala-project:sources/scala/linkerd/namer/zk-leader/src/test/scala/io/buoyant/namer/zk/ZkLeaderTest.scala':[
26,
27,
],
'scala-project:sources/scala/linkerd/namerd/iface/control-http/src/test/scala/io/buoyant/namerd/iface/HttpControlServiceConfigTest.scala':[
21,
],
'scala-project:sources/scala/linkerd/namerd/iface/interpreter-thrift/src/test/scala/io/buoyant/namerd/iface/ThriftNamerInterfaceTest.scala':[
147,
178,
237,
],
'scala-project:sources/scala/linkerd/namerd/iface/mesh/src/test/scala/io/buoyant/namerd/iface/MeshIfaceInitializerTest.scala':[
24,
],
'scala-project:sources/scala/linkerd/namerd/iface/mesh/src/test/scala/io/buoyant/namerd/iface/mesh/ResolverServiceTest.scala':[
19,
44,
59,
77,
99,
118,
],
'scala-project:sources/scala/linkerd/router/http/src/test/scala/io/buoyant/router/http/AddForwardedHeaderTest.scala':[
28,
50,
],
'scala-project:sources/scala/mmlspark/src/io/http/src/test/scala/ContinuousHTTPSuite.scala':[
98,
],
'scala-project:sources/scala/playframework/documentation/manual/working/scalaGuide/main/ws/code/ScalaWSSpec.scala':[
179,
],
'scala-project:sources/scala/playframework/framework/project/Dependencies.scala':[
29,
51,
67,
],
'scala-project:sources/scala/playframework/framework/src/play-ahc-ws/src/test/scala/play/api/libs/ws/ahc/AhcWSSpec.scala':[
228,
231,
],
'scala-project:sources/scala/playframework/framework/src/play-integration-test/src/test/scala/play/it/server/ServerReloadingSpec.scala':[
124,
165,
],
'scala-project:sources/scala/playframework/framework/src/play-server/src/test/scala/play/core/server/common/ForwardedHeaderHandlerSpec.scala':[
25,
43,
44,
46,
47,
49,
50,
55,
56,
74,
75,
96,
118,
129,
134,
140,
151,
156,
162,
192,
196,
201,
205,
209,
210,
213,
218,
222,
227,
231,
236,
240,
247,
251,
258,
262,
269,
273,
281,
290,
295,
299,
303,
308,
313,
316,
321,
325,
334,
339,
343,
352,
378,
388,
399,
403,
404,
407,
415,
420,
423,
428,
432,
],
'scala-project:sources/scala/playframework/framework/src/play-server/src/test/scala/play/core/server/common/NodeIdentifierParserSpec.scala':[
43,
43,
],
'scala-project:sources/scala/playframework/framework/src/play-server/src/test/scala/play/core/server/common/SubnetSpec.scala':[
15,
15,
16,
16,
17,
17,
],
'scala-project:sources/scala/snowplow/3-enrich/beam-enrich/src/test/scala/com.snowplowanalytics.snowplow.enrich.beam/EnrichSpec.scala':[
37,
],
'scala-project:sources/scala/snowplow/3-enrich/beam-enrich/src/test/scala/com.snowplowanalytics.snowplow.enrich.beam/EnrichWithLocalFileSpec.scala':[
37,
],
'scala-project:sources/scala/snowplow/3-enrich/scala-common-enrich/src/test/scala/com.snowplowanalytics.snowplow.enrich.common/adapters/registry/AdapterSpec.scala':[
71,
],
'scala-project:sources/scala/snowplow/3-enrich/scala-common-enrich/src/test/scala/com.snowplowanalytics.snowplow.enrich.common/adapters/registry/CallrailAdapterSpec.scala':[
46,
79,
],
'scala-project:sources/scala/snowplow/3-enrich/scala-common-enrich/src/test/scala/com.snowplowanalytics.snowplow.enrich.common/adapters/registry/GoogleAnalyticsAdapterSpec.scala':[
65,
],
'scala-project:sources/scala/snowplow/3-enrich/scala-common-enrich/src/test/scala/com.snowplowanalytics.snowplow.enrich.common/adapters/registry/IgluAdapterSpec.scala':[
66,
],
'scala-project:sources/scala/snowplow/3-enrich/scala-common-enrich/src/test/scala/com.snowplowanalytics.snowplow.enrich.common/adapters/registry/MailchimpAdapterSpec.scala':[
68,
],
'scala-project:sources/scala/snowplow/3-enrich/scala-common-enrich/src/test/scala/com.snowplowanalytics.snowplow.enrich.common/adapters/registry/MailgunAdapterSpec.scala':[
67,
],
'scala-project:sources/scala/snowplow/3-enrich/scala-common-enrich/src/test/scala/com.snowplowanalytics.snowplow.enrich.common/adapters/registry/MandrillAdapterSpec.scala':[
54,
],
'scala-project:sources/scala/snowplow/3-enrich/scala-common-enrich/src/test/scala/com.snowplowanalytics.snowplow.enrich.common/adapters/registry/MarketoAdapterSpec.scala':[
53,
],
'scala-project:sources/scala/snowplow/3-enrich/scala-common-enrich/src/test/scala/com.snowplowanalytics.snowplow.enrich.common/adapters/registry/OlarkAdapterSpec.scala':[
60,
],
'scala-project:sources/scala/snowplow/3-enrich/scala-common-enrich/src/test/scala/com.snowplowanalytics.snowplow.enrich.common/adapters/registry/PagerdutyAdapterSpec.scala':[
64,
],
'scala-project:sources/scala/snowplow/3-enrich/scala-common-enrich/src/test/scala/com.snowplowanalytics.snowplow.enrich.common/adapters/registry/PingdomAdapterSpec.scala':[
58,
],
'scala-project:sources/scala/snowplow/3-enrich/scala-common-enrich/src/test/scala/com.snowplowanalytics.snowplow.enrich.common/adapters/registry/SendgridAdapterSpec.scala':[
48,
],
'scala-project:sources/scala/snowplow/3-enrich/scala-common-enrich/src/test/scala/com.snowplowanalytics.snowplow.enrich.common/adapters/registry/SnowplowAdapterSpec.scala':[
74,
],
'scala-project:sources/scala/snowplow/3-enrich/scala-common-enrich/src/test/scala/com.snowplowanalytics.snowplow.enrich.common/adapters/registry/StatusGatorAdapterSpec.scala':[
58,
],
'scala-project:sources/scala/snowplow/3-enrich/scala-common-enrich/src/test/scala/com.snowplowanalytics.snowplow.enrich.common/adapters/registry/UnbounceAdapterSpec.scala':[
64,
],
'scala-project:sources/scala/snowplow/3-enrich/scala-common-enrich/src/test/scala/com.snowplowanalytics.snowplow.enrich.common/adapters/registry/UrbanAirshipAdapterSpec.scala':[
44,
],
'scala-project:sources/scala/snowplow/3-enrich/scala-common-enrich/src/test/scala/com.snowplowanalytics.snowplow.enrich.common/adapters/registry/VeroAdapterSpec.scala':[
61,
],
'scala-project:sources/scala/snowplow/3-enrich/scala-common-enrich/src/test/scala/com.snowplowanalytics.snowplow.enrich.common/enrichments/registry/AnonIpEnrichmentSpec.scala':[
30,
31,
32,
33,
],
'scala-project:sources/scala/snowplow/3-enrich/scala-common-enrich/src/test/scala/com.snowplowanalytics.snowplow.enrich.common/enrichments/registry/IabEnrichmentSpec.scala':[
59,
60,
61,
92,
],
'scala-project:sources/scala/snowplow/3-enrich/scala-common-enrich/src/test/scala/com.snowplowanalytics.snowplow.enrich.common/enrichments/registry/IpLookupsEnrichmentSpec.scala':[
60,
76,
],
'scala-project:sources/scala/snowplow/3-enrich/scala-common-enrich/src/test/scala/com.snowplowanalytics.snowplow.enrich.common/enrichments/registry/pii/PiiPseudonymizerEnrichmentSpec.scala':[
73,
221,
273,
312,
352,
393,
497,
],
'scala-project:sources/scala/snowplow/3-enrich/scala-common-enrich/src/test/scala/com.snowplowanalytics.snowplow.enrich.common/loaders/CljTomcatLoaderSpec.scala':[
48,
],
'scala-project:sources/scala/snowplow/3-enrich/scala-common-enrich/src/test/scala/com.snowplowanalytics.snowplow.enrich.common/loaders/CloudfrontLoaderSpec.scala':[
161,
191,
223,
],
'scala-project:sources/scala/snowplow/3-enrich/scala-common-enrich/src/test/scala/com.snowplowanalytics.snowplow.enrich.common/loaders/IpAddressExtractorSpec.scala':[
33,
36,
40,
57,
57,
58,
],
'scala-project:sources/scala/snowplow/3-enrich/scala-common-enrich/src/test/scala/com.snowplowanalytics.snowplow.enrich.common/loaders/ThriftLoaderSpec.scala':[
102,
143,
153,
],
}
