{
'scala-project:sources/scala/finagle/finagle-http/src/test/scala/com/twitter/finagle/http/AbstractEndToEndTest.scala':[
0,
],
'scala-project:sources/scala/finagle/finagle-netty3/src/test/scala/com/twitter/finagle/netty3/BufChannelBufferTest.scala':[
0,
],
'scala-project:sources/scala/finagle/finagle-netty4/src/test/scala/com/twitter/finagle/netty4/ByteBufConversionTest.scala':[
0,
],
'scala-project:sources/scala/finagle/finagle-thriftmux/src/test/scala/com/twitter/finagle/thriftmux/AbstractEndToEndTest.scala':[
0,
],
'scala-project:sources/scala/gitbucket/src/main/scala/gitbucket/core/controller/RepositoryViewerController.scala':[
0,
],
'scala-project:sources/scala/incubator-openwhisk/tests/src/test/scala/common/rest/WskRest.scala':[
0,
],
'scala-project:sources/scala/incubator-openwhisk/tests/src/test/scala/whisk/core/controller/test/ActionsApiTests.scala':[
0,
],
'scala-project:sources/scala/incubator-openwhisk/tests/src/test/scala/whisk/core/controller/test/WebActionsApiTests.scala':[
0,
],
'scala-project:sources/scala/kafka-manager/app/kafka/manager/actor/cluster/KafkaStateActor.scala':[
0,
],
'scala-project:sources/scala/linkerd/k8s/src/test/scala/io/buoyant/k8s/EndpointsNamerTest.scala':[
0,
],
'scala-project:sources/scala/playframework/framework/src/play/src/main/scala/play/core/hidden/ObjectMappings.scala':[
0,
],
'scala-project:sources/scala/prisma/server/servers/api/src/test/scala/com/prisma/api/mutations/NestedConnectMutationInsideUpdateSpec.scala':[
0,
],
'scala-project:sources/scala/prisma/server/servers/api/src/test/scala/com/prisma/api/mutations/NestedDeleteMutationInsideUpdateSpec.scala':[
0,
],
'scala-project:sources/scala/prisma/server/servers/api/src/test/scala/com/prisma/api/mutations/NestedDeleteMutationInsideUpsertSpec.scala':[
0,
],
'scala-project:sources/scala/prisma/server/servers/api/src/test/scala/com/prisma/api/mutations/NestedDisconnectMutationInsideUpdateSpec.scala':[
0,
],
'scala-project:sources/scala/prisma/server/servers/api/src/test/scala/com/prisma/api/mutations/NestedDisconnectMutationInsideUpsertSpec.scala':[
0,
],
'scala-project:sources/scala/prisma/server/servers/api/src/test/scala/com/prisma/api/mutations/NestedUpsertMutationInsideUpdateSpec.scala':[
0,
],
}
