{
'scala-project:ruling/src/test/resources/sources/scala/S1172.scala':[
7,
11,
],
'scala-project:sources/scala/deequ/src/main/scala/com/amazon/deequ/analyzers/runners/AnalysisRunner.scala':[
225,
],
'scala-project:sources/scala/finagle/finagle-core/src/main/scala/com/twitter/finagle/client/BackupRequestFilter.scala':[
298,
],
'scala-project:sources/scala/finagle/finagle-core/src/main/scala/com/twitter/finagle/util/LoggingSlowProbeProxyTimer.scala':[
46,
],
'scala-project:sources/scala/finagle/finagle-http2/src/main/scala/com/twitter/finagle/http2/Http2Transporter.scala':[
199,
],
'scala-project:sources/scala/finagle/finagle-http2/src/main/scala/com/twitter/finagle/http2/transport/StreamTransportFactory.scala':[
117,
],
'scala-project:sources/scala/finagle/finagle-mux/src/main/scala/com/twitter/finagle/Mux.scala':[
319,
],
'scala-project:sources/scala/finagle/finagle-netty3/src/main/scala/com/twitter/finagle/httpproxy/HttpConnectHandler.scala':[
61,
],
'scala-project:sources/scala/finagle/finagle-netty3/src/main/scala/com/twitter/finagle/netty3/Netty3Listener.scala':[
253,
293,
303,
],
'scala-project:sources/scala/finagle/finagle-redis/src/main/scala/com/twitter/finagle/redis/exp/SubscribeClient.scala':[
261,
],
'scala-project:sources/scala/gitbucket/src/main/scala/gitbucket/core/controller/DashboardController.scala':[
61,
],
'scala-project:sources/scala/gitbucket/src/main/scala/gitbucket/core/controller/PullRequestsController.scala':[
837,
],
'scala-project:sources/scala/gitbucket/src/main/scala/gitbucket/core/servlet/GitLfsTransferServlet.scala':[
65,
],
'scala-project:sources/scala/incubator-openwhisk/core/controller/src/main/scala/whisk/core/controller/WebActions.scala':[
187,
192,
197,
208,
],
'scala-project:sources/scala/incubator-openwhisk/tests/src/test/scala/system/basic/WskSequenceTests.scala':[
469,
],
'scala-project:sources/scala/linkerd/etcd/src/main/scala/io/buoyant/etcd/NodeOp.scala':[
57,
],
'scala-project:sources/scala/linkerd/namerd/iface/control-http/src/main/scala/io/buoyant/namerd/iface/DtabHandler.scala':[
85,
],
'scala-project:sources/scala/mmlspark/src/clean-missing-data/src/main/scala/CleanMissingData.scala':[
100,
],
'scala-project:sources/scala/mmlspark/src/compute-model-statistics/src/main/scala/ComputeModelStatistics.scala':[
245,
376,
],
'scala-project:sources/scala/playframework/documentation/manual/working/commonGuide/assets/code/assets/controllers/RangeRequestController.scala':[
20,
],
'scala-project:sources/scala/playframework/framework/src/play-akka-http-server/src/main/scala/play/core/server/akkahttp/AkkaModelConversion.scala':[
57,
],
'scala-project:sources/scala/prisma/server/servers/api/src/main/scala/com/prisma/api/mutactions/SubscriptionEvents.scala':[
21,
34,
54,
],
'scala-project:sources/scala/prisma/server/servers/api/src/main/scala/com/prisma/api/resolver/ToOneDeferredResolver.scala':[
39,
],
'scala-project:sources/scala/prisma/server/servers/deploy/src/main/scala/com/prisma/deploy/validation/DestructiveChanges.scala':[
176,
244,
],
'scala-project:sources/scala/snowplow/3-enrich/scala-common-enrich/src/main/scala/com.snowplowanalytics.snowplow.enrich/common/enrichments/registry/JavascriptScriptEnrichment.scala':[
175,
],
}
