{
'scala-project:sources/scala/cats/tests/src/test/scala/cats/tests/NonEmptyVectorSuite.scala':[
294,
],
'scala-project:sources/scala/deequ/src/main/scala/com/amazon/deequ/repository/AnalysisResult.scala':[
130,
],
'scala-project:sources/scala/finagle/finagle-base-http/src/main/scala/com/twitter/finagle/http/codec/ResponseConformanceFilter.scala':[
83,
],
'scala-project:sources/scala/finagle/finagle-netty4/src/main/scala/com/twitter/finagle/netty4/channel/ConnectPromiseDelayListeners.scala':[
31,
],
'scala-project:sources/scala/finagle/finagle-netty4/src/main/scala/com/twitter/finagle/netty4/transport/ChannelTransport.scala':[
55,
],
'scala-project:sources/scala/gitbucket/src/main/scala/gitbucket/core/service/IssuesService.scala':[
728,
],
'scala-project:sources/scala/incubator-openwhisk/tests/src/test/scala/actionContainers/ResourceHelpers.scala':[
166,
],
'scala-project:sources/scala/incubator-openwhisk/tests/src/test/scala/common/rest/WskRest.scala':[
1241,
],
'scala-project:sources/scala/linkerd/namerd/iface/destination/src/main/scala/io/buoyant/namerd/iface/destination/DestinationService.scala':[
155,
],
'scala-project:sources/scala/snowplow/3-enrich/spark-enrich/src/test/scala/com.snowplowanalytics.snowplow.enrich.spark/EnrichJobSpec.scala':[
186,
],
}
