{
'scala-project:sources/scala/http4s/blaze-core/src/main/scala/org/http4s/blazecore/Http1Stage.scala':[
94,
],
'scala-project:sources/scala/incubator-openwhisk/common/scala/src/main/scala/whisk/core/database/StoreUtils.scala':[
72,
],
'scala-project:sources/scala/playframework/framework/src/play-akka-http-server/src/main/scala/play/core/server/akkahttp/AkkaModelConversion.scala':[
176,
180,
],
'scala-project:sources/scala/playframework/framework/src/play-cache/src/main/scala/play/api/cache/Cached.scala':[
189,
],
'scala-project:sources/scala/playframework/framework/src/play-ehcache/src/test/scala/play/api/cache/CachedSpec.scala':[
69,
],
'scala-project:sources/scala/playframework/framework/src/play/src/main/scala/play/api/controllers/Assets.scala':[
823,
],
'scala-project:sources/scala/playframework/framework/src/play/src/main/scala/play/core/j/HttpExecutionContext.scala':[
37,
],
'scala-project:sources/scala/prisma/server/connectors/api-connector-jdbc/src/main/scala/com/prisma/api/connector/jdbc/database/ScalarListActions.scala':[
43,
],
'scala-project:sources/scala/prisma/server/connectors/api-connector-jdbc/src/main/scala/com/prisma/api/connector/jdbc/database/ValidationActions.scala':[
106,
],
'scala-project:sources/scala/prisma/server/libs/prisma-config/src/main/scala/com/prisma/config/ConfigLoader.scala':[
142,
],
'scala-project:sources/scala/prisma/server/servers/api/src/main/scala/com/prisma/api/mutactions/NodeIds.scala':[
14,
],
'scala-project:sources/scala/prisma/server/servers/api/src/main/scala/com/prisma/api/resolver/IdBasedConnection.scala':[
56,
98,
100,
],
'scala-project:sources/scala/prisma/server/servers/api/src/main/scala/com/prisma/api/schema/SchemaBuilder.scala':[
312,
],
'scala-project:sources/scala/prisma/server/servers/deploy/src/main/scala/com/prisma/deploy/migration/inference/ManifestationInferrer.scala':[
68,
91,
],
'scala-project:sources/scala/prisma/server/servers/subscriptions/src/main/scala/com/prisma/subscriptions/protocol/SubscriptionSessionActor.scala':[
109,
],
'scala-project:sources/scala/prisma/server/servers/subscriptions/src/test/scala/com/prisma/subscriptions/protocol/SubscriptionSessionManagerProtocolV07Spec.scala':[
158,
192,
],
'scala-project:sources/scala/prisma/server/servers/subscriptions/src/test/scala/com/prisma/subscriptions/specs/SubscriptionFilterSpec.scala':[
49,
],
}
