{
'scala-project:sources/scala/finagle/finagle-core/src/main/scala/com/twitter/finagle/pool/WatermarkPool.scala':[
119,
],
'scala-project:sources/scala/incubator-openwhisk/core/controller/src/main/scala/whisk/core/entitlement/Entitlement.scala':[
439,
],
'scala-project:sources/scala/prisma/server/servers/api/src/main/scala/com/prisma/subscriptions/schema/MyVisitor.scala':[
190,
288,
300,
307,
314,
334,
341,
348,
419,
426,
],
'scala-project:sources/scala/reforest/src/main/scala/reforest/rf/split/RFStrategySplit.scala':[
119,
],
}
