{
'scala-project:sources/scala/finagle/finagle-benchmark/src/main/scala/com/twitter/finagle/netty4/ByteBufAllocatorBenchmark.scala':[
47,
],
'scala-project:sources/scala/finagle/finagle-http/src/test/scala/com/twitter/finagle/http/Http2EndToEndTest.scala':[
395,
],
'scala-project:sources/scala/finagle/finagle-memcached/src/main/scala/com/twitter/finagle/Memcached.scala':[
122,
],
'scala-project:sources/scala/finagle/finagle-netty3/src/main/scala/com/twitter/finagle/netty3/BufChannelBuffer.scala':[
245,
],
'scala-project:sources/scala/finagle/finagle-netty3/src/main/scala/com/twitter/finagle/netty3/channel/LeftFoldUpstreamHandler.scala':[
23,
31,
39,
47,
55,
63,
79,
],
'scala-project:sources/scala/finagle/finagle-thrift/src/main/scala/com/twitter/finagle/thrift/ThriftRichClient.scala':[
254,
],
'scala-project:sources/scala/incubator-openwhisk/tests/src/test/scala/whisk/core/cli/test/ApiGwRestTests.scala':[
169,
],
'scala-project:sources/scala/mmlspark/src/cntk-train/src/main/scala/BrainscriptBuilder.scala':[
80,
],
'scala-project:sources/scala/prisma/server/servers/api/src/main/scala/com/prisma/api/schema/InputTypesBuilder.scala':[
355,
],
'scala-project:sources/scala/prisma/server/servers/api/src/test/scala/com/prisma/util/GraphQLSchemaAssertions.scala':[
29,
],
}
