{
'scala-project:sources/scala/cats/tests/src/test/scala/cats/tests/MonadSuite.scala':[
17,
24,
46,
51,
],
'scala-project:sources/scala/finagle/finagle-core/src/test/scala/com/twitter/finagle/ExceptionsTest.scala':[
32,
],
'scala-project:sources/scala/finagle/finagle-stats/src/test/scala/com/twitter/finagle/stats/NonReentrantReadWriteLockTest.scala':[
49,
],
'scala-project:sources/scala/rocket-chip/src/main/scala/rocket/PMP.scala':[
100,
101,
],
}
