{
'scala-project:sources/scala/finagle/finagle-benchmark/src/main/scala/com/twitter/finagle/loadbalancer/Simulation.scala':[
30,
],
'scala-project:sources/scala/finagle/finagle-core/src/main/scala/com/twitter/finagle/loadbalancer/LoadBalancerFactory.scala':[
185,
],
'scala-project:sources/scala/finagle/finagle-exception/src/test/scala/com/twitter/finagle/exception/ServiceExceptionTest.scala':[
42,
],
'scala-project:sources/scala/finagle/finagle-http/src/test/scala/com/twitter/finagle/http/AbstractEndToEndTest.scala':[
275,
530,
],
'scala-project:sources/scala/finagle/finagle-memcached/src/main/scala/com/twitter/finagle/memcached/Interpreter.scala':[
17,
],
'scala-project:sources/scala/finagle/finagle-mysql/src/test/scala/com/twitter/finagle/mysql/integration/TypeTest.scala':[
96,
],
'scala-project:sources/scala/finagle/finagle-thriftmux/src/test/scala/com/twitter/finagle/thriftmux/AbstractEndToEndTest.scala':[
2194,
],
'scala-project:sources/scala/finagle/finagle-zipkin-core/src/main/scala/com/twitter/finagle/zipkin/core/RawZipkinTracer.scala':[
52,
],
'scala-project:sources/scala/gitbucket/src/main/scala/gitbucket/core/service/WikiService.scala':[
108,
],
'scala-project:sources/scala/gitbucket/src/main/scala/gitbucket/core/servlet/GitRepositoryServlet.scala':[
253,
],
'scala-project:sources/scala/gitbucket/src/main/scala/gitbucket/core/util/JGitUtil.scala':[
310,
],
'scala-project:sources/scala/http4s/tests/src/test/scala/org/http4s/multipart/MultipartParserSpec.scala':[
51,
],
'scala-project:sources/scala/incubator-openwhisk/core/invoker/src/main/scala/whisk/core/invoker/Invoker.scala':[
61,
],
'scala-project:sources/scala/kafka-manager/app/kafka/manager/actor/KafkaManagerActor.scala':[
249,
],
'scala-project:sources/scala/kafka-manager/app/kafka/manager/actor/cluster/ClusterManagerActor.scala':[
369,
],
'scala-project:sources/scala/linkerd/finagle/h2/src/main/scala/com/twitter/finagle/buoyant/h2/netty4/Netty4StreamTransport.scala':[
210,
],
'scala-project:sources/scala/linkerd/k8s/src/main/scala/io/buoyant/k8s/Watchable.scala':[
113,
],
'scala-project:sources/scala/linkerd/validator/src/main/scala/io/buoyant/namerd/Validator.scala':[
37,
],
'scala-project:sources/scala/mmlspark/src/featurize/src/main/scala/AssembleFeatures.scala':[
335,
],
'scala-project:sources/scala/playframework/framework/src/play-filters-helpers/src/test/scala/play/filters/cors/CORSCommonSpec.scala':[
29,
],
'scala-project:sources/scala/playframework/framework/src/play-server/src/main/scala/play/core/server/DevServerStart.scala':[
52,
],
'scala-project:sources/scala/playframework/framework/src/play-server/src/main/scala/play/core/server/common/WebSocketFlowHandler.scala':[
20,
34,
],
'scala-project:sources/scala/playframework/framework/src/play/src/main/scala/play/core/parsers/Multipart.scala':[
270,
],
'scala-project:sources/scala/prisma/server/servers/api/src/main/scala/com/prisma/subscriptions/schema/MyVisitor.scala':[
17,
68,
],
'scala-project:sources/scala/prisma/server/servers/api/src/test/scala/com/prisma/api/filters/ExtendedRelationFilterSpec.scala':[
55,
],
'scala-project:sources/scala/reforest/src/main/scala/org/apache/spark/ml/tree/impl/RandomForestRunner.scala':[
93,
373,
707,
],
'scala-project:sources/scala/reforest/src/main/scala/reforest/data/tree/Forest.scala':[
55,
],
'scala-project:sources/scala/reforest/src/main/scala/reforest/rf/slc/SLCExecutor.scala':[
79,
],
'scala-project:sources/scala/snowplow/3-enrich/scala-common-enrich/src/test/scala/com.snowplowanalytics.snowplow.enrich.common/adapters/registry/MandrillAdapterSpec.scala':[
85,
],
'scala-project:sources/scala/snowplow/3-enrich/scala-common-enrich/src/test/scala/com.snowplowanalytics.snowplow.enrich.common/enrichments/registry/sqlquery/SqlQueryEnrichmentIntegrationTest.scala':[
133,
],
'scala-project:sources/scala/snowplow/3-enrich/scala-common-enrich/src/test/scala/com.snowplowanalytics.snowplow.enrich.common/loaders/CljTomcatLoaderSpec.scala':[
51,
],
'scala-project:sources/scala/snowplow/3-enrich/scala-common-enrich/src/test/scala/com.snowplowanalytics.snowplow.enrich.common/loaders/CloudfrontLoaderSpec.scala':[
97,
],
'scala-project:sources/scala/snowplow/3-enrich/scala-common-enrich/src/test/scala/com.snowplowanalytics.snowplow.enrich.common/loaders/ThriftLoaderSpec.scala':[
53,
],
'scala-project:sources/scala/snowplow/3-enrich/spark-enrich/src/test/scala/com.snowplowanalytics.snowplow.enrich.spark/EnrichJobSpec.scala':[
263,
],
}
