{
'scala-project:sources/scala/finagle/finagle-benchmark/src/main/scala/com/twitter/finagle/loadbalancer/BalancerBench.scala':[
18,
],
'scala-project:sources/scala/finagle/finagle-benchmark/src/main/scala/com/twitter/finagle/loadbalancer/ServerFactory.scala':[
11,
],
'scala-project:sources/scala/finagle/finagle-core/src/main/scala/com/twitter/finagle/liveness/FailureAccrualFactory.scala':[
372,
],
'scala-project:sources/scala/finagle/finagle-core/src/main/scala/com/twitter/finagle/loadbalancer/EndpointFactory.scala':[
38,
],
'scala-project:sources/scala/finagle/finagle-core/src/main/scala/com/twitter/finagle/loadbalancer/heap/Heap.scala':[
12,
],
'scala-project:sources/scala/finagle/finagle-core/src/main/scala/com/twitter/finagle/tracing/TracingLogHandler.scala':[
14,
15,
],
'scala-project:sources/scala/finagle/finagle-core/src/test/scala/com/twitter/finagle/loadbalancer/BalancerTest.scala':[
35,
],
'scala-project:sources/scala/finagle/finagle-core/src/test/scala/com/twitter/finagle/loadbalancer/LoadDistributionTest.scala':[
20,
],
'scala-project:sources/scala/finagle/finagle-core/src/test/scala/com/twitter/finagle/loadbalancer/aperture/ApertureSuite.scala':[
43,
],
'scala-project:sources/scala/finagle/finagle-core/src/test/scala/com/twitter/finagle/loadbalancer/p2c/P2CSuite.scala':[
24,
],
'scala-project:sources/scala/finagle/finagle-core/src/test/scala/com/twitter/finagle/loadbalancer/roundrobin/RoundRobinSuite.scala':[
17,
],
'scala-project:sources/scala/finagle/finagle-http/src/test/scala/com/twitter/finagle/http/AbstractEndToEndTest.scala':[
70,
],
'scala-project:sources/scala/finagle/finagle-http2/src/test/scala/com/twitter/finagle/http2/transport/PriorKnowledgeHandlerTest.scala':[
36,
],
'scala-project:sources/scala/finagle/finagle-http2/src/test/scala/com/twitter/finagle/http2/transport/ServerNpnOrAlpnHandlerTest.scala':[
32,
],
'scala-project:sources/scala/finagle/finagle-memcached/src/main/scala/com/twitter/finagle/memcached/ZookeeperStateMonitor.scala':[
141,
],
'scala-project:sources/scala/finagle/finagle-mux/src/main/scala/com/twitter/finagle/mux/lease/exp/LogsReceiver.scala':[
14,
16,
],
'scala-project:sources/scala/finagle/finagle-thrift/src/main/scala/com/twitter/finagle/thrift/transport/netty4/ThriftBufferedTransportDecoder.scala':[
23,
24,
],
'scala-project:sources/scala/gitbucket/src/main/scala/gitbucket/core/plugin/Plugin.scala':[
407,
],
'scala-project:sources/scala/gitbucket/src/main/scala/gitbucket/core/servlet/ApiAuthenticationFilter.scala':[
13,
15,
],
'scala-project:sources/scala/gitbucket/src/main/scala/gitbucket/core/servlet/GitAuthenticationFilter.scala':[
22,
24,
31,
],
'scala-project:sources/scala/gitbucket/src/main/scala/gitbucket/core/servlet/SessionCleanupListener.scala':[
13,
],
'scala-project:sources/scala/gitbucket/src/main/scala/gitbucket/core/servlet/TransactionFilter.scala':[
20,
22,
],
'scala-project:sources/scala/gitbucket/src/main/scala/gitbucket/core/ssh/GitCommand.scala':[
64,
],
'scala-project:sources/scala/gitbucket/src/main/scala/gitbucket/core/ssh/NoShell.scala':[
42,
],
'scala-project:sources/scala/http4s/blaze-client/src/main/scala/org/http4s/client/blaze/bits.scala':[
26,
27,
],
'scala-project:sources/scala/http4s/servlet/src/main/scala/org/http4s/servlet/AbstractAsyncListener.scala':[
6,
7,
8,
9,
],
'scala-project:sources/scala/http4s/servlet/src/main/scala/org/http4s/servlet/DefaultFilter.scala':[
10,
12,
],
'scala-project:sources/scala/incubator-openwhisk/common/scala/src/main/scala/whisk/common/tracing/OpenTracingProvider.scala':[
150,
151,
152,
154,
],
'scala-project:sources/scala/incubator-openwhisk/tests/src/test/scala/whisk/core/connector/test/TestConnector.scala':[
100,
],
'scala-project:sources/scala/incubator-openwhisk/tests/src/test/scala/whisk/core/database/test/AttachmentStoreBehaviors.scala':[
152,
],
'scala-project:sources/scala/linkerd/istio/src/main/scala/io/buoyant/k8s/istio/PollingApiClient.scala':[
21,
],
'scala-project:sources/scala/linkerd/linkerd/admin/src/test/scala/io/buoyant/linkerd/admin/LinkerdAdminTest.scala':[
14,
],
'scala-project:sources/scala/linkerd/linkerd/failure-accrual/src/main/scala/io/buoyant/linkerd/failureAccrual/NoneInitializer.scala':[
21,
23,
],
'scala-project:sources/scala/linkerd/namer/curator/src/main/scala/io/buoyant/namer/curator/CuratorNamer.scala':[
105,
],
'scala-project:sources/scala/linkerd/project/Base.scala':[
42,
43,
],
'scala-project:sources/scala/linkerd/router/h2/src/main/scala/com/twitter/finagle/buoyant/h2/H2FailureAccrualFactory.scala':[
145,
],
'scala-project:sources/scala/mmlspark/src/cntk-train/src/main/scala/TypeMapping.scala':[
40,
],
'scala-project:sources/scala/mmlspark/src/io/http/src/main/scala/HTTPSourceV2.scala':[
420,
422,
458,
],
'scala-project:sources/scala/playframework/framework/src/play-ahc-ws/src/main/scala/play/api/test/WSTestClient.scala':[
214,
],
'scala-project:sources/scala/playframework/framework/src/play-integration-test/src/test/scala/play/it/http/BasicHttpClient.scala':[
302,
304,
],
'scala-project:sources/scala/playframework/framework/src/play-integration-test/src/test/scala/play/it/http/SecureFlagSpec.scala':[
110,
112,
],
'scala-project:sources/scala/playframework/framework/src/play-server/src/main/scala/play/core/server/ssl/DefaultSSLEngineProvider.scala':[
88,
89,
],
'scala-project:sources/scala/playframework/framework/src/play/src/test/scala/play/mvc/StatusHeaderSpec.scala':[
22,
],
'scala-project:sources/scala/playframework/framework/src/play/src/test/scala/play/utils/ResourcesSpec.scala':[
157,
],
'scala-project:sources/scala/prisma/server/libs/message-bus/src/main/scala/com/prisma/messagebus/MessagingInterfaces.scala':[
71,
],
'scala-project:sources/scala/prisma/server/libs/message-bus/src/main/scala/com/prisma/messagebus/testkits/DummyPubSubSubscriber.scala':[
23,
28,
],
'scala-project:sources/scala/prisma/server/libs/stub-server/src/main/scala/com/prisma/stub/JustWarningsLogger.scala':[
25,
27,
29,
31,
33,
35,
37,
39,
41,
],
'scala-project:sources/scala/prisma/server/servers/api/src/test/scala/com/prisma/api/filters/SelfRelationFilterSpec.scala':[
324,
],
'scala-project:sources/scala/prisma/server/servers/deploy/src/test/scala/com/prisma/deploy/specutils/TestMigrator.scala':[
44,
],
'scala-project:sources/scala/reforest/src/main/scala/reforest/rf/slc/ElementMapping.scala':[
180,
],
'scala-project:sources/scala/reforest/src/main/scala/reforest/util/GCInstrumented.scala':[
63,
67,
71,
73,
],
'scala-project:sources/scala/reforest/src/test/scala/reforest/test/BroadcastSimple.scala':[
32,
34,
],
'scala-project:sources/scala/rocket-chip/src/main/scala/diplomacy/Nodes.scala':[
30,
],
'scala-project:sources/scala/rocket-chip/src/main/scala/util/Replacement.scala':[
21,
32,
],
}
