{
'scala-project:ruling/src/test/resources/sources/scala/S4663.scala':[
9,
],
}
