{
'kotlin-project:corda/docs/source/example-code/src/main/kotlin/net/corda/docs/tutorial/mocknetwork/TutorialMockNetwork.kt':[
68,
],
'kotlin-project:corda/node/src/test/kotlin/net/corda/node/services/persistence/HibernateConfigurationTest.kt':[
321,
],
'kotlin-project:corda/node/src/test/kotlin/net/corda/node/services/vault/VaultQueryTests.kt':[
1219,
1221,
1692,
],
'kotlin-project:corda/serialization/src/test/kotlin/net/corda/serialization/internal/carpenter/InheritanceSchemaToClassCarpenterTests.kt':[
232,
],
'kotlin-project:corda/tools/explorer/src/main/kotlin/net/corda/explorer/views/cordapps/cash/CashViewer.kt':[
301,
],
'kotlin-project:corda/tools/shell/src/integration-test/kotlin/net/corda/tools/shell/SSHServerTest.kt':[
59,
],
'kotlin-project:intellij-rust/src/main/kotlin/org/rust/lang/core/resolve/ref/RsPathReferenceImpl.kt':[
95,
],
'kotlin-project:intellij-rust/src/test/kotlin/org/rust/lang/doc/RsDocRemoveDecorationTest.kt':[
38,
44,
50,
65,
80,
87,
94,
110,
126,
131,
],
'kotlin-project:kotlin/compiler/backend/src/org/jetbrains/kotlin/codegen/AssertCodegenUtil.kt':[
64,
],
'kotlin-project:kotlin/compiler/backend/src/org/jetbrains/kotlin/codegen/BoxedVsPrimitiveBranchedValues.kt':[
330,
333,
337,
],
'kotlin-project:kotlin/compiler/backend/src/org/jetbrains/kotlin/codegen/CollectionStubMethodGenerator.kt':[
316,
],
'kotlin-project:kotlin/compiler/backend/src/org/jetbrains/kotlin/codegen/PropertyReferenceCodegen.kt':[
205,
],
'kotlin-project:kotlin/compiler/backend/src/org/jetbrains/kotlin/codegen/inline/AnonymousObjectTransformer.kt':[
491,
],
'kotlin-project:kotlin/compiler/backend/src/org/jetbrains/kotlin/codegen/range/forLoop/AbstractForInProgressionLoopGenerator.kt':[
65,
70,
78,
82,
],
'kotlin-project:kotlin/compiler/backend/src/org/jetbrains/kotlin/codegen/range/inExpression/InContinuousRangeOfComparableExpressionGenerator.kt':[
65,
69,
78,
82,
111,
115,
129,
133,
],
'kotlin-project:kotlin/compiler/backend/src/org/jetbrains/kotlin/codegen/range/inExpression/InIntegralContinuousRangeExpressionGenerator.kt':[
64,
67,
75,
78,
105,
108,
121,
124,
],
'kotlin-project:kotlin/compiler/frontend.script/src/org/jetbrains/kotlin/script/reflectionUtil.kt':[
87,
97,
],
'kotlin-project:kotlin/compiler/frontend/src/org/jetbrains/kotlin/resolve/LocalVariableResolver.kt':[
171,
],
'kotlin-project:kotlin/compiler/frontend/src/org/jetbrains/kotlin/resolve/calls/inference/ConstraintSystemBuilderImpl.kt':[
327,
],
'kotlin-project:kotlin/compiler/frontend/src/org/jetbrains/kotlin/resolve/calls/tasks/dynamicCalls.kt':[
96,
171,
],
'kotlin-project:kotlin/compiler/frontend/src/org/jetbrains/kotlin/resolve/lazy/descriptors/LazyScriptClassMemberScope.kt':[
56,
],
'kotlin-project:kotlin/compiler/frontend/src/org/jetbrains/kotlin/resolve/lazy/descriptors/script/ScriptEnvironmentPropertyDescriptor.kt':[
49,
66,
82,
],
'kotlin-project:kotlin/compiler/ir/backend.common/src/org/jetbrains/kotlin/backend/common/DeepCopyIrTreeWithDeclarations.kt':[
31,
],
'kotlin-project:kotlin/compiler/ir/backend.common/src/org/jetbrains/kotlin/backend/common/ir/IrUtils.kt':[
57,
86,
],
'kotlin-project:kotlin/compiler/ir/backend.common/src/org/jetbrains/kotlin/backend/common/lower/DefaultArgumentStubGenerator.kt':[
357,
366,
393,
397,
426,
],
'kotlin-project:kotlin/compiler/ir/backend.common/src/org/jetbrains/kotlin/backend/common/lower/IrBuildUtils.kt':[
72,
112,
171,
],
'kotlin-project:kotlin/compiler/ir/backend.common/src/org/jetbrains/kotlin/backend/common/lower/LocalDeclarationsLowering.kt':[
624,
],
'kotlin-project:kotlin/compiler/ir/backend.js/src/org/jetbrains/kotlin/ir/backend/js/lower/BlockDecomposerLowering.kt':[
186,
351,
],
'kotlin-project:kotlin/compiler/ir/ir.tree/src/org/jetbrains/kotlin/ir/builders/Primitives.kt':[
56,
76,
],
'kotlin-project:kotlin/compiler/ir/ir.tree/src/org/jetbrains/kotlin/ir/descriptors/IrDelegateDescriptor.kt':[
63,
],
'kotlin-project:kotlin/compiler/resolution/src/org/jetbrains/kotlin/resolve/calls/inference/components/ConstraintIncorporator.kt':[
66,
83,
],
'kotlin-project:kotlin/compiler/resolution/src/org/jetbrains/kotlin/resolve/calls/inference/components/ConstraintInjector.kt':[
158,
],
'kotlin-project:kotlin/compiler/resolution/src/org/jetbrains/kotlin/resolve/calls/util/functionTypeResolveUtils.kt':[
37,
],
'kotlin-project:kotlin/compiler/resolution/src/org/jetbrains/kotlin/types/TypeApproximator.kt':[
101,
234,
268,
],
'kotlin-project:kotlin/core/descriptors.jvm/src/org/jetbrains/kotlin/load/java/lazy/descriptors/LazyJavaClassDescriptor.kt':[
234,
],
'kotlin-project:kotlin/core/descriptors.jvm/src/org/jetbrains/kotlin/load/java/lazy/descriptors/LazyJavaScope.kt':[
218,
],
'kotlin-project:kotlin/core/descriptors.jvm/src/org/jetbrains/kotlin/load/java/specialBuiltinMembers.kt':[
330,
],
'kotlin-project:kotlin/core/descriptors/src/org/jetbrains/kotlin/builtins/functions/FunctionInvokeDescriptor.kt':[
138,
],
'kotlin-project:kotlin/core/metadata.jvm/src/org/jetbrains/kotlin/metadata/jvm/deserialization/utfEncoding.kt':[
36,
],
'kotlin-project:kotlin/generators/tests/org/jetbrains/kotlin/generators/arguments/GenerateGradleOptions.kt':[
42,
],
'kotlin-project:kotlin/idea/ide-common/src/org/jetbrains/kotlin/idea/util/Utils.kt':[
83,
],
'kotlin-project:kotlin/idea/idea-analysis/src/org/jetbrains/kotlin/idea/search/usagesSearch/ExpressionsOfTypeProcessor.kt':[
504,
524,
],
'kotlin-project:kotlin/idea/idea-completion/src/org/jetbrains/kotlin/idea/completion/OverridesCompletion.kt':[
163,
],
'kotlin-project:kotlin/idea/idea-gradle/src/org/jetbrains/kotlin/idea/inspections/gradle/GradleHeuristicHelper.kt':[
44,
],
'kotlin-project:kotlin/idea/idea-jvm/src/org/jetbrains/kotlin/idea/debugger/DebuggerClassNameProvider.kt':[
159,
],
'kotlin-project:kotlin/idea/idea-jvm/src/org/jetbrains/kotlin/idea/debugger/stepping/KotlinSimpleGetterProvider.kt':[
35,
],
'kotlin-project:kotlin/idea/src/org/jetbrains/kotlin/idea/codeInliner/ClassUsageReplacementStrategy.kt':[
58,
],
'kotlin-project:kotlin/idea/src/org/jetbrains/kotlin/idea/imports/KotlinImportOptimizer.kt':[
200,
],
'kotlin-project:kotlin/idea/src/org/jetbrains/kotlin/idea/inspections/CanBeParameterInspection.kt':[
49,
],
'kotlin-project:kotlin/idea/src/org/jetbrains/kotlin/idea/inspections/DeprecatedCallableAddReplaceWithInspection.kt':[
68,
],
'kotlin-project:kotlin/idea/src/org/jetbrains/kotlin/idea/intentions/CreateKotlinSubClassIntention.kt':[
77,
],
'kotlin-project:kotlin/idea/src/org/jetbrains/kotlin/idea/quickfix/AddFunctionParametersFix.kt':[
77,
],
'kotlin-project:kotlin/idea/src/org/jetbrains/kotlin/idea/refactoring/kotlinRefactoringUtil.kt':[
597,
],
'kotlin-project:kotlin/idea/tests/org/jetbrains/kotlin/idea/ResolveElementCacheTest.kt':[
43,
],
'kotlin-project:kotlin/idea/tests/org/jetbrains/kotlin/idea/refactoring/move/AbstractMoveTest.kt':[
84,
118,
136,
181,
],
'kotlin-project:kotlin/jps-plugin/jps-tests/test/org/jetbrains/kotlin/jps/build/KotlinJpsBuildTest.kt':[
969,
],
'kotlin-project:kotlin/js/js.dce/src/org/jetbrains/kotlin/js/dce/Analyzer.kt':[
330,
],
'kotlin-project:kotlin/js/js.translator/src/org/jetbrains/kotlin/js/translate/expression/LoopTranslator.kt':[
67,
],
'kotlin-project:kotlin/libraries/kotlinx-metadata/jvm/test/kotlinx/metadata/test/MetadataSmokeTest.kt':[
63,
],
'kotlin-project:kotlin/libraries/stdlib/jdk8/test/collections/MapTest.kt':[
95,
],
'kotlin-project:kotlin/libraries/stdlib/jre8/test/collections/MapTest.kt':[
95,
],
'kotlin-project:kotlin/libraries/stdlib/js/src/org.w3c/org.w3c.dom.kt':[
191,
1728,
3084,
3285,
3299,
],
'kotlin-project:kotlin/libraries/stdlib/test/ranges/ProgressionLastElementTest.kt':[
29,
37,
51,
58,
],
'kotlin-project:kotlin/libraries/stdlib/unsigned/src/kotlin/UnsignedUtils.kt':[
39,
41,
],
'kotlin-project:kotlin/libraries/tools/binary-compatibility-validator/src/test/kotlin/cases/private/privateMultifile2.kt':[
9,
],
'kotlin-project:kotlin/libraries/tools/binary-compatibility-validator/src/test/kotlin/cases/private/privatePart.kt':[
11,
],
'kotlin-project:kotlin/plugins/android-extensions/android-extensions-compiler/src/org/jetbrains/kotlin/android/synthetic/res/syntheticDescriptorGeneration.kt':[
105,
130,
],
'kotlin-project:kotlin/plugins/kapt3/kapt3-compiler/src/org/jetbrains/kotlin/kapt3/KaptContext.kt':[
64,
],
'kotlin-project:kotlin/plugins/kapt3/kapt3-compiler/src/org/jetbrains/kotlin/kapt3/stubs/ClassFileToSourceStubConverter.kt':[
343,
],
'kotlin-project:ktor/ktor-server/ktor-server-benchmarks/src-jmh/io/ktor/server/benchmarks/ChannelBenchmarks.kt':[
21,
],
'kotlin-project:ktor/ktor-server/ktor-server-core/test/io/ktor/tests/http/HighLoadHttpGenerator.kt':[
190,
],
'kotlin-project:ktor/ktor-server/ktor-server-test-host/src/io/ktor/server/testing/EngineTestSuite.kt':[
302,
338,
453,
475,
501,
],
'kotlin-project:ktor/ktor-server/ktor-server-tests/test/io/ktor/tests/server/sessions/SessionTest.kt':[
67,
262,
],
}
