{
'kotlin-project:intellij-rust/src/main/kotlin/org/rust/ide/highlight/RsHighlighter.kt':[
29,
],
'kotlin-project:intellij-rust/src/main/kotlin/org/rust/lang/core/stubs/StubImplementations.kt':[
72,
],
'kotlin-project:kotlin/eval4j/src/org/jetbrains/eval4j/interpreter.kt':[
116,
218,
],
'kotlin-project:kotlin/idea/src/org/jetbrains/kotlin/idea/findUsages/KotlinUsageTypeProvider.kt':[
34,
],
'kotlin-project:kotlin/j2k/src/org/jetbrains/kotlin/j2k/ast/Expressions.kt':[
187,
],
'kotlin-project:kotlin/js/js.serializer/src/org/jetbrains/kotlin/serialization/js/ast/JsAstDeserializer.kt':[
463,
],
'kotlin-project:kotlin/js/js.serializer/src/org/jetbrains/kotlin/serialization/js/ast/JsAstSerializer.kt':[
495,
],
'kotlin-project:kotlin/plugins/uast-kotlin/src/org/jetbrains/uast/kotlin/KotlinUastLanguagePlugin.kt':[
408,
],
}
