{
'kotlin-project:android-architecture-components/PagingWithNetworkSample/app/src/main/java/com/android/example/paging/pagingwithnetwork/reddit/vo/RedditPost.kt':[
41,
],
'kotlin-project:corda/client/rpc/src/test/kotlin/net/corda/client/rpc/RPCPerformanceTests.kt':[
62,
77,
149,
],
'kotlin-project:corda/core/src/main/kotlin/net/corda/core/identity/CordaX500Name.kt':[
104,
105,
106,
107,
108,
109,
],
'kotlin-project:corda/core/src/test/kotlin/net/corda/core/crypto/CompositeKeyTests.kt':[
299,
300,
301,
302,
303,
324,
325,
326,
327,
328,
],
'kotlin-project:corda/core/src/test/kotlin/net/corda/core/crypto/CryptoUtilsTest.kt':[
109,
164,
219,
274,
329,
],
'kotlin-project:corda/core/src/test/kotlin/net/corda/core/serialization/TransactionSerializationTests.kt':[
104,
],
'kotlin-project:corda/node/src/integration-test/kotlin/net/corda/node/NodePerformanceTests.kt':[
56,
],
'kotlin-project:corda/node/src/integration-test/kotlin/net/corda/node/services/events/ScheduledFlowIntegrationTests.kt':[
93,
],
'kotlin-project:corda/node/src/main/kotlin/net/corda/node/serialization/kryo/Kryo.kt':[
291,
305,
],
'kotlin-project:corda/node/src/main/kotlin/net/corda/node/services/events/ScheduledActivityObserver.kt':[
15,
],
'kotlin-project:corda/node/src/test/kotlin/net/corda/node/services/events/ScheduledFlowTests.kt':[
142,
],
'kotlin-project:corda/node/src/test/kotlin/net/corda/node/services/schema/HibernateObserverTests.kt':[
70,
],
'kotlin-project:corda/node/src/test/kotlin/net/corda/node/services/statemachine/FlowLogicRefFactoryImplTest.kt':[
17,
20,
],
'kotlin-project:corda/samples/simm-valuation-demo/flows/src/main/kotlin/net/corda/vega/flows/SimmFlow.kt':[
150,
156,
267,
273,
],
'kotlin-project:corda/samples/simm-valuation-demo/src/main/kotlin/net/corda/vega/api/PortfolioApi.kt':[
124,
125,
213,
213,
],
'kotlin-project:corda/samples/simm-valuation-demo/src/main/kotlin/net/corda/vega/api/SwapDataView.kt':[
24,
25,
],
'kotlin-project:corda/serialization/src/test/kotlin/net/corda/serialization/internal/amqp/CorDappSerializerTests.kt':[
20,
32,
],
'kotlin-project:corda/serialization/src/test/kotlin/net/corda/serialization/internal/amqp/EnumEvolveTests.kt':[
179,
180,
181,
183,
184,
185,
194,
195,
196,
198,
199,
200,
209,
210,
211,
213,
214,
215,
],
'kotlin-project:corda/serialization/src/test/kotlin/net/corda/serialization/internal/amqp/EnumTests.kt':[
83,
84,
111,
112,
],
'kotlin-project:corda/serialization/src/test/kotlin/net/corda/serialization/internal/amqp/EvolvabilityTests.kt':[
43,
44,
64,
65,
86,
108,
133,
134,
135,
136,
156,
157,
158,
159,
160,
182,
290,
313,
314,
315,
343,
345,
346,
594,
],
'kotlin-project:corda/serialization/src/test/kotlin/net/corda/serialization/internal/amqp/GenericsTests.kt':[
141,
142,
143,
],
'kotlin-project:corda/serialization/src/test/kotlin/net/corda/serialization/internal/amqp/PrivatePropertyTests.kt':[
211,
],
'kotlin-project:intellij-rust/debugger/src/main/kotlin/org/rust/debugger/lang/RsDebuggerTypesHelper.kt':[
21,
25,
29,
],
'kotlin-project:intellij-rust/src/main/kotlin/org/rust/cargo/toolchain/RustcMessage.kt':[
14,
45,
46,
47,
48,
50,
51,
53,
54,
55,
60,
61,
66,
67,
72,
75,
],
'kotlin-project:intellij-rust/src/main/kotlin/org/rust/cargo/toolchain/impl/CargoMetadata.kt':[
46,
52,
81,
108,
115,
],
'kotlin-project:intellij-rust/src/main/kotlin/org/rust/ide/annotator/fixes/AddTurbofishFix.kt':[
68,
],
'kotlin-project:intellij-rust/src/main/kotlin/org/rust/ide/inspections/RsInspectionSuppressor.kt':[
39,
],
'kotlin-project:intellij-rust/src/main/kotlin/org/rust/lang/core/types/TyFingerprint.kt':[
79,
],
'kotlin-project:intellij-rust/src/test/kotlin/org/rust/lang/core/resolve/RsClosuresResolveTest.kt':[
12,
],
'kotlin-project:kotlin/compiler/backend/src/org/jetbrains/kotlin/codegen/inline/LocalVarRemapper.kt':[
85,
101,
],
'kotlin-project:kotlin/compiler/backend/src/org/jetbrains/kotlin/codegen/inline/MethodInliner.kt':[
384,
399,
403,
],
'kotlin-project:kotlin/compiler/daemon/daemon-client/src/org/jetbrains/kotlin/daemon/client/RemoteInputStreamServer.kt':[
26,
],
'kotlin-project:kotlin/compiler/frontend/src/org/jetbrains/kotlin/cfg/ControlFlowInformationProvider.kt':[
999,
],
'kotlin-project:kotlin/compiler/plugin-api/src/org/jetbrains/kotlin/compiler/plugin/CliOptions.kt':[
39,
40,
],
'kotlin-project:kotlin/core/descriptors.jvm/src/org/jetbrains/kotlin/load/java/typeEnhancement/predefinedEnhancementInfo.kt':[
41,
42,
43,
44,
45,
46,
47,
48,
49,
],
'kotlin-project:kotlin/generators/test-generator/tests/org/jetbrains/kotlin/generators/util/coroutines.kt':[
25,
],
'kotlin-project:kotlin/idea/formatter/src/org/jetbrains/kotlin/idea/formatter/kotlinSpacingRules.kt':[
50,
339,
],
'kotlin-project:kotlin/idea/idea-jvm/src/org/jetbrains/kotlin/idea/debugger/evaluate/FrameVisitor.kt':[
122,
],
'kotlin-project:kotlin/idea/src/org/jetbrains/kotlin/idea/KotlinQuickDocumentationProvider.kt':[
111,
],
'kotlin-project:kotlin/idea/src/org/jetbrains/kotlin/idea/codeInliner/UsageReplacementStrategy.kt':[
87,
],
'kotlin-project:kotlin/idea/src/org/jetbrains/kotlin/idea/intentions/loopToCallChain/matchAndConvert.kt':[
250,
251,
],
'kotlin-project:kotlin/idea/src/org/jetbrains/kotlin/idea/intentions/loopToCallChain/utils.kt':[
255,
256,
257,
],
'kotlin-project:kotlin/idea/src/org/jetbrains/kotlin/idea/j2k/IdeaReferenceSearcher.kt':[
37,
],
'kotlin-project:kotlin/j2k/src/org/jetbrains/kotlin/j2k/Converter.kt':[
852,
],
'kotlin-project:kotlin/j2k/src/org/jetbrains/kotlin/j2k/ReferenceSearcher.kt':[
25,
80,
],
'kotlin-project:kotlin/libraries/stdlib/js/src/org.w3c/org.w3c.dom.kt':[
177,
3097,
],
'kotlin-project:kotlin/libraries/stdlib/jvm/src/kotlin/text/StringNumberConversionsJVM.kt':[
247,
248,
249,
251,
254,
],
'kotlin-project:kotlin/libraries/stdlib/jvm/test/numbers/NumbersJVMTest.kt':[
48,
],
'kotlin-project:kotlin/libraries/stdlib/test/collections/CollectionTest.kt':[
426,
],
'kotlin-project:kotlin/libraries/stdlib/test/collections/SequenceTest.kt':[
339,
],
'kotlin-project:kotlin/libraries/stdlib/test/js/MapJsTest.kt':[
300,
],
'kotlin-project:kotlin/libraries/stdlib/test/numbers/MathTest.kt':[
12,
19,
],
'kotlin-project:kotlin/libraries/stdlib/test/numbers/NumbersTest.kt':[
153,
],
'kotlin-project:kotlin/libraries/tools/kotlin-gradle-plugin-integration-tests/src/test/kotlin/org/jetbrains/kotlin/gradle/KotlinGradlePluginIT.kt':[
101,
103,
104,
],
'kotlin-project:kotlin/libraries/tools/kotlin-gradle-plugin-integration-tests/src/test/resources/testProject/AndroidDaggerProject/app/src/main/java/com/example/dagger/kotlin/UseRJavaActivity.kt':[
7,
],
'kotlin-project:ktor/ktor-network-tls/src/io/ktor/network/tls/Hashes.kt':[
56,
],
'kotlin-project:okio/okio/jvm/src/main/java/okio/ByteString.kt':[
292,
],
}
