{
'kotlin-project:android-architecture-components/PagingWithNetworkSample/app/src/main/java/com/android/example/paging/pagingwithnetwork/reddit/vo/RedditPost.kt':[
27,
],
'kotlin-project:corda/client/jackson/src/main/kotlin/net/corda/client/jackson/internal/CordaModule.kt':[
206,
],
'kotlin-project:corda/client/rpc/src/main/kotlin/net/corda/client/rpc/internal/RPCClient.kt':[
31,
],
'kotlin-project:corda/client/rpc/src/main/kotlin/net/corda/client/rpc/internal/RPCClientProxyHandler.kt':[
87,
],
'kotlin-project:corda/core/src/main/kotlin/net/corda/core/crypto/SignatureScheme.kt':[
23,
],
'kotlin-project:corda/core/src/main/kotlin/net/corda/core/internal/cordapp/CordappImpl.kt':[
13,
],
'kotlin-project:corda/core/src/main/kotlin/net/corda/core/node/NetworkParameters.kt':[
27,
],
'kotlin-project:corda/core/src/main/kotlin/net/corda/core/node/services/VaultService.kt':[
132,
],
'kotlin-project:corda/core/src/main/kotlin/net/corda/core/transactions/ContractUpgradeTransactions.kt':[
161,
],
'kotlin-project:corda/core/src/main/kotlin/net/corda/core/transactions/LedgerTransaction.kt':[
30,
405,
],
'kotlin-project:corda/core/src/main/kotlin/net/corda/core/transactions/TransactionBuilder.kt':[
36,
],
'kotlin-project:corda/experimental/behave/src/main/kotlin/net/corda/behave/node/configuration/Configuration.kt':[
10,
],
'kotlin-project:corda/experimental/behave/src/main/kotlin/net/corda/behave/node/configuration/NetworkInterface.kt':[
6,
],
'kotlin-project:corda/finance/src/main/kotlin/net/corda/finance/schemas/CommercialPaperSchemaV1.kt':[
28,
],
'kotlin-project:corda/finance/src/test/kotlin/net/corda/finance/schemas/SampleCommercialPaperSchemaV1.kt':[
26,
],
'kotlin-project:corda/finance/src/test/kotlin/net/corda/finance/schemas/SampleCommercialPaperSchemaV2.kt':[
21,
],
'kotlin-project:corda/node-api/src/main/kotlin/net/corda/nodeapi/internal/bridging/AMQPBridgeManager.kt':[
65,
],
'kotlin-project:corda/node-api/src/main/kotlin/net/corda/nodeapi/internal/crypto/X509Utilities.kt':[
151,
199,
235,
263,
],
'kotlin-project:corda/node-api/src/main/kotlin/net/corda/nodeapi/internal/protonwrapper/messages/impl/ReceivedMessageImpl.kt':[
13,
],
'kotlin-project:corda/node-api/src/main/kotlin/net/corda/nodeapi/internal/protonwrapper/netty/AMQPChannelHandler.kt':[
31,
],
'kotlin-project:corda/node-api/src/main/kotlin/net/corda/nodeapi/internal/protonwrapper/netty/AMQPClient.kt':[
36,
],
'kotlin-project:corda/node-api/src/main/kotlin/net/corda/nodeapi/internal/protonwrapper/netty/AMQPServer.kt':[
37,
65,
],
'kotlin-project:corda/node/src/main/kotlin/net/corda/node/NodeArgsParser.kt':[
106,
],
'kotlin-project:corda/node/src/main/kotlin/net/corda/node/internal/AbstractNode.kt':[
121,
652,
900,
],
'kotlin-project:corda/node/src/main/kotlin/net/corda/node/services/api/AuditService.kt':[
113,
],
'kotlin-project:corda/node/src/main/kotlin/net/corda/node/services/config/NodeConfiguration.kt':[
153,
],
'kotlin-project:corda/node/src/main/kotlin/net/corda/node/services/events/NodeSchedulerService.kt':[
72,
],
'kotlin-project:corda/node/src/main/kotlin/net/corda/node/services/messaging/ArtemisMessagingServer.kt':[
146,
],
'kotlin-project:corda/node/src/main/kotlin/net/corda/node/services/messaging/P2PMessagingClient.kt':[
93,
400,
],
'kotlin-project:corda/node/src/main/kotlin/net/corda/node/services/rpc/ArtemisRpcBroker.kt':[
21,
36,
40,
],
'kotlin-project:corda/node/src/main/kotlin/net/corda/node/services/rpc/RpcBrokerConfiguration.kt':[
20,
124,
],
'kotlin-project:corda/node/src/main/kotlin/net/corda/node/services/statemachine/FlowStateMachineImpl.kt':[
63,
],
'kotlin-project:corda/node/src/main/kotlin/net/corda/node/services/statemachine/StateMachineState.kt':[
34,
56,
],
'kotlin-project:corda/node/src/main/kotlin/net/corda/node/utilities/registration/NetworkRegistrationHelper.kt':[
31,
],
'kotlin-project:corda/samples/irs-demo/cordapp/src/main/kotlin/net/corda/irs/contract/IRS.kt':[
156,
198,
221,
280,
330,
370,
391,
450,
],
'kotlin-project:corda/samples/network-visualiser/src/main/kotlin/net/corda/netmap/VisualiserViewModel.kt':[
28,
],
'kotlin-project:corda/samples/simm-valuation-demo/contracts-states/src/main/kotlin/net/corda/vega/contracts/PortfolioValuation.kt':[
18,
],
'kotlin-project:corda/samples/simm-valuation-demo/contracts-states/src/main/kotlin/net/corda/vega/contracts/SwapData.kt':[
41,
],
'kotlin-project:corda/samples/simm-valuation-demo/src/main/kotlin/net/corda/vega/api/SwapDataModel.kt':[
14,
],
'kotlin-project:corda/samples/simm-valuation-demo/src/main/kotlin/net/corda/vega/api/SwapDataView.kt':[
15,
],
'kotlin-project:corda/serialization/src/main/kotlin/net/corda/serialization/internal/SerializationScheme.kt':[
23,
],
'kotlin-project:corda/serialization/src/main/kotlin/net/corda/serialization/internal/amqp/SerializerFactory.kt':[
42,
],
'kotlin-project:corda/serialization/src/test/kotlin/net/corda/serialization/internal/amqp/EvolvabilityTests.kt':[
232,
],
'kotlin-project:corda/testing/node-driver/src/main/kotlin/net/corda/testing/driver/Driver.kt':[
272,
288,
318,
364,
394,
],
'kotlin-project:corda/testing/node-driver/src/main/kotlin/net/corda/testing/driver/internal/DriverInternal.kt':[
32,
54,
],
'kotlin-project:corda/testing/node-driver/src/main/kotlin/net/corda/testing/node/InMemoryMessagingNetwork.kt':[
325,
],
'kotlin-project:corda/testing/node-driver/src/main/kotlin/net/corda/testing/node/internal/DriverDSLImpl.kt':[
80,
201,
767,
1114,
],
'kotlin-project:corda/testing/node-driver/src/main/kotlin/net/corda/testing/node/internal/InternalMockNetwork.kt':[
99,
],
'kotlin-project:corda/testing/node-driver/src/main/kotlin/net/corda/testing/node/internal/RPCDriver.kt':[
103,
304,
],
'kotlin-project:corda/testing/test-common/src/main/kotlin/net/corda/testing/common/internal/ParametersUtilities.kt':[
10,
],
'kotlin-project:corda/tools/demobench/src/main/kotlin/net/corda/demobench/model/NodeConfig.kt':[
22,
71,
],
'kotlin-project:corda/tools/demobench/src/test/kotlin/net/corda/demobench/model/NodeConfigTest.kt':[
78,
],
'kotlin-project:corda/tools/demobench/src/test/kotlin/net/corda/demobench/model/NodeControllerTest.kt':[
149,
],
'kotlin-project:corda/tools/explorer/src/main/kotlin/net/corda/explorer/identicon/IdenticonRenderer.kt':[
152,
],
'kotlin-project:corda/tools/explorer/src/main/kotlin/net/corda/explorer/views/TransactionViewer.kt':[
67,
],
'kotlin-project:corda/tools/loadtest/src/main/kotlin/net/corda/loadtest/LoadTestConfiguration.kt':[
26,
],
'kotlin-project:corda/tools/shell/src/main/kotlin/net/corda/tools/shell/ShellConfiguration.kt':[
8,
],
'kotlin-project:corda/tools/shell/src/main/kotlin/net/corda/tools/shell/StandaloneShellArgsParser.kt':[
88,
],
'kotlin-project:intellij-rust/src/main/kotlin/org/rust/cargo/project/workspace/CargoWorkspace.kt':[
196,
],
'kotlin-project:intellij-rust/src/main/kotlin/org/rust/cargo/toolchain/RustcMessage.kt':[
44,
],
'kotlin-project:intellij-rust/src/main/kotlin/org/rust/ide/formatter/impl/spacing.kt':[
202,
],
'kotlin-project:intellij-rust/src/test/kotlin/org/rust/ide/hints/RsQuickDefinitionTest.kt':[
174,
],
'kotlin-project:intellij-rust/src/test/kotlin/org/rust/ide/inspections/RsInspectionsTestBase.kt':[
132,
],
'kotlin-project:kotlin/build-common/src/org/jetbrains/kotlin/build/JvmBuildMetaInfo.kt':[
29,
],
'kotlin-project:kotlin/build-common/src/org/jetbrains/kotlin/modules/KotlinModuleXmlBuilder.kt':[
36,
],
'kotlin-project:kotlin/buildSrc/src/main/kotlin/pill/parser.kt':[
26,
52,
],
'kotlin-project:kotlin/compiler/backend/src/org/jetbrains/kotlin/codegen/AccessorForPropertyDescriptor.kt':[
29,
75,
],
'kotlin-project:kotlin/compiler/backend/src/org/jetbrains/kotlin/codegen/CallableMethod.kt':[
21,
],
'kotlin-project:kotlin/compiler/backend/src/org/jetbrains/kotlin/codegen/PropertyReferenceCodegen.kt':[
47,
251,
],
'kotlin-project:kotlin/compiler/backend/src/org/jetbrains/kotlin/codegen/coroutines/CoroutineTransformerMethodVisitor.kt':[
33,
],
'kotlin-project:kotlin/compiler/backend/src/org/jetbrains/kotlin/codegen/coroutines/SuspendFunctionGenerationStrategy.kt':[
90,
],
'kotlin-project:kotlin/compiler/backend/src/org/jetbrains/kotlin/codegen/inline/MethodInliner.kt':[
40,
],
'kotlin-project:kotlin/compiler/backend/src/org/jetbrains/kotlin/codegen/inline/TransformationInfo.kt':[
63,
],
'kotlin-project:kotlin/compiler/backend/src/org/jetbrains/kotlin/codegen/optimization/OptimizationMethodVisitor.kt':[
30,
],
'kotlin-project:kotlin/compiler/backend/src/org/jetbrains/kotlin/codegen/range/forLoop/ForInSimpleProgressionLoopGenerator.kt':[
26,
],
'kotlin-project:kotlin/compiler/backend/src/org/jetbrains/kotlin/codegen/state/GenerationState.kt':[
41,
],
'kotlin-project:kotlin/compiler/cli/src/org/jetbrains/kotlin/cli/jvm/javac/JavacWrapperRegistrar.kt':[
35,
],
'kotlin-project:kotlin/compiler/daemon/daemon-client/src/org/jetbrains/kotlin/daemon/client/KotlinCompilerClient.kt':[
89,
160,
185,
],
'kotlin-project:kotlin/compiler/daemon/daemon-client/src/org/jetbrains/kotlin/daemon/client/KotlinRemoteReplCompilerClient.kt':[
27,
],
'kotlin-project:kotlin/compiler/daemon/daemon-common/src/org/jetbrains/kotlin/daemon/common/CompilationOptions.kt':[
48,
],
'kotlin-project:kotlin/compiler/daemon/daemon-common/src/org/jetbrains/kotlin/daemon/common/CompileService.kt':[
110,
123,
154,
],
'kotlin-project:kotlin/compiler/daemon/daemon-common/src/org/jetbrains/kotlin/daemon/common/DaemonParams.kt':[
204,
],
'kotlin-project:kotlin/compiler/daemon/src/org/jetbrains/kotlin/daemon/CompileServiceImpl.kt':[
97,
323,
339,
546,
],
'kotlin-project:kotlin/compiler/frontend.java/src/org/jetbrains/kotlin/frontend/java/di/injection.kt':[
76,
128,
],
'kotlin-project:kotlin/compiler/frontend.java/src/org/jetbrains/kotlin/resolve/jvm/JvmAnalyzerFacade.kt':[
47,
],
'kotlin-project:kotlin/compiler/frontend.java/src/org/jetbrains/kotlin/synthetic/JavaSyntheticPropertiesScope.kt':[
256,
],
'kotlin-project:kotlin/compiler/frontend/src/org/jetbrains/kotlin/analyzer/AnalyzerFacade.kt':[
84,
311,
],
'kotlin-project:kotlin/compiler/frontend/src/org/jetbrains/kotlin/analyzer/common/CommonAnalyzerFacade.kt':[
102,
],
'kotlin-project:kotlin/compiler/frontend/src/org/jetbrains/kotlin/frontend/di/injection.kt':[
124,
],
'kotlin-project:kotlin/compiler/frontend/src/org/jetbrains/kotlin/psi/synthetics/SyntheticClassOrObjectDescriptor.kt':[
37,
],
'kotlin-project:kotlin/compiler/frontend/src/org/jetbrains/kotlin/resolve/DeclarationsChecker.kt':[
64,
],
'kotlin-project:kotlin/compiler/frontend/src/org/jetbrains/kotlin/resolve/DelegatedPropertyResolver.kt':[
56,
306,
],
'kotlin-project:kotlin/compiler/frontend/src/org/jetbrains/kotlin/resolve/DelegationResolver.kt':[
35,
115,
],
'kotlin-project:kotlin/compiler/frontend/src/org/jetbrains/kotlin/resolve/FunctionDescriptorResolver.kt':[
69,
],
'kotlin-project:kotlin/compiler/frontend/src/org/jetbrains/kotlin/resolve/LazyTopDownAnalyzer.kt':[
38,
],
'kotlin-project:kotlin/compiler/frontend/src/org/jetbrains/kotlin/resolve/LocalVariableResolver.kt':[
44,
],
'kotlin-project:kotlin/compiler/frontend/src/org/jetbrains/kotlin/resolve/TargetPlatform.kt':[
113,
],
'kotlin-project:kotlin/compiler/frontend/src/org/jetbrains/kotlin/resolve/TypeResolver.kt':[
61,
],
'kotlin-project:kotlin/compiler/frontend/src/org/jetbrains/kotlin/resolve/VariableTypeAndInitializerResolver.kt':[
25,
],
'kotlin-project:kotlin/compiler/frontend/src/org/jetbrains/kotlin/resolve/calls/CallCompleter.kt':[
58,
],
'kotlin-project:kotlin/compiler/frontend/src/org/jetbrains/kotlin/resolve/calls/CallExpressionResolver.kt':[
69,
],
'kotlin-project:kotlin/compiler/frontend/src/org/jetbrains/kotlin/resolve/calls/inference/CoroutineInferenceSession.kt':[
34,
],
'kotlin-project:kotlin/compiler/frontend/src/org/jetbrains/kotlin/resolve/calls/tower/KotlinResolutionCallbacksImpl.kt':[
54,
],
'kotlin-project:kotlin/compiler/frontend/src/org/jetbrains/kotlin/resolve/calls/tower/KotlinToResolvedCallTransformer.kt':[
53,
],
'kotlin-project:kotlin/compiler/frontend/src/org/jetbrains/kotlin/resolve/calls/tower/NewCallArguments.kt':[
114,
128,
282,
],
'kotlin-project:kotlin/compiler/frontend/src/org/jetbrains/kotlin/resolve/calls/tower/NewResolutionOldInference.kt':[
67,
],
'kotlin-project:kotlin/compiler/frontend/src/org/jetbrains/kotlin/resolve/calls/tower/PSICallResolver.kt':[
52,
],
'kotlin-project:kotlin/compiler/frontend/src/org/jetbrains/kotlin/resolve/calls/tower/PSIKotlinCalls.kt':[
55,
],
'kotlin-project:kotlin/compiler/frontend/src/org/jetbrains/kotlin/resolve/calls/tower/ResolvedAtomCompleter.kt':[
41,
],
'kotlin-project:kotlin/compiler/frontend/src/org/jetbrains/kotlin/resolve/lazy/FileScopeFactory.kt':[
39,
],
'kotlin-project:kotlin/compiler/frontend/src/org/jetbrains/kotlin/resolve/lazy/LazyImportScope.kt':[
76,
],
'kotlin-project:kotlin/compiler/frontend/src/org/jetbrains/kotlin/types/expressions/DoubleColonExpressionResolver.kt':[
89,
],
'kotlin-project:kotlin/compiler/frontend/src/org/jetbrains/kotlin/types/expressions/LocalClassifierAnalyzer.kt':[
55,
114,
],
'kotlin-project:kotlin/compiler/incremental-compilation-impl/src/org/jetbrains/kotlin/incremental/IncrementalJvmCompilerRunner.kt':[
100,
],
'kotlin-project:kotlin/compiler/ir/backend.jvm/src/org/jetbrains/kotlin/backend/jvm/descriptors/JvmDescriptorWithExtraFlags.kt':[
30,
63,
],
'kotlin-project:kotlin/compiler/ir/ir.psi2ir/src/org/jetbrains/kotlin/psi2ir/intermediate/ArrayAccessAssignmentReceiver.kt':[
28,
],
'kotlin-project:kotlin/compiler/ir/ir.psi2ir/src/org/jetbrains/kotlin/psi2ir/intermediate/PropertyLValue.kt':[
109,
],
'kotlin-project:kotlin/compiler/ir/ir.tree/src/org/jetbrains/kotlin/ir/declarations/impl/IrClassImpl.kt':[
33,
],
'kotlin-project:kotlin/compiler/ir/ir.tree/src/org/jetbrains/kotlin/ir/declarations/impl/IrConstructorImpl.kt':[
31,
],
'kotlin-project:kotlin/compiler/ir/ir.tree/src/org/jetbrains/kotlin/ir/declarations/impl/IrFieldImpl.kt':[
33,
],
'kotlin-project:kotlin/compiler/ir/ir.tree/src/org/jetbrains/kotlin/ir/declarations/impl/IrFunctionBase.kt':[
32,
],
'kotlin-project:kotlin/compiler/ir/ir.tree/src/org/jetbrains/kotlin/ir/declarations/impl/IrFunctionImpl.kt':[
33,
],
'kotlin-project:kotlin/compiler/ir/ir.tree/src/org/jetbrains/kotlin/ir/declarations/impl/IrPropertyImpl.kt':[
31,
82,
],
'kotlin-project:kotlin/compiler/ir/ir.tree/src/org/jetbrains/kotlin/ir/declarations/impl/IrTypeParameterImpl.kt':[
32,
],
'kotlin-project:kotlin/compiler/ir/ir.tree/src/org/jetbrains/kotlin/ir/declarations/impl/IrValueParameterImpl.kt':[
32,
],
'kotlin-project:kotlin/compiler/ir/ir.tree/src/org/jetbrains/kotlin/ir/declarations/impl/IrVariableImpl.kt':[
30,
],
'kotlin-project:kotlin/compiler/ir/ir.tree/src/org/jetbrains/kotlin/ir/expressions/impl/IrCallImpl.kt':[
33,
51,
],
'kotlin-project:kotlin/compiler/ir/ir.tree/src/org/jetbrains/kotlin/ir/expressions/impl/IrLocalDelegatedPropertyReferenceImpl.kt':[
27,
],
'kotlin-project:kotlin/compiler/ir/ir.tree/src/org/jetbrains/kotlin/ir/expressions/impl/IrPropertyAccessorCall.kt':[
33,
66,
81,
143,
159,
],
'kotlin-project:kotlin/compiler/ir/ir.tree/src/org/jetbrains/kotlin/ir/expressions/impl/IrPropertyReferenceImpl.kt':[
30,
43,
],
'kotlin-project:kotlin/compiler/javac-wrapper/src/org/jetbrains/kotlin/javac/JavacWrapper.kt':[
60,
],
'kotlin-project:kotlin/compiler/psi/src/org/jetbrains/kotlin/psi/stubs/impl/KotlinClassStubImpl.kt':[
28,
],
'kotlin-project:kotlin/compiler/psi/src/org/jetbrains/kotlin/psi/stubs/impl/KotlinFunctionStubImpl.kt':[
27,
],
'kotlin-project:kotlin/compiler/psi/src/org/jetbrains/kotlin/psi/stubs/impl/KotlinObjectStubImpl.kt':[
28,
],
'kotlin-project:kotlin/compiler/psi/src/org/jetbrains/kotlin/psi/stubs/impl/KotlinPropertyStubImpl.kt':[
27,
],
'kotlin-project:kotlin/compiler/resolution/src/org/jetbrains/kotlin/resolve/calls/model/KotlinResolverContext.kt':[
38,
],
'kotlin-project:kotlin/compiler/resolution/src/org/jetbrains/kotlin/resolve/calls/results/FlatSignature.kt':[
41,
],
'kotlin-project:kotlin/compiler/resolution/src/org/jetbrains/kotlin/resolve/calls/results/OverloadingConflictResolver.kt':[
33,
301,
],
'kotlin-project:kotlin/compiler/tests-common/tests/org/jetbrains/kotlin/test/MockLibraryUtil.kt':[
76,
],
'kotlin-project:kotlin/core/descriptors.jvm/src/org/jetbrains/kotlin/load/java/lazy/context.kt':[
43,
],
'kotlin-project:kotlin/core/descriptors.jvm/src/org/jetbrains/kotlin/load/kotlin/DeserializationComponentsForJava.kt':[
32,
],
'kotlin-project:kotlin/core/descriptors.jvm/src/org/jetbrains/kotlin/load/kotlin/TypeMappingMode.kt':[
12,
],
'kotlin-project:kotlin/core/descriptors.jvm/src/org/jetbrains/kotlin/load/kotlin/header/KotlinClassHeader.kt':[
25,
],
'kotlin-project:kotlin/core/descriptors/src/org/jetbrains/kotlin/descriptors/impl/ValueParameterDescriptorImpl.kt':[
25,
45,
65,
],
'kotlin-project:kotlin/core/deserialization/src/org/jetbrains/kotlin/serialization/SerializerExtensionProtocol.kt':[
23,
],
'kotlin-project:kotlin/core/deserialization/src/org/jetbrains/kotlin/serialization/deserialization/context.kt':[
36,
70,
],
'kotlin-project:kotlin/core/deserialization/src/org/jetbrains/kotlin/serialization/deserialization/descriptors/DeserializedMemberDescriptor.kt':[
60,
92,
132,
170,
],
'kotlin-project:kotlin/core/reflection.jvm/src/kotlin/reflect/jvm/internal/FunctionWithAllInvokes.kt':[
57,
58,
59,
60,
61,
62,
63,
64,
65,
66,
67,
68,
69,
70,
71,
],
'kotlin-project:kotlin/generators/test-generator/tests/org/jetbrains/kotlin/generators/tests/generator/TestGenerationDSL.kt':[
50,
],
'kotlin-project:kotlin/generators/test-generator/tests/org/jetbrains/kotlin/generators/util/coroutines.kt':[
17,
],
'kotlin-project:kotlin/idea/ide-common/src/org/jetbrains/kotlin/caches/resolve/JsAnalyzerFacade.kt':[
42,
],
'kotlin-project:kotlin/idea/ide-common/src/org/jetbrains/kotlin/idea/analysis/AnalyzerUtil.kt':[
39,
53,
],
'kotlin-project:kotlin/idea/ide-common/src/org/jetbrains/kotlin/idea/codeInsight/ReferenceVariantsHelper.kt':[
70,
],
'kotlin-project:kotlin/idea/idea-analysis/src/org/jetbrains/kotlin/idea/caches/resolve/ProjectResolutionFacade.kt':[
47,
],
'kotlin-project:kotlin/idea/idea-completion/src/org/jetbrains/kotlin/idea/completion/CompletionBindingContextProvider.kt':[
66,
],
'kotlin-project:kotlin/idea/idea-completion/src/org/jetbrains/kotlin/idea/completion/ReferenceVariantsCollector.kt':[
43,
],
'kotlin-project:kotlin/idea/idea-completion/src/org/jetbrains/kotlin/idea/completion/smart/SmartCompletion.kt':[
56,
],
'kotlin-project:kotlin/idea/idea-completion/src/org/jetbrains/kotlin/idea/completion/smart/TypeInstantiationItems.kt':[
59,
],
'kotlin-project:kotlin/idea/idea-maven/src/org/jetbrains/kotlin/idea/maven/KotlinMavenImporter.kt':[
84,
],
'kotlin-project:kotlin/idea/src/org/jetbrains/kotlin/idea/intentions/loopToCallChain/interfaces.kt':[
98,
],
'kotlin-project:kotlin/idea/src/org/jetbrains/kotlin/idea/intentions/loopToCallChain/result/FindTransformationMatcher.kt':[
223,
],
'kotlin-project:kotlin/idea/src/org/jetbrains/kotlin/idea/quickfix/createFromUsage/callableBuilder/CallableInfo.kt':[
194,
255,
],
'kotlin-project:kotlin/idea/src/org/jetbrains/kotlin/idea/quickfix/createFromUsage/createClass/CreateClassFromUsageFix.kt':[
71,
],
'kotlin-project:kotlin/idea/src/org/jetbrains/kotlin/idea/quickfix/replaceWith/ReplaceProtectedToPublishedApiCallFix.kt':[
42,
],
'kotlin-project:kotlin/idea/src/org/jetbrains/kotlin/idea/refactoring/changeSignature/KotlinChangeInfo.kt':[
59,
],
'kotlin-project:kotlin/idea/src/org/jetbrains/kotlin/idea/refactoring/changeSignature/KotlinParameterInfo.kt':[
41,
],
'kotlin-project:kotlin/idea/src/org/jetbrains/kotlin/idea/refactoring/introduce/extractionEngine/ExtractableCodeDescriptor.kt':[
348,
],
'kotlin-project:kotlin/idea/src/org/jetbrains/kotlin/idea/refactoring/introduce/extractionEngine/extractableAnalysisUtil.kt':[
225,
],
'kotlin-project:kotlin/idea/src/org/jetbrains/kotlin/idea/refactoring/introduce/extractionEngine/inferParameterInfo.kt':[
151,
],
'kotlin-project:kotlin/idea/src/org/jetbrains/kotlin/idea/refactoring/introduce/introduceParameter/KotlinIntroduceParameterHandler.kt':[
68,
],
'kotlin-project:kotlin/idea/src/org/jetbrains/kotlin/idea/refactoring/introduce/introduceProperty/KotlinInplacePropertyIntroducer.kt':[
42,
],
'kotlin-project:kotlin/idea/src/org/jetbrains/kotlin/idea/refactoring/introduce/introduceVariable/KotlinIntroduceVariableHandler.kt':[
101,
468,
],
'kotlin-project:kotlin/idea/src/org/jetbrains/kotlin/idea/refactoring/introduce/introduceVariable/KotlinVariableInplaceIntroducer.kt':[
47,
],
'kotlin-project:kotlin/idea/src/org/jetbrains/kotlin/idea/refactoring/move/moveDeclarations/KotlinAwareMoveFilesOrDirectoriesProcessor.kt':[
35,
],
'kotlin-project:kotlin/idea/src/org/jetbrains/kotlin/idea/refactoring/move/moveDeclarations/MoveKotlinDeclarationsProcessor.kt':[
98,
],
'kotlin-project:kotlin/idea/src/org/jetbrains/kotlin/idea/refactoring/move/moveDeclarations/MoveToKotlinFileProcessor.kt':[
32,
],
'kotlin-project:kotlin/idea/tests/org/jetbrains/kotlin/idea/quickfix/AbstractQuickFixMultiFileTest.kt':[
292,
],
'kotlin-project:kotlin/j2k/src/org/jetbrains/kotlin/j2k/ast/Class.kt':[
23,
],
'kotlin-project:kotlin/j2k/src/org/jetbrains/kotlin/j2k/ast/ClassBody.kt':[
25,
],
'kotlin-project:kotlin/j2k/src/org/jetbrains/kotlin/j2k/ast/Function.kt':[
31,
],
'kotlin-project:kotlin/j2k/src/org/jetbrains/kotlin/j2k/ast/Property.kt':[
23,
],
'kotlin-project:kotlin/j2k/src/org/jetbrains/kotlin/j2k/propertyDetection.kt':[
33,
],
'kotlin-project:kotlin/jps-plugin/src/org/jetbrains/kotlin/compilerRunner/JpsKotlinCompilerRunner.kt':[
114,
],
'kotlin-project:kotlin/jps-plugin/src/org/jetbrains/kotlin/jps/build/KotlinBuilder.kt':[
526,
],
'kotlin-project:kotlin/js/js.ast/src/org/jetbrains/kotlin/js/backend/ast/metadata/metadataProperties.kt':[
126,
],
'kotlin-project:kotlin/js/js.inliner/src/org/jetbrains/kotlin/js/inline/FunctionReader.kt':[
74,
],
'kotlin-project:kotlin/js/js.tests/test/org/jetbrains/kotlin/js/test/BasicBoxTest.kt':[
295,
340,
427,
591,
],
'kotlin-project:kotlin/js/js.tests/test/org/jetbrains/kotlin/js/test/BasicIrBoxTest.kt':[
34,
],
'kotlin-project:kotlin/js/js.translator/src/org/jetbrains/kotlin/js/translate/general/AstGenerationResult.kt':[
23,
],
'kotlin-project:kotlin/libraries/kotlinx-metadata/jvm/src/kotlinx/metadata/jvm/KotlinClassHeader.kt':[
29,
],
'kotlin-project:kotlin/libraries/stdlib/js/src/org.w3c/org.khronos.webgl.kt':[
54,
163,
164,
165,
238,
242,
],
'kotlin-project:kotlin/libraries/stdlib/js/src/org.w3c/org.w3c.dom.events.kt':[
131,
210,
268,
382,
],
'kotlin-project:kotlin/libraries/stdlib/js/src/org.w3c/org.w3c.dom.kt':[
1579,
1623,
1686,
1729,
1842,
2061,
2372,
2394,
2700,
],
'kotlin-project:kotlin/libraries/stdlib/js/src/org.w3c/org.w3c.fetch.kt':[
115,
],
'kotlin-project:kotlin/libraries/stdlib/js/src/org.w3c/org.w3c.notifications.kt':[
114,
],
'kotlin-project:kotlin/libraries/stdlib/js/src/org.w3c/org.w3c.workers.kt':[
133,
361,
],
'kotlin-project:kotlin/libraries/stdlib/jvm/runtime/kotlin/Metadata.kt':[
14,
],
'kotlin-project:kotlin/libraries/stdlib/jvm/runtime/kotlin/jvm/functions/Functions.kt':[
53,
58,
63,
68,
73,
78,
83,
88,
93,
98,
103,
108,
113,
118,
123,
],
'kotlin-project:kotlin/libraries/tools/binary-compatibility-validator/src/main/kotlin/org.jetbrains.kotlin.tools/asmUtils.kt':[
25,
],
'kotlin-project:kotlin/libraries/tools/idl2k/src/main/kotlin/idl.kt':[
45,
],
'kotlin-project:kotlin/libraries/tools/idl2k/src/main/kotlin/model.kt':[
31,
77,
],
'kotlin-project:kotlin/libraries/tools/kotlin-gradle-plugin-integration-tests/src/test/kotlin/org/jetbrains/kotlin/gradle/BaseGradleIT.kt':[
161,
],
'kotlin-project:kotlin/libraries/tools/kotlin-gradle-plugin/src/main/kotlin/org/jetbrains/kotlin/compilerRunner/GradleCompilerEnvironment.kt':[
32,
],
'kotlin-project:kotlin/libraries/tools/kotlin-gradle-plugin/src/main/kotlin/org/jetbrains/kotlin/gradle/internal/Kapt3KotlinGradleSubplugin.kt':[
125,
],
'kotlin-project:kotlin/libraries/tools/kotlin-gradle-plugin/src/main/kotlin/org/jetbrains/kotlin/gradle/plugin/KotlinPlugin.kt':[
45,
540,
],
'kotlin-project:kotlin/plugins/android-extensions/android-extensions-compiler/src/org/jetbrains/kotlin/android/synthetic/descriptors/AndroidSyntheticPackageFragmentDescriptor.kt':[
43,
],
'kotlin-project:kotlin/plugins/kapt3/kapt3-compiler/src/org/jetbrains/kotlin/kapt3/Kapt3Extension.kt':[
62,
149,
],
'kotlin-project:kotlin/plugins/kapt3/kapt3-compiler/src/org/jetbrains/kotlin/kapt3/KaptContext.kt':[
37,
],
'kotlin-project:kotlin/plugins/kapt3/kapt3-compiler/src/org/jetbrains/kotlin/kapt3/annotationProcessing.kt':[
37,
],
'kotlin-project:kotlin/plugins/kapt3/kapt3-compiler/src/org/jetbrains/kotlin/kapt3/stubs/SignatureParserVisitor.kt':[
294,
],
'kotlin-project:ktor/ktor-features/ktor-auth/src/io/ktor/auth/DigestAuth.kt':[
84,
],
'kotlin-project:ktor/ktor-features/ktor-auth/src/io/ktor/auth/OAuth.kt':[
54,
],
'kotlin-project:ktor/ktor-features/ktor-auth/src/io/ktor/auth/OAuth1a.kt':[
122,
],
'kotlin-project:ktor/ktor-features/ktor-auth/src/io/ktor/auth/OAuth2.kt':[
111,
],
'kotlin-project:ktor/ktor-features/ktor-auth/test/io/ktor/tests/auth/OAuth1a.kt':[
84,
309,
],
'kotlin-project:ktor/ktor-features/ktor-auth/test/io/ktor/tests/auth/OAuth2.kt':[
66,
419,
],
'kotlin-project:ktor/ktor-http/src/io/ktor/http/Cookie.kt':[
7,
74,
],
'kotlin-project:ktor/ktor-http/src/io/ktor/http/URLBuilder.kt':[
3,
72,
],
'kotlin-project:ktor/ktor-network-tls/src/io/ktor/network/tls/CipherSuites.kt':[
11,
],
'kotlin-project:ktor/ktor-network-tls/src/io/ktor/network/tls/certificates/Certificates.kt':[
81,
181,
],
'kotlin-project:ktor/ktor-server/ktor-server-core/src/io/ktor/response/ResponseCookies.kt':[
16,
],
'kotlin-project:ktor/ktor-server/ktor-server-core/test/io/ktor/tests/http/HighLoadHttpGenerator.kt':[
572,
577,
],
'kotlin-project:ktor/ktor-server/ktor-server-netty/src/io/ktor/server/netty/NettyChannelInitializer.kt':[
19,
],
'kotlin-project:ktor/ktor-server/ktor-server-tests/test/io/ktor/tests/server/sessions/AutoSerializerTest.kt':[
70,
],
}
