{
'kotlin-project:kotlin/kotlin/compiler/testData/diagnostics/tests/typealias/typeAliasConstructorTypeArgumentsInferenceWithNestedCalls2.kt':[
37,
38,
39,
40,
],
'kotlin-project:kotlin/kotlin/idea/idea-completion/src/org/jetbrains/kotlin/idea/completion/KotlinCompletionContributor.kt':[
71,
],
'kotlin-project:kotlin/kotlin/plugins/kapt3/kapt3-compiler/src/org/jetbrains/kotlin/kapt3/stubs/ClassFileToSourceStubConverter.kt':[
171,
],
'kotlin-project:kotlin/ktor/ktor-features/ktor-auth-jwt/test/io/ktor/auth/jwt/JWTAuthTest.kt':[
283,
297,
],
}
