{
'kotlin-project:corda/docs/source/example-code/src/main/kotlin/net/corda/docs/tutorial/tearoffs/TutorialTearOffs.kt':[
14,
],
'kotlin-project:corda/node/src/main/kotlin/net/corda/node/SerialFilter.kt':[
64,
],
'kotlin-project:corda/node/src/main/kotlin/net/corda/node/services/keys/KMSUtils.kt':[
34,
],
'kotlin-project:corda/samples/attachment-demo/src/main/kotlin/net/corda/attachmentdemo/Main.kt':[
14,
],
'kotlin-project:corda/samples/irs-demo/cordapp/src/main/kotlin/net/corda/irs/utilities/OracleUtils.kt':[
17,
],
'kotlin-project:corda/samples/irs-demo/cordapp/src/test/kotlin/net/corda/irs/Main.kt':[
14,
],
'kotlin-project:corda/samples/notary-demo/src/main/kotlin/net/corda/notarydemo/BFTNotaryCordform.kt':[
17,
],
'kotlin-project:corda/samples/notary-demo/src/main/kotlin/net/corda/notarydemo/Clean.kt':[
5,
],
'kotlin-project:corda/samples/notary-demo/src/main/kotlin/net/corda/notarydemo/CustomNotaryCordform.kt':[
12,
],
'kotlin-project:corda/samples/notary-demo/src/main/kotlin/net/corda/notarydemo/Notarise.kt':[
17,
],
'kotlin-project:corda/samples/notary-demo/src/main/kotlin/net/corda/notarydemo/RaftNotaryCordform.kt':[
16,
],
'kotlin-project:corda/samples/notary-demo/src/main/kotlin/net/corda/notarydemo/SingleNotaryCordform.kt':[
14,
],
'kotlin-project:corda/samples/simm-valuation-demo/flows/src/main/kotlin/net/corda/vega/analytics/example/OGSwapPricingExample.kt':[
54,
],
'kotlin-project:corda/samples/simm-valuation-demo/src/test/kotlin/net/corda/vega/Main.kt':[
15,
],
'kotlin-project:corda/samples/trader-demo/src/test/kotlin/net/corda/traderdemo/Main.kt':[
20,
],
'kotlin-project:kotlin/compiler/ir/backend.js/src/org/jetbrains/kotlin/ir/backend/js/compiler.kt':[
29,
],
'kotlin-project:kotlin/compiler/light-classes/src/org/jetbrains/kotlin/asJava/builder/LightClassBuilder.kt':[
77,
],
'kotlin-project:kotlin/compiler/tests-java8/tests/org/jetbrains/kotlin/generators/tests/GenerateJava8Tests.kt':[
34,
],
'kotlin-project:kotlin/compiler/tests/org/jetbrains/kotlin/generators/tests/GenerateCompilerTests.kt':[
59,
],
'kotlin-project:kotlin/core/descriptors.runtime/tests/org/jetbrains/kotlin/generators/tests/GenerateRuntimeDescriptorTests.kt':[
23,
],
'kotlin-project:kotlin/generators/builtins/generateBuiltIns.kt':[
84,
],
'kotlin-project:kotlin/generators/tests/org/jetbrains/kotlin/generators/arguments/GenerateGradleOptions.kt':[
146,
],
'kotlin-project:kotlin/generators/tests/org/jetbrains/kotlin/generators/evaluate/GenerateOperationsMap.kt':[
33,
],
'kotlin-project:kotlin/generators/tests/org/jetbrains/kotlin/generators/protobuf/GenerateProtoBuf.kt':[
65,
],
'kotlin-project:kotlin/generators/tests/org/jetbrains/kotlin/generators/tests/GenerateTests.kt':[
165,
],
'kotlin-project:kotlin/idea/formatter/src/org/jetbrains/kotlin/idea/formatter/KotlinCommonBlock.kt':[
55,
],
'kotlin-project:kotlin/idea/idea-gradle/src/org/jetbrains/kotlin/idea/inspections/gradle/KotlinGradleModelFacade.kt':[
70,
],
'kotlin-project:kotlin/idea/src/org/jetbrains/kotlin/idea/parameterInfo/TypeHints.kt':[
121,
],
'kotlin-project:kotlin/js/js.tests/test/org/jetbrains/kotlin/generators/tests/GenerateJsTests.kt':[
14,
],
'kotlin-project:kotlin/js/js.tests/test/org/jetbrains/kotlin/generators/tests/generateTestDataForReservedWords.kt':[
42,
],
'kotlin-project:kotlin/libraries/examples/js-example/src/main/kotlin/sample/Hello.kt':[
3,
],
'kotlin-project:kotlin/libraries/kotlin.test/jvm/src/main/kotlin/AssertionsImpl.kt':[
45,
],
'kotlin-project:kotlin/libraries/stdlib/coroutines/src/kotlin/coroutines/intrinsics/Intrinsics.kt':[
45,
],
'kotlin-project:kotlin/libraries/stdlib/js/runtime/arrayUtils.kt':[
41,
],
'kotlin-project:kotlin/libraries/stdlib/js/src/kotlin/builtins.kt':[
99,
163,
177,
],
'kotlin-project:kotlin/libraries/stdlib/js/src/kotlin/collections.kt':[
54,
133,
],
'kotlin-project:kotlin/libraries/stdlib/js/src/kotlin/collections/utils.kt':[
10,
],
'kotlin-project:kotlin/libraries/stdlib/js/src/kotlin/concurrent.kt':[
16,
],
'kotlin-project:kotlin/libraries/stdlib/js/src/kotlin/jsTypeOf.kt':[
13,
],
'kotlin-project:kotlin/libraries/stdlib/js/src/kotlin/kotlin.kt':[
16,
19,
22,
25,
28,
31,
34,
37,
40,
51,
58,
],
'kotlin-project:kotlin/libraries/stdlib/jvm/src/kotlin/jvm/internal/unsafe/monitor.kt':[
10,
13,
],
'kotlin-project:kotlin/libraries/stdlib/src/kotlin/coroutines/experimental/intrinsics/Intrinsics.kt':[
44,
],
'kotlin-project:kotlin/libraries/tools/binary-compatibility-validator/src/main/kotlin/org.jetbrains.kotlin.tools/kotlinMetadataVisibilities.kt':[
49,
87,
],
'kotlin-project:kotlin/libraries/tools/binary-compatibility-validator/src/test/kotlin/cases/private/privatePart.kt':[
14,
],
'kotlin-project:kotlin/libraries/tools/idl2k/src/main/kotlin/main.kt':[
10,
],
'kotlin-project:kotlin/libraries/tools/kotlin-gradle-plugin-integration-tests/src/test/resources/testProject/AndroidProject/Lib/src/androidTest/kotlin/internalTest.kt':[
3,
],
'kotlin-project:kotlin/libraries/tools/kotlin-gradle-plugin-integration-tests/src/test/resources/testProject/AndroidProject/Lib/src/test/kotlin/internalTest.kt':[
3,
],
'kotlin-project:kotlin/libraries/tools/kotlin-gradle-plugin-integration-tests/src/test/resources/testProject/buildCacheSimple/src/main/kotlin/foo.kt':[
3,
],
'kotlin-project:kotlin/libraries/tools/kotlin-gradle-plugin-integration-tests/src/test/resources/testProject/duplicatedClass/app/src/main/kotlin/useA.kt':[
1,
],
'kotlin-project:kotlin/libraries/tools/kotlin-gradle-plugin-integration-tests/src/test/resources/testProject/javaLibraryProject/app/src/main/kotlin/App.kt':[
3,
],
'kotlin-project:kotlin/libraries/tools/kotlin-gradle-plugin-integration-tests/src/test/resources/testProject/kapt2/kt19179/app/src/main/kotlin/Test.kt':[
5,
],
'kotlin-project:kotlin/libraries/tools/kotlin-gradle-plugin-integration-tests/src/test/resources/testProject/kotlin2JsDceProject/mainProject/src/main/kotlin/exampleapp/main.kt':[
7,
],
'kotlin-project:kotlin/libraries/tools/kotlin-gradle-plugin-integration-tests/src/test/resources/testProject/kotlin2JsProject/mainProject/src/main/kotlin/example/main.kt':[
7,
],
'kotlin-project:kotlin/libraries/tools/kotlin-gradle-plugin-integration-tests/src/test/resources/testProject/kotlin2JsProjectWithSourceMapInline/app/src/main/kotlin/main.kt':[
1,
],
'kotlin-project:kotlin/libraries/tools/kotlin-gradle-plugin-integration-tests/src/test/resources/testProject/multiplatformAndroidProject/libJvm/src/main/kotlin/javaLibUse.kt':[
5,
],
'kotlin-project:kotlin/libraries/tools/kotlin-gradle-plugin-integration-tests/src/test/resources/testProject/multiplatformMultipleCommonModules/libJvm/src/main/kotlin/javaLibUse.kt':[
5,
],
'kotlin-project:kotlin/libraries/tools/kotlin-gradle-plugin-integration-tests/src/test/resources/testProject/multiplatformProject/libJvm/src/main/kotlin/javaLibUse.kt':[
5,
],
'kotlin-project:kotlin/libraries/tools/kotlin-gradle-plugin-integration-tests/src/test/resources/testProject/multiprojectWithDependency/projB/src/main/kotlin/helloWorld.kt':[
3,
],
'kotlin-project:kotlin/libraries/tools/kotlin-maven-plugin-test/src/it/test-accessToInternal/src/main/kotlin/org/jetbrains/HelloWorld.kt':[
19,
],
'kotlin-project:kotlin/libraries/tools/kotlin-maven-plugin-test/src/it/test-extraArguments/src/main/kotlin/org/jetbrains/HelloWorld.kt':[
3,
],
'kotlin-project:kotlin/libraries/tools/kotlin-maven-plugin-test/src/it/test-helloworld/src/main/kotlin/org/jetbrains/HelloWorld.kt':[
3,
],
'kotlin-project:kotlin/libraries/tools/kotlin-maven-plugin-test/src/it/test-js-extraArguments/src/main/kotlin/org/jetbrains/HelloWorld.kt':[
3,
],
'kotlin-project:kotlin/libraries/tools/kotlin-maven-plugin-test/src/it/test-js-suppressWarnings/src/main/kotlin/org/jetbrains/HelloWorld.kt':[
13,
],
'kotlin-project:kotlin/libraries/tools/kotlin-maven-plugin-test/src/it/test-kotlin-version-in-manifest/src/main/kotlin/test.kt':[
40,
],
'kotlin-project:kotlin/libraries/tools/kotlin-maven-plugin-test/src/it/test-moduleName/src/main/kotlin/org/jetbrains/moduleName.kt':[
19,
],
'kotlin-project:kotlin/libraries/tools/kotlin-maven-plugin-test/src/it/test-moduleNameDefault/src/main/kotlin/org/jetbrains/moduleName.kt':[
3,
],
'kotlin-project:kotlin/libraries/tools/kotlin-maven-plugin-test/src/it/test-multimodule-srcdir-absolute/sub/src/main/kotlin/org/jetbrains/HelloWorld.kt':[
3,
],
'kotlin-project:kotlin/libraries/tools/kotlin-maven-plugin-test/src/it/test-multimodule-srcdir/sub/src/main/kotlin/org/jetbrains/HelloWorld.kt':[
3,
],
'kotlin-project:kotlin/libraries/tools/kotlin-maven-plugin-test/src/it/test-multimodule/sub/src/main/kotlin/org/jetbrains/HelloWorld.kt':[
3,
],
'kotlin-project:kotlin/libraries/tools/kotlin-maven-plugin-test/src/it/test-multiplatform/js/src/main/kotlin/org/jetbrains/HelloWorld.kt':[
3,
],
'kotlin-project:kotlin/libraries/tools/kotlin-maven-plugin-test/src/it/test-multiplatform/jvm/src/main/kotlin/org/jetbrains/HelloWorld.kt':[
3,
],
'kotlin-project:kotlin/libraries/tools/kotlin-maven-plugin-test/src/it/test-plugins/use-test-extension/src/main/kotlin/main.kt':[
3,
],
'kotlin-project:kotlin/libraries/tools/kotlin-maven-plugin-test/src/it/test-suppressWarnings/src/main/kotlin/org/jetbrains/HelloWorld.kt':[
13,
],
'kotlin-project:kotlin/libraries/tools/kotlinp/test/org/jetbrains/kotlin/kotlinp/test/GenerateKotlinpTests.kt':[
10,
],
'kotlin-project:kotlin/ultimate/tests/org/jetbrains/kotlin/tests/GenerateUltimateTests.kt':[
30,
],
'kotlin-project:ktor/ktor-server/ktor-server-cio/test/io/ktor/tests/server/cio/RAWExample.kt':[
27,
],
'kotlin-project:ktor/ktor-server/ktor-server-test-host/src/io/ktor/server/testing/Utils.kt':[
11,
],
}
