{
'kotlin-project:android-architecture-components/GithubBrowserSample/app/src/main/java/com/android/example/github/ui/search/SearchViewModel.kt':[
119,
],
'kotlin-project:android-architecture-components/PagingWithNetworkSample/app/src/main/java/com/android/example/paging/pagingwithnetwork/reddit/ui/RedditPostViewHolder.kt':[
56,
],
'kotlin-project:corda/client/rpc/src/main/kotlin/net/corda/client/rpc/CordaRPCClient.kt':[
180,
],
'kotlin-project:corda/core/src/main/kotlin/net/corda/core/contracts/AttachmentConstraint.kt':[
32,
46,
],
'kotlin-project:corda/core/src/main/kotlin/net/corda/core/contracts/ContractsDSL.kt':[
42,
43,
56,
57,
],
'kotlin-project:corda/core/src/main/kotlin/net/corda/core/contracts/UniqueIdentifier.kt':[
35,
],
'kotlin-project:corda/core/src/main/kotlin/net/corda/core/flows/FinalityFlow.kt':[
102,
],
'kotlin-project:corda/experimental/behave/src/main/kotlin/net/corda/behave/database/DatabaseConnection.kt':[
54,
],
'kotlin-project:corda/experimental/behave/src/main/kotlin/net/corda/behave/process/Command.kt':[
125,
],
'kotlin-project:corda/experimental/behave/src/main/kotlin/net/corda/behave/service/ContainerService.kt':[
80,
],
'kotlin-project:corda/finance/src/main/kotlin/net/corda/finance/contracts/asset/Obligation.kt':[
470,
],
'kotlin-project:corda/node/src/main/kotlin/net/corda/node/internal/AbstractNode.kt':[
471,
],
'kotlin-project:corda/node/src/main/kotlin/net/corda/node/internal/NodeStartup.kt':[
135,
139,
],
'kotlin-project:corda/node/src/main/kotlin/net/corda/node/services/config/NodeConfiguration.kt':[
84,
],
'kotlin-project:corda/node/src/main/kotlin/net/corda/node/services/vault/HibernateQueryCriteriaParser.kt':[
304,
],
'kotlin-project:corda/serialization/src/main/kotlin/net/corda/serialization/internal/SerializationScheme.kt':[
39,
],
'kotlin-project:corda/serialization/src/main/kotlin/net/corda/serialization/internal/amqp/PropertySerializer.kt':[
21,
22,
],
'kotlin-project:corda/serialization/src/main/kotlin/net/corda/serialization/internal/amqp/custom/ThrowableSerializer.kt':[
43,
],
'kotlin-project:corda/serialization/src/main/kotlin/net/corda/serialization/internal/carpenter/MetaCarpenter.kt':[
80,
],
'kotlin-project:corda/serialization/src/main/kotlin/net/corda/serialization/internal/carpenter/Schema.kt':[
57,
61,
],
'kotlin-project:corda/tools/demobench/src/main/kotlin/net/corda/demobench/pty/R3Pty.kt':[
24,
],
'kotlin-project:corda/tools/demobench/src/main/kotlin/net/corda/demobench/views/NodeTerminalView.kt':[
208,
218,
],
'kotlin-project:corda/tools/explorer/src/main/kotlin/net/corda/explorer/model/IssuerModel.kt':[
24,
],
'kotlin-project:corda/tools/explorer/src/main/kotlin/net/corda/explorer/views/Network.kt':[
167,
177,
],
'kotlin-project:corda/tools/explorer/src/main/kotlin/net/corda/explorer/views/SearchField.kt':[
40,
],
'kotlin-project:corda/tools/explorer/src/main/kotlin/net/corda/explorer/views/TransactionViewer.kt':[
142,
143,
],
'kotlin-project:corda/tools/explorer/src/main/kotlin/net/corda/explorer/views/cordapps/cash/CashViewer.kt':[
151,
],
'kotlin-project:intellij-rust/src/main/kotlin/org/rust/cargo/runconfig/command/RunCargoCommandActionBase.kt':[
19,
],
'kotlin-project:intellij-rust/src/main/kotlin/org/rust/cargo/toolchain/RustToolchain.kt':[
36,
],
'kotlin-project:intellij-rust/src/main/kotlin/org/rust/ide/actions/RsBuildAction.kt':[
22,
],
'kotlin-project:intellij-rust/src/main/kotlin/org/rust/ide/hints/RsInlayParameterHintsProvider.kt':[
69,
],
'kotlin-project:intellij-rust/src/main/kotlin/org/rust/ide/inspections/RsBorrowCheckerInspection.kt':[
44,
45,
],
'kotlin-project:intellij-rust/src/main/kotlin/org/rust/ide/inspections/RsSimplifyBooleanExpressionInspection.kt':[
27,
42,
],
'kotlin-project:intellij-rust/src/main/kotlin/org/rust/ide/inspections/import/AutoImportFix.kt':[
393,
],
'kotlin-project:intellij-rust/src/main/kotlin/org/rust/ide/intentions/ExtractInlineModuleIntention.kt':[
25,
],
'kotlin-project:intellij-rust/src/main/kotlin/org/rust/ide/intentions/MatchToIfLetIntention.kt':[
33,
],
'kotlin-project:intellij-rust/src/main/kotlin/org/rust/ide/presentation/Utils.kt':[
55,
],
'kotlin-project:intellij-rust/src/main/kotlin/org/rust/ide/typing/RsQuoteHandler.kt':[
45,
],
'kotlin-project:intellij-rust/src/main/kotlin/org/rust/lang/core/completion/RsKeywordCompletionContributor.kt':[
86,
],
'kotlin-project:intellij-rust/src/main/kotlin/org/rust/lang/core/completion/RsMacroDefinitionCompletionProvider.kt':[
38,
],
'kotlin-project:intellij-rust/src/main/kotlin/org/rust/lang/core/lexer/RustEscapesLexer.kt':[
119,
],
'kotlin-project:intellij-rust/src/main/kotlin/org/rust/lang/core/parser/RustParserUtil.kt':[
348,
],
'kotlin-project:intellij-rust/src/main/kotlin/org/rust/lang/core/psi/RsFile.kt':[
70,
],
'kotlin-project:intellij-rust/src/main/kotlin/org/rust/lang/core/stubs/index/RsReexportIndex.kt':[
31,
],
'kotlin-project:intellij-rust/src/main/kotlin/org/rust/lang/core/types/infer/Fold.kt':[
99,
],
'kotlin-project:intellij-rust/src/main/kotlin/org/rust/lang/core/types/ty/TyTypeParameter.kt':[
51,
],
'kotlin-project:intellij-rust/src/test/kotlin/org/rust/lang/core/type/RsTypificationTestBase.kt':[
74,
],
'kotlin-project:kotlin/build-common/src/org/jetbrains/kotlin/incremental/JavaClassesTrackerImpl.kt':[
85,
],
'kotlin-project:kotlin/buildSrc/src/main/kotlin/CommonUtil.kt':[
64,
],
'kotlin-project:kotlin/buildSrc/src/main/kotlin/intellijDependencies.kt':[
33,
],
'kotlin-project:kotlin/compiler/backend-common/src/org/jetbrains/kotlin/backend/common/CodegenUtil.kt':[
160,
],
'kotlin-project:kotlin/compiler/backend/src/org/jetbrains/kotlin/codegen/ArgumentGenerator.kt':[
71,
],
'kotlin-project:kotlin/compiler/backend/src/org/jetbrains/kotlin/codegen/StackValue.kt':[
98,
],
'kotlin-project:kotlin/compiler/backend/src/org/jetbrains/kotlin/codegen/coroutines/CoroutineCodegen.kt':[
351,
],
'kotlin-project:kotlin/compiler/backend/src/org/jetbrains/kotlin/codegen/coroutines/ReturnUnitMethodTransformer.kt':[
120,
],
'kotlin-project:kotlin/compiler/backend/src/org/jetbrains/kotlin/codegen/coroutines/SuspendFunctionGenerationStrategy.kt':[
57,
],
'kotlin-project:kotlin/compiler/backend/src/org/jetbrains/kotlin/codegen/coroutines/coroutineCodegenUtil.kt':[
189,
228,
286,
334,
],
'kotlin-project:kotlin/compiler/backend/src/org/jetbrains/kotlin/codegen/inline/AnonymousObjectTransformer.kt':[
602,
],
'kotlin-project:kotlin/compiler/backend/src/org/jetbrains/kotlin/codegen/inline/MethodInliner.kt':[
254,
625,
],
'kotlin-project:kotlin/compiler/backend/src/org/jetbrains/kotlin/codegen/inline/ParametersBuilder.kt':[
116,
],
'kotlin-project:kotlin/compiler/cli/cli-common/src/org/jetbrains/kotlin/cli/common/arguments/parseCommandLineArguments.kt':[
169,
],
'kotlin-project:kotlin/compiler/cli/src/org/jetbrains/kotlin/cli/jvm/K2JVMCompiler.kt':[
247,
250,
],
'kotlin-project:kotlin/compiler/cli/src/org/jetbrains/kotlin/cli/jvm/compiler/ClasspathRootsResolver.kt':[
160,
],
'kotlin-project:kotlin/compiler/cli/src/org/jetbrains/kotlin/cli/jvm/compiler/KotlinCoreEnvironment.kt':[
422,
],
'kotlin-project:kotlin/compiler/cli/src/org/jetbrains/kotlin/cli/jvm/index/JvmDependenciesIndexImpl.kt':[
212,
],
'kotlin-project:kotlin/compiler/daemon/src/org/jetbrains/kotlin/daemon/LazyClasspathWatcher.kt':[
102,
],
'kotlin-project:kotlin/compiler/frontend.java/src/org/jetbrains/kotlin/load/java/structure/impl/classFiles/Types.kt':[
41,
],
'kotlin-project:kotlin/compiler/frontend.java/src/org/jetbrains/kotlin/resolve/jvm/checkers/InterfaceDefaultMethodCallChecker.kt':[
65,
],
'kotlin-project:kotlin/compiler/frontend.java/src/org/jetbrains/kotlin/resolve/jvm/checkers/declarationCheckers.kt':[
99,
],
'kotlin-project:kotlin/compiler/frontend/src/org/jetbrains/kotlin/cfg/ConstructorConsistencyChecker.kt':[
78,
78,
114,
],
'kotlin-project:kotlin/compiler/frontend/src/org/jetbrains/kotlin/cfg/ControlFlowInformationProvider.kt':[
314,
450,
457,
511,
511,
513,
518,
519,
521,
553,
],
'kotlin-project:kotlin/compiler/frontend/src/org/jetbrains/kotlin/cfg/PseudocodeTraverser.kt':[
120,
],
'kotlin-project:kotlin/compiler/frontend/src/org/jetbrains/kotlin/cfg/PseudocodeVariablesData.kt':[
127,
137,
],
'kotlin-project:kotlin/compiler/frontend/src/org/jetbrains/kotlin/cfg/pseudocode/pseudocodeUtils.kt':[
244,
],
'kotlin-project:kotlin/compiler/frontend/src/org/jetbrains/kotlin/contracts/parsing/PsiContractParserDispatcher.kt':[
101,
],
'kotlin-project:kotlin/compiler/frontend/src/org/jetbrains/kotlin/contracts/parsing/PsiContractsUtils.kt':[
87,
87,
],
'kotlin-project:kotlin/compiler/frontend/src/org/jetbrains/kotlin/coroutines/coroutineUtil.kt':[
26,
],
'kotlin-project:kotlin/compiler/frontend/src/org/jetbrains/kotlin/resolve/AnnotationUseSiteTargetChecker.kt':[
123,
],
'kotlin-project:kotlin/compiler/frontend/src/org/jetbrains/kotlin/resolve/DeclarationsChecker.kt':[
726,
],
'kotlin-project:kotlin/compiler/frontend/src/org/jetbrains/kotlin/resolve/FunctionDescriptorResolver.kt':[
354,
],
'kotlin-project:kotlin/compiler/frontend/src/org/jetbrains/kotlin/resolve/calls/CallExpressionResolver.kt':[
397,
],
'kotlin-project:kotlin/compiler/frontend/src/org/jetbrains/kotlin/resolve/calls/GenericCandidateResolver.kt':[
151,
],
'kotlin-project:kotlin/compiler/frontend/src/org/jetbrains/kotlin/resolve/calls/checkers/LateinitIntrinsicApplicabilityChecker.kt':[
60,
],
'kotlin-project:kotlin/compiler/frontend/src/org/jetbrains/kotlin/resolve/calls/checkers/coroutineCallChecker.kt':[
43,
63,
142,
],
'kotlin-project:kotlin/compiler/frontend/src/org/jetbrains/kotlin/resolve/calls/smartcasts/DataFlowValueKindUtils.kt':[
142,
],
'kotlin-project:kotlin/compiler/frontend/src/org/jetbrains/kotlin/resolve/calls/tower/KotlinResolutionCallbacksImpl.kt':[
177,
],
'kotlin-project:kotlin/compiler/frontend/src/org/jetbrains/kotlin/resolve/checkers/DynamicReceiverChecker.kt':[
35,
],
'kotlin-project:kotlin/compiler/frontend/src/org/jetbrains/kotlin/resolve/checkers/ExperimentalUsageChecker.kt':[
167,
286,
],
'kotlin-project:kotlin/compiler/frontend/src/org/jetbrains/kotlin/resolve/checkers/InlineClassDeclarationChecker.kt':[
89,
],
'kotlin-project:kotlin/compiler/frontend/src/org/jetbrains/kotlin/resolve/checkers/InlineParameterChecker.kt':[
44,
],
'kotlin-project:kotlin/compiler/frontend/src/org/jetbrains/kotlin/resolve/inline/InlineAnalyzerExtension.kt':[
57,
],
'kotlin-project:kotlin/compiler/frontend/src/org/jetbrains/kotlin/resolve/lazy/FileScopeFactory.kt':[
267,
],
'kotlin-project:kotlin/compiler/frontend/src/org/jetbrains/kotlin/resolve/lazy/LazyImportScope.kt':[
198,
],
'kotlin-project:kotlin/compiler/frontend/src/org/jetbrains/kotlin/resolve/lazy/descriptors/LazyTypeAliasDescriptor.kt':[
52,
],
'kotlin-project:kotlin/compiler/frontend/src/org/jetbrains/kotlin/types/expressions/DoubleColonExpressionResolver.kt':[
638,
639,
],
'kotlin-project:kotlin/compiler/frontend/src/org/jetbrains/kotlin/util/PerformanceCounter.kt':[
200,
],
'kotlin-project:kotlin/compiler/ir/backend.common/src/org/jetbrains/kotlin/backend/common/TailRecursionCallsCollector.kt':[
135,
],
'kotlin-project:kotlin/compiler/ir/backend.jvm/src/org/jetbrains/kotlin/backend/jvm/codegen/ExpressionCodegen.kt':[
646,
],
'kotlin-project:kotlin/compiler/ir/backend.jvm/src/org/jetbrains/kotlin/backend/jvm/codegen/IrInlineCodegen.kt':[
52,
],
'kotlin-project:kotlin/compiler/ir/ir.psi2ir/src/org/jetbrains/kotlin/psi2ir/generators/BranchingExpressionGenerator.kt':[
144,
145,
],
'kotlin-project:kotlin/compiler/javac-wrapper/src/org/jetbrains/kotlin/javac/JavacWrapper.kt':[
292,
],
'kotlin-project:kotlin/compiler/javac-wrapper/src/org/jetbrains/kotlin/javac/wrappers/symbols/symbolBasedTypes.kt':[
110,
],
'kotlin-project:kotlin/compiler/javac-wrapper/src/org/jetbrains/kotlin/javac/wrappers/trees/TreeBasedClass.kt':[
66,
],
'kotlin-project:kotlin/compiler/light-classes/src/org/jetbrains/kotlin/asJava/duplicateJvmSignatureUtil.kt':[
54,
],
'kotlin-project:kotlin/compiler/light-classes/src/org/jetbrains/kotlin/asJava/elements/KtLightMemberImpl.kt':[
71,
108,
],
'kotlin-project:kotlin/compiler/light-classes/src/org/jetbrains/kotlin/asJava/elements/KtLightMethodImpl.kt':[
114,
],
'kotlin-project:kotlin/compiler/light-classes/src/org/jetbrains/kotlin/asJava/elements/lightAnnotations.kt':[
244,
252,
258,
386,
390,
],
'kotlin-project:kotlin/compiler/resolution/src/org/jetbrains/kotlin/contracts/model/visitors/Reducer.kt':[
55,
55,
],
'kotlin-project:kotlin/compiler/resolution/src/org/jetbrains/kotlin/resolve/multiplatform/ExpectedActualResolver.kt':[
297,
],
'kotlin-project:kotlin/compiler/tests/org/jetbrains/kotlin/jvm/compiler/MemoryOptimizationsTest.kt':[
48,
94,
],
'kotlin-project:kotlin/compiler/tests/org/jetbrains/kotlin/scripts/ScriptTemplateTest.kt':[
320,
],
'kotlin-project:kotlin/compiler/util/src/org/jetbrains/kotlin/config/LanguageVersionSettings.kt':[
277,
],
'kotlin-project:kotlin/core/descriptors.jvm/src/org/jetbrains/kotlin/load/java/descriptors/util.kt':[
82,
],
'kotlin-project:kotlin/core/descriptors.jvm/src/org/jetbrains/kotlin/load/java/lazy/descriptors/LazyJavaClassDescriptor.kt':[
148,
],
'kotlin-project:kotlin/core/descriptors.jvm/src/org/jetbrains/kotlin/load/java/typeEnhancement/signatureEnhancement.kt':[
127,
171,
177,
289,
],
'kotlin-project:kotlin/core/descriptors/src/org/jetbrains/kotlin/descriptors/Modality.kt':[
44,
],
'kotlin-project:kotlin/core/descriptors/src/org/jetbrains/kotlin/descriptors/annotations/Annotations.kt':[
84,
],
'kotlin-project:kotlin/core/descriptors/src/org/jetbrains/kotlin/descriptors/annotations/annotationUtil.kt':[
76,
],
'kotlin-project:kotlin/core/descriptors/src/org/jetbrains/kotlin/resolve/DescriptorUtils.kt':[
424,
425,
],
'kotlin-project:kotlin/core/descriptors/src/org/jetbrains/kotlin/types/checker/NewKotlinTypeChecker.kt':[
301,
],
'kotlin-project:kotlin/core/descriptors/src/org/jetbrains/kotlin/util/modifierChecks.kt':[
177,
],
'kotlin-project:kotlin/core/metadata/src/org/jetbrains/kotlin/metadata/serialization/Interner.kt':[
16,
],
'kotlin-project:kotlin/idea/formatter/src/org/jetbrains/kotlin/idea/formatter/KotlinCommonBlock.kt':[
436,
625,
],
'kotlin-project:kotlin/idea/formatter/src/org/jetbrains/kotlin/idea/formatter/NodeIndentStrategy.kt':[
117,
],
'kotlin-project:kotlin/idea/formatter/src/org/jetbrains/kotlin/idea/formatter/kotlinSpacingRules.kt':[
545,
],
'kotlin-project:kotlin/idea/ide-common/src/org/jetbrains/kotlin/idea/codeInsight/ReferenceVariantsHelper.kt':[
110,
268,
],
'kotlin-project:kotlin/idea/ide-common/src/org/jetbrains/kotlin/resolve/lazy/PartialBodyResolveFilter.kt':[
551,
],
'kotlin-project:kotlin/idea/idea-analysis/src/org/jetbrains/kotlin/idea/caches/resolve/KotlinCacheServiceImpl.kt':[
304,
],
'kotlin-project:kotlin/idea/idea-analysis/src/org/jetbrains/kotlin/idea/highlighter/KotlinHighlightingUtil.kt':[
66,
],
'kotlin-project:kotlin/idea/idea-analysis/src/org/jetbrains/kotlin/idea/highlighter/VariablesHighlightingVisitor.kt':[
44,
98,
],
'kotlin-project:kotlin/idea/idea-analysis/src/org/jetbrains/kotlin/idea/intentions/OperatorToFunctionIntention.kt':[
163,
164,
],
'kotlin-project:kotlin/idea/idea-analysis/src/org/jetbrains/kotlin/idea/project/KotlinCodeBlockModificationListener.kt':[
116,
],
'kotlin-project:kotlin/idea/idea-analysis/src/org/jetbrains/kotlin/idea/project/Platform.kt':[
184,
189,
194,
198,
],
'kotlin-project:kotlin/idea/idea-analysis/src/org/jetbrains/kotlin/idea/project/ResolveElementCache.kt':[
190,
],
'kotlin-project:kotlin/idea/idea-analysis/src/org/jetbrains/kotlin/idea/search/ideaExtensions/KotlinReferencesSearcher.kt':[
169,
],
'kotlin-project:kotlin/idea/idea-analysis/src/org/jetbrains/kotlin/idea/search/usagesSearch/utils.kt':[
177,
],
'kotlin-project:kotlin/idea/idea-analysis/src/org/jetbrains/kotlin/idea/stubindex/IndexUtils.kt':[
78,
],
'kotlin-project:kotlin/idea/idea-analysis/src/org/jetbrains/kotlin/idea/stubindex/resolve/PluginDeclarationProviderFactory.kt':[
140,
143,
],
'kotlin-project:kotlin/idea/idea-analysis/src/org/jetbrains/kotlin/idea/util/ProjectRootsUtil.kt':[
77,
81,
],
'kotlin-project:kotlin/idea/idea-analysis/src/org/jetbrains/kotlin/idea/util/expectActualUtil.kt':[
111,
115,
128,
],
'kotlin-project:kotlin/idea/idea-android/tests/org/jetbrains/kotlin/android/intention/AbstractAndroidResourceIntentionTest.kt':[
49,
],
'kotlin-project:kotlin/idea/idea-completion/src/org/jetbrains/kotlin/idea/completion/BasicCompletionSession.kt':[
203,
],
'kotlin-project:kotlin/idea/idea-completion/src/org/jetbrains/kotlin/idea/completion/CompletionSession.kt':[
171,
281,
],
'kotlin-project:kotlin/idea/idea-completion/src/org/jetbrains/kotlin/idea/completion/DeclarationLookupObjectImpl.kt':[
72,
],
'kotlin-project:kotlin/idea/idea-completion/src/org/jetbrains/kotlin/idea/completion/KeywordValues.kt':[
84,
86,
],
'kotlin-project:kotlin/idea/idea-completion/src/org/jetbrains/kotlin/idea/completion/KotlinCompletionContributor.kt':[
237,
],
'kotlin-project:kotlin/idea/idea-completion/src/org/jetbrains/kotlin/idea/completion/LookupElementFactory.kt':[
371,
],
'kotlin-project:kotlin/idea/idea-completion/src/org/jetbrains/kotlin/idea/completion/LookupElementsCollector.kt':[
109,
],
'kotlin-project:kotlin/idea/idea-completion/src/org/jetbrains/kotlin/idea/completion/Weighers.kt':[
48,
393,
],
'kotlin-project:kotlin/idea/idea-completion/src/org/jetbrains/kotlin/idea/completion/handlers/KotlinClassifierInsertHandler.kt':[
55,
],
'kotlin-project:kotlin/idea/idea-completion/src/org/jetbrains/kotlin/idea/completion/smart/ArrayLiteralsInAnnotationItems.kt':[
37,
54,
],
'kotlin-project:kotlin/idea/idea-completion/src/org/jetbrains/kotlin/idea/completion/smart/SmartCompletion.kt':[
315,
319,
],
'kotlin-project:kotlin/idea/idea-completion/tests/org/jetbrains/kotlin/idea/completion/test/handlers/CompletionHandlerTestBase.kt':[
67,
],
'kotlin-project:kotlin/idea/idea-core/src/org/jetbrains/kotlin/idea/core/ShortenReferences.kt':[
471,
],
'kotlin-project:kotlin/idea/idea-core/src/org/jetbrains/kotlin/idea/core/psiModificationUtils.kt':[
121,
279,
],
'kotlin-project:kotlin/idea/idea-core/src/org/jetbrains/kotlin/idea/core/script/ScriptDependenciesUpdater.kt':[
81,
],
'kotlin-project:kotlin/idea/idea-gradle/src/org/jetbrains/kotlin/idea/configuration/GroovyBuildScriptManipulator.kt':[
290,
],
'kotlin-project:kotlin/idea/idea-gradle/src/org/jetbrains/kotlin/idea/configuration/KotlinGradleProjectResolverExtension.kt':[
70,
],
'kotlin-project:kotlin/idea/idea-gradle/src/org/jetbrains/kotlin/idea/configuration/KotlinGradleSourceSetDataService.kt':[
125,
],
'kotlin-project:kotlin/idea/idea-gradle/src/org/jetbrains/kotlin/idea/inspections/gradle/DeprecatedGradleDependencyInspection.kt':[
104,
],
'kotlin-project:kotlin/idea/idea-gradle/src/org/jetbrains/kotlin/idea/run/MultiplatformGradleProjectTaskRunner.kt':[
58,
],
'kotlin-project:kotlin/idea/idea-gradle/tests/org/jetbrains/kotlin/idea/codeInsight/gradle/GradleFacetImportTest.kt':[
915,
916,
],
'kotlin-project:kotlin/idea/idea-jvm/src/org/jetbrains/kotlin/idea/configuration/ConfigureKotlinInProjectUtils.kt':[
302,
],
'kotlin-project:kotlin/idea/idea-jvm/src/org/jetbrains/kotlin/idea/debugger/evaluate/extractFunctionForDebuggerUtil.kt':[
151,
],
'kotlin-project:kotlin/idea/idea-jvm/src/org/jetbrains/kotlin/idea/debugger/filter/KotlinSyntheticTypeComponentProvider.kt':[
70,
],
'kotlin-project:kotlin/idea/idea-jvm/src/org/jetbrains/kotlin/idea/framework/CustomLibraryDescriptorWithDeferredConfig.kt':[
97,
],
'kotlin-project:kotlin/idea/idea-maven/src/org/jetbrains/kotlin/idea/maven/PomFile.kt':[
490,
495,
],
'kotlin-project:kotlin/idea/idea-maven/test/org/jetbrains/kotlin/idea/maven/KotlinMavenImporterTest.kt':[
1348,
1349,
],
'kotlin-project:kotlin/idea/src/org/jetbrains/kotlin/idea/actions/internal/SearchNotPropertyCandidatesAction.kt':[
112,
],
'kotlin-project:kotlin/idea/src/org/jetbrains/kotlin/idea/codeInliner/CodeInliner.kt':[
330,
331,
334,
],
'kotlin-project:kotlin/idea/src/org/jetbrains/kotlin/idea/codeInliner/CodeToInlineBuilder.kt':[
62,
],
'kotlin-project:kotlin/idea/src/org/jetbrains/kotlin/idea/codeInsight/postfix/KtPostfixTemplateProvider.kt':[
210,
],
'kotlin-project:kotlin/idea/src/org/jetbrains/kotlin/idea/codeInsight/spellchecker/KotlinSpellcheckingStrategy.kt':[
39,
],
'kotlin-project:kotlin/idea/src/org/jetbrains/kotlin/idea/editor/KotlinLiteralCopyPasteProcessor.kt':[
96,
],
'kotlin-project:kotlin/idea/src/org/jetbrains/kotlin/idea/editor/fixers/fixersUtil.kt':[
29,
],
'kotlin-project:kotlin/idea/src/org/jetbrains/kotlin/idea/findUsages/handlers/KotlinFindUsagesHandler.kt':[
136,
],
'kotlin-project:kotlin/idea/src/org/jetbrains/kotlin/idea/highlighter/KotlinRainbowVisitor.kt':[
54,
],
'kotlin-project:kotlin/idea/src/org/jetbrains/kotlin/idea/highlighter/KotlinSuspendCallLineMarkerProvider.kt':[
88,
97,
105,
105,
109,
],
'kotlin-project:kotlin/idea/src/org/jetbrains/kotlin/idea/highlighter/PlatformExpectedAnnotator.kt':[
71,
],
'kotlin-project:kotlin/idea/src/org/jetbrains/kotlin/idea/highlighter/markers/KotlinLineMarkerProvider.kt':[
60,
],
'kotlin-project:kotlin/idea/src/org/jetbrains/kotlin/idea/imports/KotlinImportOptimizer.kt':[
131,
],
'kotlin-project:kotlin/idea/src/org/jetbrains/kotlin/idea/inspections/AddVarianceModifierInspection.kt':[
31,
],
'kotlin-project:kotlin/idea/src/org/jetbrains/kotlin/idea/inspections/CanBeValInspection.kt':[
82,
],
'kotlin-project:kotlin/idea/src/org/jetbrains/kotlin/idea/inspections/DataClassPrivateConstructorInspection.kt':[
19,
],
'kotlin-project:kotlin/idea/src/org/jetbrains/kotlin/idea/inspections/DeprecatedCallableAddReplaceWithInspection.kt':[
120,
],
'kotlin-project:kotlin/idea/src/org/jetbrains/kotlin/idea/inspections/JavaCollectionsStaticMethodInspection.kt':[
57,
],
'kotlin-project:kotlin/idea/src/org/jetbrains/kotlin/idea/inspections/KotlinDoubleNegationInspection.kt':[
23,
],
'kotlin-project:kotlin/idea/src/org/jetbrains/kotlin/idea/inspections/KotlinRedundantOverrideInspection.kt':[
27,
],
'kotlin-project:kotlin/idea/src/org/jetbrains/kotlin/idea/inspections/LeakingThisInspection.kt':[
83,
],
'kotlin-project:kotlin/idea/src/org/jetbrains/kotlin/idea/inspections/LiftReturnOrAssignmentInspection.kt':[
38,
],
'kotlin-project:kotlin/idea/src/org/jetbrains/kotlin/idea/inspections/MayBeConstantInspection.kt':[
68,
],
'kotlin-project:kotlin/idea/src/org/jetbrains/kotlin/idea/inspections/MoveLambdaOutsideParenthesesInspection.kt':[
22,
],
'kotlin-project:kotlin/idea/src/org/jetbrains/kotlin/idea/inspections/NamingConventionInspections.kt':[
32,
36,
78,
154,
228,
],
'kotlin-project:kotlin/idea/src/org/jetbrains/kotlin/idea/inspections/NullChecksToSafeCallInspection.kt':[
98,
],
'kotlin-project:kotlin/idea/src/org/jetbrains/kotlin/idea/inspections/PublicApiImplicitTypeInspection.kt':[
23,
34,
],
'kotlin-project:kotlin/idea/src/org/jetbrains/kotlin/idea/inspections/RecursiveEqualsCallInspection.kt':[
47,
],
'kotlin-project:kotlin/idea/src/org/jetbrains/kotlin/idea/inspections/RedundantGetterInspection.kt':[
36,
],
'kotlin-project:kotlin/idea/src/org/jetbrains/kotlin/idea/inspections/RedundantNotNullExtensionReceiverOfInlineInspection.kt':[
59,
],
'kotlin-project:kotlin/idea/src/org/jetbrains/kotlin/idea/inspections/RedundantSemicolonInspection.kt':[
54,
],
'kotlin-project:kotlin/idea/src/org/jetbrains/kotlin/idea/inspections/RedundantSetterInspection.kt':[
40,
],
'kotlin-project:kotlin/idea/src/org/jetbrains/kotlin/idea/inspections/RedundantUnitReturnTypeInspection.kt':[
25,
],
'kotlin-project:kotlin/idea/src/org/jetbrains/kotlin/idea/inspections/RedundantVisibilityModifierInspection.kt':[
25,
],
'kotlin-project:kotlin/idea/src/org/jetbrains/kotlin/idea/inspections/ReplaceArrayEqualityOpWithArraysEqualsInspection.kt':[
57,
57,
],
'kotlin-project:kotlin/idea/src/org/jetbrains/kotlin/idea/inspections/ReplaceRangeToWithUntilInspection.kt':[
34,
],
'kotlin-project:kotlin/idea/src/org/jetbrains/kotlin/idea/inspections/SimplifyWhenWithBooleanConstantConditionInspection.kt':[
61,
],
'kotlin-project:kotlin/idea/src/org/jetbrains/kotlin/idea/inspections/UnusedSymbolInspection.kt':[
220,
],
'kotlin-project:kotlin/idea/src/org/jetbrains/kotlin/idea/inspections/UseExpressionBodyInspection.kt':[
133,
],
'kotlin-project:kotlin/idea/src/org/jetbrains/kotlin/idea/inspections/WhenWithOnlyElseInspection.kt':[
23,
],
'kotlin-project:kotlin/idea/src/org/jetbrains/kotlin/idea/inspections/branchedTransformations/IfThenToSafeAccessInspection.kt':[
52,
86,
],
'kotlin-project:kotlin/idea/src/org/jetbrains/kotlin/idea/inspections/collections/AbstractCallChainChecker.kt':[
48,
],
'kotlin-project:kotlin/idea/src/org/jetbrains/kotlin/idea/inspections/collections/UselessCallOnNotNullInspection.kt':[
49,
],
'kotlin-project:kotlin/idea/src/org/jetbrains/kotlin/idea/inspections/coroutines/RedundantAsyncInspection.kt':[
35,
],
'kotlin-project:kotlin/idea/src/org/jetbrains/kotlin/idea/intentions/AddJvmOverloadsIntention.kt':[
61,
],
'kotlin-project:kotlin/idea/src/org/jetbrains/kotlin/idea/intentions/AddLabeledReturnInLambdaIntention.kt':[
37,
],
'kotlin-project:kotlin/idea/src/org/jetbrains/kotlin/idea/intentions/ChangeVisibilityModifierIntention.kt':[
44,
52,
],
'kotlin-project:kotlin/idea/src/org/jetbrains/kotlin/idea/intentions/ConvertArrayParameterToVarargIntention.kt':[
34,
],
'kotlin-project:kotlin/idea/src/org/jetbrains/kotlin/idea/intentions/ConvertLambdaToReferenceIntention.kt':[
79,
],
'kotlin-project:kotlin/idea/src/org/jetbrains/kotlin/idea/intentions/ConvertSecondaryConstructorToPrimaryIntention.kt':[
186,
],
'kotlin-project:kotlin/idea/src/org/jetbrains/kotlin/idea/intentions/CreateKotlinSubClassIntention.kt':[
99,
],
'kotlin-project:kotlin/idea/src/org/jetbrains/kotlin/idea/intentions/DestructureIntention.kt':[
291,
],
'kotlin-project:kotlin/idea/src/org/jetbrains/kotlin/idea/intentions/FoldInitializerAndIfToElvisIntention.kt':[
75,
],
'kotlin-project:kotlin/idea/src/org/jetbrains/kotlin/idea/intentions/ImplementAbstractMemberIntention.kt':[
73,
],
'kotlin-project:kotlin/idea/src/org/jetbrains/kotlin/idea/intentions/IntroduceBackingPropertyIntention.kt':[
32,
45,
],
'kotlin-project:kotlin/idea/src/org/jetbrains/kotlin/idea/intentions/JoinDeclarationAndAssignmentIntention.kt':[
71,
87,
],
'kotlin-project:kotlin/idea/src/org/jetbrains/kotlin/idea/intentions/RemoveEmptyPrimaryConstructorIntention.kt':[
41,
42,
],
'kotlin-project:kotlin/idea/src/org/jetbrains/kotlin/idea/intentions/RemoveExplicitTypeIntention.kt':[
56,
63,
],
'kotlin-project:kotlin/idea/src/org/jetbrains/kotlin/idea/intentions/SpecifyTypeExplicitlyIntention.kt':[
95,
111,
],
'kotlin-project:kotlin/idea/src/org/jetbrains/kotlin/idea/intentions/UsePropertyAccessSyntaxIntention.kt':[
171,
],
'kotlin-project:kotlin/idea/src/org/jetbrains/kotlin/idea/intentions/Utils.kt':[
71,
],
'kotlin-project:kotlin/idea/src/org/jetbrains/kotlin/idea/intentions/branchedTransformations/BranchedFoldingUtils.kt':[
103,
143,
149,
],
'kotlin-project:kotlin/idea/src/org/jetbrains/kotlin/idea/intentions/branchedTransformations/IfThenUtils.kt':[
167,
190,
264,
],
'kotlin-project:kotlin/idea/src/org/jetbrains/kotlin/idea/intentions/branchedTransformations/intentions/UnfoldReturnToIfIntention.kt':[
62,
],
'kotlin-project:kotlin/idea/src/org/jetbrains/kotlin/idea/intentions/conventionNameCalls/ConventionUtils.kt':[
27,
],
'kotlin-project:kotlin/idea/src/org/jetbrains/kotlin/idea/intentions/loopToCallChain/commonUtils.kt':[
88,
112,
120,
128,
],
'kotlin-project:kotlin/idea/src/org/jetbrains/kotlin/idea/intentions/loopToCallChain/utils.kt':[
307,
],
'kotlin-project:kotlin/idea/src/org/jetbrains/kotlin/idea/parameterInfo/ArgumentNameHints.kt':[
25,
],
'kotlin-project:kotlin/idea/src/org/jetbrains/kotlin/idea/parameterInfo/LambdaImpicitHints.kt':[
38,
],
'kotlin-project:kotlin/idea/src/org/jetbrains/kotlin/idea/parameterInfo/TypeHints.kt':[
98,
],
'kotlin-project:kotlin/idea/src/org/jetbrains/kotlin/idea/quickfix/AddConstModifierFix.kt':[
73,
],
'kotlin-project:kotlin/idea/src/org/jetbrains/kotlin/idea/quickfix/AddStarProjectionsFix.kt':[
41,
105,
],
'kotlin-project:kotlin/idea/src/org/jetbrains/kotlin/idea/quickfix/MakeOverriddenMemberOpenFix.kt':[
66,
],
'kotlin-project:kotlin/idea/src/org/jetbrains/kotlin/idea/quickfix/MakeVisibleFactory.kt':[
54,
],
'kotlin-project:kotlin/idea/src/org/jetbrains/kotlin/idea/quickfix/NumberConversionFix.kt':[
46,
],
'kotlin-project:kotlin/idea/src/org/jetbrains/kotlin/idea/quickfix/createFromUsage/callableBuilder/CallableInfo.kt':[
187,
],
'kotlin-project:kotlin/idea/src/org/jetbrains/kotlin/idea/quickfix/migration/MigrateExternalExtensionFix.kt':[
267,
272,
],
'kotlin-project:kotlin/idea/src/org/jetbrains/kotlin/idea/refactoring/introduce/extractClass/ui/KotlinExtractInterfaceDialog.kt':[
91,
],
'kotlin-project:kotlin/idea/src/org/jetbrains/kotlin/idea/refactoring/pullUp/JavaToKotlinPreconversionPullUpHelper.kt':[
86,
],
'kotlin-project:kotlin/idea/src/org/jetbrains/kotlin/idea/refactoring/pullUp/pullUpUtils.kt':[
187,
],
'kotlin-project:kotlin/idea/src/org/jetbrains/kotlin/idea/refactoring/rename/AutomaticVariableRenamer.kt':[
66,
],
'kotlin-project:kotlin/idea/src/org/jetbrains/kotlin/idea/refactoring/rename/KotlinMemberInplaceRenameHandler.kt':[
40,
],
'kotlin-project:kotlin/idea/src/org/jetbrains/kotlin/idea/refactoring/rename/RenameKotlinPropertyProcessor.kt':[
454,
],
'kotlin-project:kotlin/idea/src/org/jetbrains/kotlin/idea/refactoring/safeDelete/KotlinSafeDeleteProcessor.kt':[
412,
],
'kotlin-project:kotlin/idea/src/org/jetbrains/kotlin/idea/search/ideaExtensions/KotlinClassesWithAnnotatedMembersSearcher.kt':[
43,
46,
],
'kotlin-project:kotlin/idea/src/org/jetbrains/kotlin/idea/search/ideaExtensions/KotlinDefinitionsSearcher.kt':[
62,
144,
],
'kotlin-project:kotlin/idea/src/org/jetbrains/kotlin/idea/versions/KotlinUpdatePluginComponent.kt':[
38,
],
'kotlin-project:kotlin/idea/tests/org/jetbrains/kotlin/idea/codeInsight/AbstractLineMarkersTest.kt':[
108,
],
'kotlin-project:kotlin/idea/tests/org/jetbrains/kotlin/idea/internal/AbstractBytecodeToolWindowTest.kt':[
35,
],
'kotlin-project:kotlin/idea/tests/org/jetbrains/kotlin/idea/script/AbstractScriptConfigurationTest.kt':[
195,
260,
],
'kotlin-project:kotlin/j2k/src/org/jetbrains/kotlin/j2k/AnnotationConverter.kt':[
57,
],
'kotlin-project:kotlin/j2k/src/org/jetbrains/kotlin/j2k/Converter.kt':[
220,
],
'kotlin-project:kotlin/j2k/src/org/jetbrains/kotlin/j2k/ExpressionConverter.kt':[
357,
],
'kotlin-project:kotlin/j2k/src/org/jetbrains/kotlin/j2k/ForConverter.kt':[
173,
174,
175,
176,
],
'kotlin-project:kotlin/j2k/src/org/jetbrains/kotlin/j2k/ReferenceSearcher.kt':[
69,
75,
],
'kotlin-project:kotlin/j2k/src/org/jetbrains/kotlin/j2k/TypeConverter.kt':[
118,
],
'kotlin-project:kotlin/j2k/src/org/jetbrains/kotlin/j2k/Utils.kt':[
95,
],
'kotlin-project:kotlin/j2k/src/org/jetbrains/kotlin/j2k/propertyDetection.kt':[
88,
120,
189,
189,
210,
212,
],
'kotlin-project:kotlin/jps-plugin/src/org/jetbrains/kotlin/jps/build/KotlinBuilder.kt':[
135,
326,
],
'kotlin-project:kotlin/js/js.frontend/src/org/jetbrains/kotlin/js/resolve/diagnostics/JsDynamicCallChecker.kt':[
94,
],
'kotlin-project:kotlin/js/js.frontend/src/org/jetbrains/kotlin/js/resolve/diagnostics/JsDynamicDeclarationChecker.kt':[
36,
37,
46,
],
'kotlin-project:kotlin/js/js.frontend/src/org/jetbrains/kotlin/js/resolve/diagnostics/JsExternalChecker.kt':[
135,
],
'kotlin-project:kotlin/js/js.inliner/src/org/jetbrains/kotlin/js/inline/FunctionReader.kt':[
229,
],
'kotlin-project:kotlin/js/js.serializer/src/org/jetbrains/kotlin/serialization/js/ast/JsAstSerializer.kt':[
396,
],
'kotlin-project:kotlin/js/js.tests/test/org/jetbrains/kotlin/generators/tests/generateTestDataForReservedWords.kt':[
282,
],
'kotlin-project:kotlin/js/js.tests/test/org/jetbrains/kotlin/js/test/BasicBoxTest.kt':[
648,
],
'kotlin-project:kotlin/js/js.translator/src/org/jetbrains/kotlin/js/translate/callTranslator/CallInfo.kt':[
140,
],
'kotlin-project:kotlin/js/js.translator/src/org/jetbrains/kotlin/js/translate/intrinsic/functions/factories/CoroutineContextFIF.kt':[
48,
],
'kotlin-project:kotlin/libraries/scripting/jvm/src/kotlin/script/experimental/jvm/jvmScriptCompilation.kt':[
26,
],
'kotlin-project:kotlin/libraries/stdlib/common/src/generated/_Collections.kt':[
1852,
],
'kotlin-project:kotlin/libraries/stdlib/common/src/generated/_Ranges.kt':[
65,
73,
81,
89,
105,
113,
121,
129,
153,
161,
185,
193,
201,
241,
],
'kotlin-project:kotlin/libraries/stdlib/common/src/generated/_Sequences.kt':[
1382,
],
'kotlin-project:kotlin/libraries/stdlib/common/src/generated/_Sets.kt':[
28,
],
'kotlin-project:kotlin/libraries/stdlib/jvm/src/kotlin/io/files/FileTreeWalk.kt':[
139,
177,
],
'kotlin-project:kotlin/libraries/stdlib/jvm/src/kotlin/io/files/Utils.kt':[
190,
280,
333,
361,
],
'kotlin-project:kotlin/libraries/stdlib/samples/test/samples/properties/delegates.kt':[
42,
],
'kotlin-project:kotlin/libraries/stdlib/src/kotlin/collections/Sequences.kt':[
246,
],
'kotlin-project:kotlin/libraries/stdlib/test/properties/delegation/DelegationTest.kt':[
53,
],
'kotlin-project:kotlin/libraries/tools/idl2k/src/main/kotlin/render.kt':[
152,
],
'kotlin-project:kotlin/libraries/tools/kotlin-gradle-plugin/src/main/kotlin/org/jetbrains/kotlin/compilerRunner/GradleKotlinCompilerRunner.kt':[
173,
],
'kotlin-project:kotlin/libraries/tools/kotlin-gradle-plugin/src/main/kotlin/org/jetbrains/kotlin/gradle/internal/KaptGenerateStubsTask.kt':[
81,
],
'kotlin-project:kotlin/libraries/tools/kotlin-gradle-plugin/src/main/kotlin/org/jetbrains/kotlin/gradle/internal/KaptTask.kt':[
74,
],
'kotlin-project:kotlin/libraries/tools/kotlin-gradle-plugin/src/main/kotlin/org/jetbrains/kotlin/gradle/plugin/KotlinPlugin.kt':[
608,
],
'kotlin-project:kotlin/libraries/tools/kotlin-stdlib-gen/src/templates/Aggregates.kt':[
243,
],
'kotlin-project:kotlin/libraries/tools/kotlinp/src/org/jetbrains/kotlin/kotlinp/printers.kt':[
331,
],
'kotlin-project:kotlin/plugins/android-extensions/android-extensions-compiler/src/org/jetbrains/kotlin/android/parcel/ParcelableDeclarationChecker.kt':[
87,
],
'kotlin-project:kotlin/plugins/android-extensions/android-extensions-compiler/src/org/jetbrains/kotlin/android/parcel/ParcelableResolveExtension.kt':[
127,
],
'kotlin-project:kotlin/plugins/android-extensions/android-extensions-compiler/src/org/jetbrains/kotlin/android/synthetic/codegen/AbstractAndroidExtensionsExpressionCodegenExtension.kt':[
40,
],
'kotlin-project:kotlin/plugins/kapt3/kapt3-compiler/src/org/jetbrains/kotlin/kapt3/stubs/ClassFileToSourceStubConverter.kt':[
659,
],
'kotlin-project:kotlin/plugins/kapt3/kapt3-compiler/src/org/jetbrains/kotlin/kapt3/stubs/KDocCommentKeeper.kt':[
88,
],
'kotlin-project:kotlin/plugins/uast-kotlin/src/org/jetbrains/uast/kotlin/declarations/KotlinUVariable.kt':[
197,
198,
],
'kotlin-project:kotlin/plugins/uast-kotlin/src/org/jetbrains/uast/kotlin/expressions/KotlinUSimpleReferenceExpression.kt':[
53,
],
'kotlin-project:ktor/ktor-client/ktor-client-features/ktor-client-json/src/io/ktor/client/features/json/JsonFeature.kt':[
38,
48,
],
'kotlin-project:ktor/ktor-http-cio/src/io/ktor/http/cio/CIOMultipartData.kt':[
89,
],
'kotlin-project:ktor/ktor-http-cio/src/io/ktor/http/cio/HttpBody.kt':[
13,
34,
74,
],
'kotlin-project:ktor/ktor-http/src/io/ktor/http/URLUtils.kt':[
29,
],
}
