{
'kotlin-project:corda/node/src/test/kotlin/net/corda/node/messaging/TwoPartyTradeFlowTests.kt':[
280,
],
'kotlin-project:corda/samples/network-visualiser/src/test/kotlin/net/corda/netmap/simulation/IRSSimulationTest.kt':[
11,
],
'kotlin-project:corda/testing/test-utils/src/main/kotlin/net/corda/testing/internal/RigorousMock.kt':[
69,
],
'kotlin-project:intellij-rust/debugger/src/main/kotlin/org/rust/debugger/runconfig/RsDebugRunner.kt':[
190,
],
'kotlin-project:intellij-rust/src/main/kotlin/org/rust/ide/annotator/RsHighlightingAnnotator.kt':[
53,
],
'kotlin-project:intellij-rust/src/main/kotlin/org/rust/ide/formatter/impl/spacing.kt':[
43,
],
'kotlin-project:intellij-rust/src/main/kotlin/org/rust/ide/formatter/settings/RsLanguageCodeStyleSettingsProvider.kt':[
100,
],
'kotlin-project:intellij-rust/src/main/kotlin/org/rust/ide/typing/RsQuoteHandler.kt':[
27,
39,
],
'kotlin-project:intellij-rust/src/main/kotlin/org/rust/ide/utils/SearchByOffset.kt':[
56,
57,
],
'kotlin-project:intellij-rust/src/main/kotlin/org/rust/lang/core/RsPsiPattern.kt':[
71,
],
'kotlin-project:intellij-rust/src/main/kotlin/org/rust/lang/core/lexer/RustEscapesLexer.kt':[
108,
],
'kotlin-project:intellij-rust/src/main/kotlin/org/rust/lang/refactoring/extractFunction/RsExtractFunctionHandlerAction.kt':[
40,
],
'kotlin-project:intellij-rust/src/test/kotlin/org/rust/ide/commenter/RsCommenterTest.kt':[
32,
],
'kotlin-project:intellij-rust/src/test/kotlin/org/rust/ide/formatter/RsAutoIndentTest.kt':[
224,
],
'kotlin-project:intellij-rust/src/test/kotlin/org/rust/ide/formatter/RsFormatterTest.kt':[
114,
],
'kotlin-project:intellij-rust/src/test/kotlin/org/rust/ide/intentions/AddDeriveIntentionTest.kt':[
24,
],
'kotlin-project:intellij-rust/src/test/kotlin/org/rust/ide/surroundWith/statement/RsWithBlockSurrounderTest.kt':[
162,
],
'kotlin-project:intellij-rust/src/test/kotlin/org/rust/ide/typing/RsEnterInStringLiteralHandlerTest.kt':[
213,
],
'kotlin-project:intellij-rust/src/test/kotlin/org/rust/lang/core/resolve/RsTypeAwareGenericResolveTest.kt':[
354,
],
'kotlin-project:kotlin/compiler/frontend/src/org/jetbrains/kotlin/resolve/constants/evaluate/ConstantExpressionEvaluator.kt':[
699,
],
'kotlin-project:kotlin/idea/idea-jvm/src/org/jetbrains/kotlin/idea/debugger/KotlinAlternativeSourceNotificationProvider.kt':[
166,
],
'kotlin-project:kotlin/idea/idea-jvm/src/org/jetbrains/kotlin/idea/debugger/NoStrataPositionManagerHelper.kt':[
165,
],
}
