{
'kotlin-project:kotlin/intellij-rust/src/main/kotlin/org/rust/lang/utils/RsEscapesUtils.kt':[
70,
71,
72,
74,
75,
],
'kotlin-project:kotlin/kotlin/compiler/testData/codegen/box/controlStructures/kt3087.kt':[
4,
],
'kotlin-project:kotlin/kotlin/compiler/testData/codegen/box/when/stringOptimization/duplicatingItemsSameHashCode.kt':[
15,
],
'kotlin-project:kotlin/kotlin/compiler/testData/codegen/bytecodeText/whenStringOptimization/duplicatingItemsSameHashCode.kt':[
10,
],
'kotlin-project:kotlin/kotlin/compiler/testData/diagnostics/tests/sealed/ExhaustiveWhenNegated.kt':[
12,
],
'kotlin-project:kotlin/kotlin/compiler/testData/psi/CallsInWhen.kt':[
10,
],
'kotlin-project:kotlin/kotlin/compiler/testData/psi/ControlStructures.kt':[
26,
],
'kotlin-project:kotlin/kotlin/compiler/testData/psi/NewlinesInParentheses.kt':[
29,
31,
],
'kotlin-project:kotlin/kotlin/core/descriptors/src/org/jetbrains/kotlin/types/Variance.kt':[
41,
],
'kotlin-project:kotlin/kotlin/idea/src/org/jetbrains/kotlin/idea/parameterInfo/KotlinFunctionParameterInfoHandler.kt':[
298,
],
'kotlin-project:kotlin/kotlin/idea/src/org/jetbrains/kotlin/idea/refactoring/move/moveFilesUtil.kt':[
66,
],
'kotlin-project:kotlin/kotlin/idea/testData/findUsages/kotlin/conventions/contains.0.kt':[
14,
],
'kotlin-project:kotlin/kotlin/idea/testData/formatter/ElseOnNewLine.after.inv.kt':[
3,
9,
14,
],
'kotlin-project:kotlin/kotlin/idea/testData/formatter/ElseOnNewLine.after.kt':[
4,
12,
19,
],
'kotlin-project:kotlin/kotlin/idea/testData/formatter/ElseOnNewLine.kt':[
4,
11,
18,
],
'kotlin-project:kotlin/kotlin/idea/testData/inspectionsLocal/branched/introduceWhenSubject/whenWithMultipleConditionTypes.kt':[
10,
],
'kotlin-project:kotlin/kotlin/idea/testData/intentions/branched/ifWhen/ifToWhen/whenWithMultipleConditionTypes.kt':[
8,
],
'kotlin-project:kotlin/kotlin/idea/testData/intentions/branched/ifWhen/whenToIf/whenWithMultipleConditionTypes.kt':[
9,
],
'kotlin-project:kotlin/kotlin/idea/testData/intentions/branched/when/eliminateSubject/whenWithMultipleConditionTypes.kt':[
9,
],
'kotlin-project:kotlin/kotlin/idea/testData/quickfix/typeMismatch/typeMismatchOnReturnedExpression/typeMismatchInIfStatementReturnedByLiteral.kt':[
7,
],
'kotlin-project:kotlin/kotlin/idea/testData/refactoring/rename/renameContainsWithConflicts/before/containsWithConflicts.kt':[
11,
],
'kotlin-project:kotlin/kotlin/j2k/testData/fileOrElement/field/specifyType.kt':[
49,
],
'kotlin-project:kotlin/kotlin/js/js.translator/testData/box/expression/when/whenExecutesOnlyOnce.kt':[
13,
],
'kotlin-project:kotlin/kotlin/plugins/uast-kotlin/testData/WhenIs.kt':[
3,
],
}
